MPLINK 5.00, LINKER
Linker Map File - Created Thu Dec 14 00:16:27 2017

                                 Section Info
                  Section       Type    Address   Location Size(Bytes)
                ---------  ---------  ---------  ---------  ---------
               _entry_scn       code   0x000000    program   0x000006
           .code___init.o       code   0x000006    program   0x000002
               highVector       code   0x000008    program   0x000006
        .idata___init.o_i    romdata   0x00000e    program   0x000000
      .romdata_fxd0808u.o    romdata   0x00000e    program   0x000000
      .idata_fxd0808u.o_i    romdata   0x00000e    program   0x000000
        .romdata___init.o    romdata   0x00000e    program   0x000000
           .idata_cos.o_i    romdata   0x00000e    program   0x000000
           .romdata_cos.o    romdata   0x00000e    program   0x000000
        .idata_sincos.o_i    romdata   0x00000e    program   0x000000
    .romdata_Pong_funcs.o    romdata   0x00000e    program   0x000000
    .idata_Pong_funcs.o_i    romdata   0x00000e    program   0x000008
        .romdata_sincos.o    romdata   0x00000e    program   0x000000
      .idata_UnpkMath.o_i    romdata   0x00000e    program   0x000000
      .romdata_UnpkMath.o    romdata   0x00000e    program   0x000000
         .idata_errno.o_i    romdata   0x00000e    program   0x000000
         .romdata_errno.o    romdata   0x00000e    program   0x000000
          .idata_fabs.o_i    romdata   0x00000e    program   0x000000
          .romdata_main.o    romdata   0x00000e    program   0x000000
          .idata_main.o_i    romdata   0x00000e    program   0x000000
          .romdata_fabs.o    romdata   0x00000e    program   0x000000
.romdata_GLCDroutinesEasyPic.o    romdata   0x00000e    program   0x000000
           .idata_sin.o_i    romdata   0x00000e    program   0x000000
           .romdata_sin.o    romdata   0x00000e    program   0x000000
         .romdata_c018i.o    romdata   0x00000e    program   0x000000
         .idata_c018i.o_i    romdata   0x00000e    program   0x000000
.idata_GLCDroutinesEasyPic.o_i    romdata   0x000016    program   0x000002
                lowVector       code   0x000018    program   0x000006
                   .cinit    romdata   0x00001e    program   0x00001a
       .code_Pong_funcs.o       code   0x000038    program   0x002b20
                     PROG       code   0x002b58    program   0x000624
           .code_sincos.o       code   0x00317c    program   0x0005aa
.code_GLCDroutinesEasyPic.o       code   0x003726    program   0x0001b4
             .code_main.o       code   0x0038da    program   0x000188
         .code_UnpkMath.o       code   0x003a62    program   0x00011c
               _cinit_scn       code   0x003b7e    program   0x00009e
             .code_fabs.o       code   0x003c1c    program   0x000066
              .code_sin.o       code   0x003c82    program   0x000050
              .code_cos.o       code   0x003cd2    program   0x00004e
             D10KTCYXCODE       code   0x003d20    program   0x00002e
                    .code       code   0x003d4e    program   0x000020
             _startup_scn       code   0x003d6e    program   0x00001c
         .code_fxd0808u.o       code   0x003d8a    program   0x00001c
              D10TCYXCODE       code   0x003da6    program   0x000016
            .code_errno.o       code   0x003dbc    program   0x000000
            .code_c018i.o       code   0x003dbc    program   0x000000
    .config_300000_main.o    romdata   0x300000    program   0x000001
    .config_300001_main.o    romdata   0x300001    program   0x000001
    .config_300002_main.o    romdata   0x300002    program   0x000001
    .config_300003_main.o    romdata   0x300003    program   0x000001
    .config_300005_main.o    romdata   0x300005    program   0x000001
                 .tmpdata      udata   0x000000       data   0x000018
                MATH_DATA      udata   0x000018       data   0x000014
                DELAYDAT2      udata   0x00002c       data   0x000001
                DELAYDAT1      udata   0x00002d       data   0x000001
           .udata_c018i.o      udata   0x000060       data   0x00000a
      .idata_Pong_funcs.o      idata   0x00006a       data   0x000008
.idata_GLCDroutinesEasyPic.o      idata   0x000072       data   0x000002
            .idata_fabs.o      idata   0x000074       data   0x000000
            .udata_fabs.o      udata   0x000074       data   0x000000
           .idata_errno.o      idata   0x000074       data   0x000000
        .idata_UnpkMath.o      idata   0x000074       data   0x000000
        .udata_UnpkMath.o      udata   0x000074       data   0x000000
             .udata_sin.o      udata   0x000074       data   0x000000
             .idata_sin.o      idata   0x000074       data   0x000000
          .idata_sincos.o      idata   0x000074       data   0x000000
          .udata_sincos.o      udata   0x000074       data   0x000000
             .idata_cos.o      idata   0x000074       data   0x000000
             .udata_cos.o      udata   0x000074       data   0x000000
          .idata___init.o      idata   0x000074       data   0x000000
          .udata___init.o      udata   0x000074       data   0x000000
        .idata_fxd0808u.o      idata   0x000074       data   0x000000
        .udata_fxd0808u.o      udata   0x000074       data   0x000000
            .idata_main.o      idata   0x000074       data   0x000000
            .udata_main.o      udata   0x000074       data   0x000000
.udata_GLCDroutinesEasyPic.o      udata   0x000074       data   0x000000
           .idata_c018i.o      idata   0x000074       data   0x000000
                   .stack      udata   0x000d00       data   0x000100
      .udata_Pong_funcs.o      udata   0x000f00       data   0x000014
           .udata_errno.o      udata   0x000f14       data   0x000002
              SFR_BANKED0      udata   0x000f16       data   0x00004a
            SFR_UNBANKED0      udata   0x000f60       data   0x0000a0



                              Program Memory Usage 
                               Start         End      
                           ---------   ---------      
                            0x000000    0x003dbb      
                            0x300000    0x300003      
                            0x300005    0x300005      
            15809 out of 132120 program addresses used, program memory utilization is 11%



                              Symbols - Sorted by Name
                     Name    Address   Location    Storage File                     
                ---------  ---------  ---------  --------- ---------                
                ClearGLCD   0x0038a0    program     extern C:\Users\nickm\Documents\CU-Boulder Senior Year\ASEN 4419\Final Project\Arthur_Moore_PONG\GLCDroutinesEasyPic.c
                ClearLine   0x003822    program     extern C:\Users\nickm\Documents\CU-Boulder Senior Year\ASEN 4419\Final Project\Arthur_Moore_PONG\GLCDroutinesEasyPic.c
                   D10K_1   0x003d2c    program     static E:\3.46\pic18-lt\cxx-framework\src\traditional\delays\d10ktcyx.asm
                    D10Kl   0x003d38    program     static E:\3.46\pic18-lt\cxx-framework\src\traditional\delays\d10ktcyx.asm
                    D10Kx   0x003d2a    program     static E:\3.46\pic18-lt\cxx-framework\src\traditional\delays\d10ktcyx.asm
                    D10_1   0x003db6    program     static E:\3.46\pic18-lt\cxx-framework\src\traditional\delays\d10tcyx.asm
                     D10x   0x003dae    program     static E:\3.46\pic18-lt\cxx-framework\src\traditional\delays\d10tcyx.asm
             Delay10KTCYx   0x003d20    program     extern E:\3.46\pic18-lt\cxx-framework\src\traditional\delays\d10ktcyx.asm
              Delay10TCYx   0x003da6    program     extern E:\3.46\pic18-lt\cxx-framework\src\traditional\delays\d10tcyx.asm
                   Enable   0x00374a    program     extern C:\Users\nickm\Documents\CU-Boulder Senior Year\ASEN 4419\Final Project\Arthur_Moore_PONG\GLCDroutinesEasyPic.c
                 FLO0832S   0x002b5c    program     extern E:\3.46\pic18-lt\cxx-framework\src\traditional\math\cast08FP.asm
                 FLO0832U   0x002b58    program     extern E:\3.46\pic18-lt\cxx-framework\src\traditional\math\cast08FP.asm
                 FLO1632S   0x002fae    program     extern E:\3.46\pic18-lt\cxx-framework\src\traditional\math\cast16FP.asm
                 FLO1632U   0x002faa    program     extern E:\3.46\pic18-lt\cxx-framework\src\traditional\math\cast16FP.asm
                 FLO3232S   0x002fd8    program     extern E:\3.46\pic18-lt\cxx-framework\src\traditional\math\cast32FP.asm
                 FLO3232U   0x002fd4    program     extern E:\3.46\pic18-lt\cxx-framework\src\traditional\math\cast32FP.asm
                    FPA32   0x002b7c    program     extern E:\3.46\pic18-lt\cxx-framework\src\traditional\math\addFP.asm
                    FPD32   0x00300a    program     extern E:\3.46\pic18-lt\cxx-framework\src\traditional\math\divFP.asm
                    FPM32   0x002ca8    program     extern E:\3.46\pic18-lt\cxx-framework\src\traditional\math\mulFP.asm
                    FPS32   0x002b7a    program     extern E:\3.46\pic18-lt\cxx-framework\src\traditional\math\addFP.asm
                 FXD0808U   0x003d8a    program     extern E:\3.46\pic18-lt\cxx-framework\src\traditional\math\fxd0808u.c
                 HiPriISR   0x003988    program     extern C:\Users\nickm\Documents\CU-Boulder Senior Year\ASEN 4419\Final Project\Arthur_Moore_PONG\main.c
                  INT3208   0x002d82    program     extern E:\3.46\pic18-lt\cxx-framework\src\traditional\math\castFP08.asm
                  INT3216   0x0030b0    program     extern E:\3.46\pic18-lt\cxx-framework\src\traditional\math\castFP16.asm
                  INT3232   0x00310e    program     extern E:\3.46\pic18-lt\cxx-framework\src\traditional\math\castFP32.asm
                 InitGLCD   0x003764    program     extern C:\Users\nickm\Documents\CU-Boulder Senior Year\ASEN 4419\Final Project\Arthur_Moore_PONG\GLCDroutinesEasyPic.c
                  Initial   0x0038ee    program     extern C:\Users\nickm\Documents\CU-Boulder Senior Year\ASEN 4419\Final Project\Arthur_Moore_PONG\main.c
             Initial_ball   0x0000b8    program     extern C:\Users\nickm\Documents\CU-Boulder Senior Year\ASEN 4419\Final Project\Arthur_Moore_PONG\Pong_funcs.c
           Initial_screen   0x000038    program     extern C:\Users\nickm\Documents\CU-Boulder Senior Year\ASEN 4419\Final Project\Arthur_Moore_PONG\Pong_funcs.c
                 LoPriISR   0x003996    program     extern C:\Users\nickm\Documents\CU-Boulder Senior Year\ASEN 4419\Final Project\Arthur_Moore_PONG\main.c
                SetColumn   0x00377a    program     extern C:\Users\nickm\Documents\CU-Boulder Senior Year\ASEN 4419\Final Project\Arthur_Moore_PONG\GLCDroutinesEasyPic.c
                SetCursor   0x0037fe    program     extern C:\Users\nickm\Documents\CU-Boulder Senior Year\ASEN 4419\Final Project\Arthur_Moore_PONG\GLCDroutinesEasyPic.c
                  SetPage   0x0037cc    program     extern C:\Users\nickm\Documents\CU-Boulder Senior Year\ASEN 4419\Final Project\Arthur_Moore_PONG\GLCDroutinesEasyPic.c
                  TAGTB32   0x002dd0    program     extern E:\3.46\pic18-lt\cxx-framework\src\traditional\math\gtFP.asm
                  TALTB32   0x002de2    program     extern E:\3.46\pic18-lt\cxx-framework\src\traditional\math\ltFP.asm
              TMR0handler   0x002b54    program     extern C:\Users\nickm\Documents\CU-Boulder Senior Year\ASEN 4419\Final Project\Arthur_Moore_PONG\Pong_funcs.c
              TMR1handler   0x001246    program     extern C:\Users\nickm\Documents\CU-Boulder Senior Year\ASEN 4419\Final Project\Arthur_Moore_PONG\Pong_funcs.c
              TMR3handler   0x001258    program     extern C:\Users\nickm\Documents\CU-Boulder Senior Year\ASEN 4419\Final Project\Arthur_Moore_PONG\Pong_funcs.c
              TMR5handler   0x0012a4    program     extern C:\Users\nickm\Documents\CU-Boulder Senior Year\ASEN 4419\Final Project\Arthur_Moore_PONG\Pong_funcs.c
                WriteData   0x003726    program     extern C:\Users\nickm\Documents\CU-Boulder Senior Year\ASEN 4419\Final Project\Arthur_Moore_PONG\GLCDroutinesEasyPic.c
       _D10KTCYXCODE_0010   0x003d30    program     static E:\3.46\pic18-lt\cxx-framework\src\traditional\delays\d10ktcyx.asm
       _D10KTCYXCODE_001C   0x003d3c    program     static E:\3.46\pic18-lt\cxx-framework\src\traditional\delays\d10ktcyx.asm
        _D10TCYXCODE_000A   0x003db0    program     static E:\3.46\pic18-lt\cxx-framework\src\traditional\delays\d10tcyx.asm
        _D10TCYXCODE_000C   0x003db2    program     static E:\3.46\pic18-lt\cxx-framework\src\traditional\delays\d10tcyx.asm
        _D10TCYXCODE_000E   0x003db4    program     static E:\3.46\pic18-lt\cxx-framework\src\traditional\delays\d10tcyx.asm
                _UnpkMath   0x003a62    program     extern E:\3.46\pic18-lt\cxx-framework\src\traditional\stdclib\UnpkMath.c
              __FpCompare   0x002df4    program     extern E:\3.46\pic18-lt\cxx-framework\src\traditional\math\compFP.asm
                 __FpExit   0x002eaa    program     extern E:\3.46\pic18-lt\cxx-framework\src\traditional\math\packFP.asm
                 __FpPack   0x002ed6    program     extern E:\3.46\pic18-lt\cxx-framework\src\traditional\math\packFP.asm
            __FpReturnNaN   0x002e9e    program     extern E:\3.46\pic18-lt\cxx-framework\src\traditional\math\packFP.asm
         __FpReturnNegInf   0x002eb0    program     extern E:\3.46\pic18-lt\cxx-framework\src\traditional\math\packFP.asm
        __FpReturnNegZero   0x002ec8    program     extern E:\3.46\pic18-lt\cxx-framework\src\traditional\math\packFP.asm
         __FpReturnPosInf   0x002eb6    program     extern E:\3.46\pic18-lt\cxx-framework\src\traditional\math\packFP.asm
        __FpReturnPosZero   0x002ed0    program     extern E:\3.46\pic18-lt\cxx-framework\src\traditional\math\packFP.asm
        __FpReturnSignInf   0x002eac    program     extern E:\3.46\pic18-lt\cxx-framework\src\traditional\math\packFP.asm
       __FpReturnSignZero   0x002ec4    program     extern E:\3.46\pic18-lt\cxx-framework\src\traditional\math\packFP.asm
              __FpReturnW   0x002f2e    program     extern E:\3.46\pic18-lt\cxx-framework\src\traditional\math\packFP.asm
              __FpUnPackA   0x002f4e    program     extern E:\3.46\pic18-lt\cxx-framework\src\traditional\math\UnpackFP.asm
              __FpUnPackB   0x002f7e    program     extern E:\3.46\pic18-lt\cxx-framework\src\traditional\math\UnpackFP.asm
       ___return_lbl00000   0x003da4    program     static                          
       ___return_lbl00000   0x003742    program     static                          
       ___return_lbl00000   0x000004    program     static                          
       ___return_lbl00000   0x00000c    program     static                          
       ___return_lbl00001   0x003d88    program     static                          
       ___return_lbl00001   0x00001c    program     static                          
       ___return_lbl00002   0x003c1a    program     static                          
               __config_0   0x300000    program     static C:\Users\nickm\Documents\CU-Boulder Senior Year\ASEN 4419\Final Project\Arthur_Moore_PONG\main.c
               __config_1   0x300001    program     static C:\Users\nickm\Documents\CU-Boulder Senior Year\ASEN 4419\Final Project\Arthur_Moore_PONG\main.c
               __config_2   0x300002    program     static C:\Users\nickm\Documents\CU-Boulder Senior Year\ASEN 4419\Final Project\Arthur_Moore_PONG\main.c
               __config_3   0x300003    program     static C:\Users\nickm\Documents\CU-Boulder Senior Year\ASEN 4419\Final Project\Arthur_Moore_PONG\main.c
               __config_4   0x300005    program     static C:\Users\nickm\Documents\CU-Boulder Senior Year\ASEN 4419\Final Project\Arthur_Moore_PONG\main.c
                   __init   0x000006    program     extern E:\3.46\pic18-lt\cxx-framework\src\traditional\stdclib\__init.c
                   __pa_0   0x003b70    program     static E:\3.46\pic18-lt\cxx-framework\src\traditional\stdclib\UnpkMath.c
                   __pa_0   0x00356a    program     static E:\3.46\pic18-lt\cxx-framework\src\traditional\stdclib\sincos.c
                   __pa_1   0x003582    program     static E:\3.46\pic18-lt\cxx-framework\src\traditional\stdclib\sincos.c
                  __pa_10   0x00363e    program     static E:\3.46\pic18-lt\cxx-framework\src\traditional\stdclib\sincos.c
                  __pa_11   0x003650    program     static E:\3.46\pic18-lt\cxx-framework\src\traditional\stdclib\sincos.c
                  __pa_12   0x00365e    program     static E:\3.46\pic18-lt\cxx-framework\src\traditional\stdclib\sincos.c
                  __pa_13   0x003664    program     static E:\3.46\pic18-lt\cxx-framework\src\traditional\stdclib\sincos.c
                  __pa_14   0x00367e    program     static E:\3.46\pic18-lt\cxx-framework\src\traditional\stdclib\sincos.c
                  __pa_15   0x003690    program     static E:\3.46\pic18-lt\cxx-framework\src\traditional\stdclib\sincos.c
                  __pa_16   0x0036b4    program     static E:\3.46\pic18-lt\cxx-framework\src\traditional\stdclib\sincos.c
                  __pa_17   0x0036c6    program     static E:\3.46\pic18-lt\cxx-framework\src\traditional\stdclib\sincos.c
                  __pa_18   0x0036d4    program     static E:\3.46\pic18-lt\cxx-framework\src\traditional\stdclib\sincos.c
                  __pa_19   0x0036e6    program     static E:\3.46\pic18-lt\cxx-framework\src\traditional\stdclib\sincos.c
                   __pa_2   0x00359e    program     static E:\3.46\pic18-lt\cxx-framework\src\traditional\stdclib\sincos.c
                  __pa_20   0x0036f6    program     static E:\3.46\pic18-lt\cxx-framework\src\traditional\stdclib\sincos.c
                  __pa_21   0x003702    program     static E:\3.46\pic18-lt\cxx-framework\src\traditional\stdclib\sincos.c
                  __pa_22   0x00370c    program     static E:\3.46\pic18-lt\cxx-framework\src\traditional\stdclib\sincos.c
                  __pa_23   0x003714    program     static E:\3.46\pic18-lt\cxx-framework\src\traditional\stdclib\sincos.c
                  __pa_24   0x00371a    program     static E:\3.46\pic18-lt\cxx-framework\src\traditional\stdclib\sincos.c
                   __pa_3   0x0035b8    program     static E:\3.46\pic18-lt\cxx-framework\src\traditional\stdclib\sincos.c
                   __pa_4   0x0035c2    program     static E:\3.46\pic18-lt\cxx-framework\src\traditional\stdclib\sincos.c
                   __pa_5   0x0035d8    program     static E:\3.46\pic18-lt\cxx-framework\src\traditional\stdclib\sincos.c
                   __pa_6   0x0035ee    program     static E:\3.46\pic18-lt\cxx-framework\src\traditional\stdclib\sincos.c
                   __pa_7   0x003600    program     static E:\3.46\pic18-lt\cxx-framework\src\traditional\stdclib\sincos.c
                   __pa_8   0x00361a    program     static E:\3.46\pic18-lt\cxx-framework\src\traditional\stdclib\sincos.c
                   __pa_9   0x003634    program     static E:\3.46\pic18-lt\cxx-framework\src\traditional\stdclib\sincos.c
              __tmplbl_22   0x0010ba    program     static                          
              __tmplbl_32   0x002144    program     static                          
            __zero_memory   0x003d4e    program     extern E:\3.46\pic18-lt\cxx-framework\src\traditional\proc\p18f87k22.asm
                _do_cinit   0x003b7e    program     extern E:\3.46\pic18-lt\cxx-framework\src\traditional\startup\c018i.c
                   _entry   0x000000    program     extern E:\3.46\pic18-lt\cxx-framework\src\traditional\startup\c018i.c
                  _sincos   0x00317c    program     extern E:\3.46\pic18-lt\cxx-framework\src\traditional\stdclib\sincos.c
                 _startup   0x003d6e    program     extern E:\3.46\pic18-lt\cxx-framework\src\traditional\startup\c018i.c
             atHighVector   0x000008    program     extern C:\Users\nickm\Documents\CU-Boulder Senior Year\ASEN 4419\Final Project\Arthur_Moore_PONG\main.c
              atLowVector   0x000018    program     extern C:\Users\nickm\Documents\CU-Boulder Senior Year\ASEN 4419\Final Project\Arthur_Moore_PONG\main.c
               begin_game   0x002158    program     extern C:\Users\nickm\Documents\CU-Boulder Senior Year\ASEN 4419\Final Project\Arthur_Moore_PONG\Pong_funcs.c
              check_reset   0x0017b4    program     extern C:\Users\nickm\Documents\CU-Boulder Senior Year\ASEN 4419\Final Project\Arthur_Moore_PONG\Pong_funcs.c
             clear_paddle   0x00161c    program     extern C:\Users\nickm\Documents\CU-Boulder Senior Year\ASEN 4419\Final Project\Arthur_Moore_PONG\Pong_funcs.c
                compare_l   0x003d64    program     static E:\3.46\pic18-lt\cxx-framework\src\traditional\proc\p18f87k22.asm
                copy_loop   0x003bf0    program     static                          
            copy_one_byte   0x003bf6    program     static                          
                      cos   0x003cd2    program     extern E:\3.46\pic18-lt\cxx-framework\src\traditional\stdclib\cos.c
                     done   0x003c1a    program     static                          
             done_copying   0x003c04    program     static                          
                 end_game   0x0017fa    program     extern C:\Users\nickm\Documents\CU-Boulder Senior Year\ASEN 4419\Final Project\Arthur_Moore_PONG\Pong_funcs.c
                  endloop   0x003da0    program     static                          
                     fabs   0x003c1c    program     extern E:\3.46\pic18-lt\cxx-framework\src\traditional\stdclib\fabs.c
              goal_scored   0x0010ce    program     extern C:\Users\nickm\Documents\CU-Boulder Senior Year\ASEN 4419\Final Project\Arthur_Moore_PONG\Pong_funcs.c
                 jANotInf   0x002ba4    program     static E:\3.46\pic18-lt\cxx-framework\src\traditional\math\addFP.asm
                 jANotInf   0x002cc6    program     static E:\3.46\pic18-lt\cxx-framework\src\traditional\math\mulFP.asm
                 jANotInf   0x003028    program     static E:\3.46\pic18-lt\cxx-framework\src\traditional\math\divFP.asm
                 jANotNeg   0x002c38    program     static E:\3.46\pic18-lt\cxx-framework\src\traditional\math\addFP.asm
                jANotZero   0x00303c    program     static E:\3.46\pic18-lt\cxx-framework\src\traditional\math\divFP.asm
              jAandWsetup   0x002c08    program     static E:\3.46\pic18-lt\cxx-framework\src\traditional\math\addFP.asm
                  jAisNeg   0x002e70    program     static E:\3.46\pic18-lt\cxx-framework\src\traditional\math\compFP.asm
                 jAltBexp   0x002bf6    program     static E:\3.46\pic18-lt\cxx-framework\src\traditional\math\addFP.asm
                jBANotInf   0x002b9a    program     static E:\3.46\pic18-lt\cxx-framework\src\traditional\math\addFP.asm
                 jBNotInf   0x002bb2    program     static E:\3.46\pic18-lt\cxx-framework\src\traditional\math\addFP.asm
              jBothFinite   0x002cd4    program     static E:\3.46\pic18-lt\cxx-framework\src\traditional\math\mulFP.asm
             jBothNotZero   0x002e12    program     static E:\3.46\pic18-lt\cxx-framework\src\traditional\math\compFP.asm
             jBothNotZero   0x002ce0    program     static E:\3.46\pic18-lt\cxx-framework\src\traditional\math\mulFP.asm
            jDifOrPosSign   0x002bc6    program     static E:\3.46\pic18-lt\cxx-framework\src\traditional\math\addFP.asm
                      jEQ   0x002e2e    program     static E:\3.46\pic18-lt\cxx-framework\src\traditional\math\compFP.asm
                    jExch   0x002e3a    program     static E:\3.46\pic18-lt\cxx-framework\src\traditional\math\compFP.asm
                    jExit   0x00310c    program     static E:\3.46\pic18-lt\cxx-framework\src\traditional\math\castFP16.asm
                    jExit   0x00317a    program     static E:\3.46\pic18-lt\cxx-framework\src\traditional\math\castFP32.asm
                    jExit   0x002dce    program     static E:\3.46\pic18-lt\cxx-framework\src\traditional\math\castFP08.asm
                   jExpEQ   0x002e80    program     static E:\3.46\pic18-lt\cxx-framework\src\traditional\math\compFP.asm
                   jFinal   0x002e64    program     static E:\3.46\pic18-lt\cxx-framework\src\traditional\math\compFP.asm
               jFinalSign   0x002ca0    program     static E:\3.46\pic18-lt\cxx-framework\src\traditional\math\addFP.asm
                jHaveZero   0x002cdc    program     static E:\3.46\pic18-lt\cxx-framework\src\traditional\math\mulFP.asm
                jI2F08Beg   0x002b66    program     static E:\3.46\pic18-lt\cxx-framework\src\traditional\math\cast08FP.asm
                jI2F16Beg   0x002fbe    program     static E:\3.46\pic18-lt\cxx-framework\src\traditional\math\cast16FP.asm
                jI2F32Beg   0x002ff0    program     static E:\3.46\pic18-lt\cxx-framework\src\traditional\math\cast32FP.asm
                    jLoop   0x003064    program     static E:\3.46\pic18-lt\cxx-framework\src\traditional\math\divFP.asm
                    jLoop   0x00314e    program     static E:\3.46\pic18-lt\cxx-framework\src\traditional\math\castFP32.asm
                    jLoop   0x0030ec    program     static E:\3.46\pic18-lt\cxx-framework\src\traditional\math\castFP16.asm
                    jLoop   0x002db6    program     static E:\3.46\pic18-lt\cxx-framework\src\traditional\math\castFP08.asm
                jLoopExit   0x0030fc    program     static E:\3.46\pic18-lt\cxx-framework\src\traditional\math\castFP16.asm
                jLoopExit   0x002dc4    program     static E:\3.46\pic18-lt\cxx-framework\src\traditional\math\castFP08.asm
                jLoopExit   0x003162    program     static E:\3.46\pic18-lt\cxx-framework\src\traditional\math\castFP32.asm
                     jMax   0x0030c0    program     static E:\3.46\pic18-lt\cxx-framework\src\traditional\math\castFP16.asm
                     jMax   0x002d92    program     static E:\3.46\pic18-lt\cxx-framework\src\traditional\math\castFP08.asm
                     jMax   0x00311e    program     static E:\3.46\pic18-lt\cxx-framework\src\traditional\math\castFP32.asm
                  jMaxNeg   0x0030ce    program     static E:\3.46\pic18-lt\cxx-framework\src\traditional\math\castFP16.asm
                  jMaxNeg   0x003130    program     static E:\3.46\pic18-lt\cxx-framework\src\traditional\math\castFP32.asm
                  jMaxNeg   0x002d9c    program     static E:\3.46\pic18-lt\cxx-framework\src\traditional\math\castFP08.asm
                  jMaxPos   0x0030c4    program     static E:\3.46\pic18-lt\cxx-framework\src\traditional\math\castFP16.asm
                  jMaxPos   0x002d96    program     static E:\3.46\pic18-lt\cxx-framework\src\traditional\math\castFP08.asm
                  jMaxPos   0x003122    program     static E:\3.46\pic18-lt\cxx-framework\src\traditional\math\castFP32.asm
                      jNE   0x002e32    program     static E:\3.46\pic18-lt\cxx-framework\src\traditional\math\compFP.asm
                    jNext   0x00308a    program     static E:\3.46\pic18-lt\cxx-framework\src\traditional\math\divFP.asm
                jNoAdjust   0x003088    program     static E:\3.46\pic18-lt\cxx-framework\src\traditional\math\divFP.asm
                  jNoExch   0x002e5a    program     static E:\3.46\pic18-lt\cxx-framework\src\traditional\math\compFP.asm
             jNotBothZero   0x002bca    program     static E:\3.46\pic18-lt\cxx-framework\src\traditional\math\addFP.asm
                  jNotInf   0x00313c    program     static E:\3.46\pic18-lt\cxx-framework\src\traditional\math\castFP32.asm
                  jNotInf   0x002da6    program     static E:\3.46\pic18-lt\cxx-framework\src\traditional\math\castFP08.asm
                  jNotInf   0x0030dc    program     static E:\3.46\pic18-lt\cxx-framework\src\traditional\math\castFP16.asm
                  jPkLoop   0x002ee4    program     static E:\3.46\pic18-lt\cxx-framework\src\traditional\math\packFP.asm
             jPkRoundDone   0x002f2e    program     static E:\3.46\pic18-lt\cxx-framework\src\traditional\math\packFP.asm
               jPkRoundIt   0x002f16    program     static E:\3.46\pic18-lt\cxx-framework\src\traditional\math\packFP.asm
             jPkShiftDone   0x002f00    program     static E:\3.46\pic18-lt\cxx-framework\src\traditional\math\packFP.asm
           jReturnPosInf0   0x002eba    program     static E:\3.46\pic18-lt\cxx-framework\src\traditional\math\packFP.asm
                  jRotate   0x002e8c    program     static E:\3.46\pic18-lt\cxx-framework\src\traditional\math\compFP.asm
                   jShift   0x002e76    program     static E:\3.46\pic18-lt\cxx-framework\src\traditional\math\compFP.asm
               jShiftDone   0x002c60    program     static E:\3.46\pic18-lt\cxx-framework\src\traditional\math\addFP.asm
               jShiftLoop   0x002c52    program     static E:\3.46\pic18-lt\cxx-framework\src\traditional\math\addFP.asm
                jSignDone   0x002c90    program     static E:\3.46\pic18-lt\cxx-framework\src\traditional\math\addFP.asm
              jSignedZero   0x003032    program     static E:\3.46\pic18-lt\cxx-framework\src\traditional\math\divFP.asm
                 jSignsEQ   0x002e16    program     static E:\3.46\pic18-lt\cxx-framework\src\traditional\math\compFP.asm
                  jUnpkA1   0x002f58    program     static E:\3.46\pic18-lt\cxx-framework\src\traditional\math\UnpackFP.asm
                  jUnpkA2   0x002f70    program     static E:\3.46\pic18-lt\cxx-framework\src\traditional\math\UnpackFP.asm
                 jUnpkANZ   0x002f66    program     static E:\3.46\pic18-lt\cxx-framework\src\traditional\math\UnpackFP.asm
                  jUnpkB1   0x002f88    program     static E:\3.46\pic18-lt\cxx-framework\src\traditional\math\UnpackFP.asm
                  jUnpkB2   0x002fa0    program     static E:\3.46\pic18-lt\cxx-framework\src\traditional\math\UnpackFP.asm
                 jUnpkBNZ   0x002f96    program     static E:\3.46\pic18-lt\cxx-framework\src\traditional\math\UnpackFP.asm
                 jUnpkNaN   0x002f7a    program     static E:\3.46\pic18-lt\cxx-framework\src\traditional\math\UnpackFP.asm
                 jWNotNeg   0x002c4c    program     static E:\3.46\pic18-lt\cxx-framework\src\traditional\math\addFP.asm
                   jWr123   0x003128    program     static E:\3.46\pic18-lt\cxx-framework\src\traditional\math\castFP32.asm
                  jWrZ123   0x003138    program     static E:\3.46\pic18-lt\cxx-framework\src\traditional\math\castFP32.asm
                    jZero   0x003136    program     static E:\3.46\pic18-lt\cxx-framework\src\traditional\math\castFP32.asm
                    jZero   0x0030d6    program     static E:\3.46\pic18-lt\cxx-framework\src\traditional\math\castFP16.asm
                    jZero   0x002da2    program     static E:\3.46\pic18-lt\cxx-framework\src\traditional\math\castFP08.asm
               jZero1and2   0x002ebe    program     static E:\3.46\pic18-lt\cxx-framework\src\traditional\math\packFP.asm
                     loop   0x003d92    program     static                          
                     loop   0x003d7e    program     static                          
                   loop_h   0x003d5c    program     static E:\3.46\pic18-lt\cxx-framework\src\traditional\proc\p18f87k22.asm
                   loop_l   0x003d66    program     static E:\3.46\pic18-lt\cxx-framework\src\traditional\proc\p18f87k22.asm
                     main   0x0038da    program     extern C:\Users\nickm\Documents\CU-Boulder Senior Year\ASEN 4419\Final Project\Arthur_Moore_PONG\main.c
           paddle_reflect   0x001544    program     extern C:\Users\nickm\Documents\CU-Boulder Senior Year\ASEN 4419\Final Project\Arthur_Moore_PONG\Pong_funcs.c
             print_paddle   0x0012f0    program     extern C:\Users\nickm\Documents\CU-Boulder Senior Year\ASEN 4419\Final Project\Arthur_Moore_PONG\Pong_funcs.c
              score_board   0x001116    program     extern C:\Users\nickm\Documents\CU-Boulder Senior Year\ASEN 4419\Final Project\Arthur_Moore_PONG\Pong_funcs.c
                      sin   0x003c82    program     extern E:\3.46\pic18-lt\cxx-framework\src\traditional\stdclib\sin.c
                     test   0x003b98    program     static                          
       total_paddle_clear   0x001736    program     extern C:\Users\nickm\Documents\CU-Boulder Senior Year\ASEN 4419\Final Project\Arthur_Moore_PONG\Pong_funcs.c
              update_ball   0x00020c    program     extern C:\Users\nickm\Documents\CU-Boulder Senior Year\ASEN 4419\Final Project\Arthur_Moore_PONG\Pong_funcs.c
           update_paddles   0x0011d0    program     extern C:\Users\nickm\Documents\CU-Boulder Senior Year\ASEN 4419\Final Project\Arthur_Moore_PONG\Pong_funcs.c
               zero_block   0x003d5c    program     static E:\3.46\pic18-lt\cxx-framework\src\traditional\proc\p18f87k22.asm
                   ADCON0   0x000fc2       data     extern E:\3.46\pic18-lt\cxx-framework\src\traditional\proc\p18f87k22.asm
               ADCON0bits   0x000fc2       data     extern E:\3.46\pic18-lt\cxx-framework\src\traditional\proc\p18f87k22.asm
                   ADCON1   0x000fc1       data     extern E:\3.46\pic18-lt\cxx-framework\src\traditional\proc\p18f87k22.asm
               ADCON1bits   0x000fc1       data     extern E:\3.46\pic18-lt\cxx-framework\src\traditional\proc\p18f87k22.asm
                   ADCON2   0x000fc0       data     extern E:\3.46\pic18-lt\cxx-framework\src\traditional\proc\p18f87k22.asm
               ADCON2bits   0x000fc0       data     extern E:\3.46\pic18-lt\cxx-framework\src\traditional\proc\p18f87k22.asm
                ADCResult   0x000f0f       data     extern C:\Users\nickm\Documents\CU-Boulder Senior Year\ASEN 4419\Final Project\Arthur_Moore_PONG\Pong_funcs.c
                    ADRES   0x000fc3       data     extern E:\3.46\pic18-lt\cxx-framework\src\traditional\proc\p18f87k22.asm
                   ADRESH   0x000fc4       data     extern E:\3.46\pic18-lt\cxx-framework\src\traditional\proc\p18f87k22.asm
                   ADRESL   0x000fc3       data     extern E:\3.46\pic18-lt\cxx-framework\src\traditional\proc\p18f87k22.asm
                  ALRMCFG   0x000f5b       data     extern E:\3.46\pic18-lt\cxx-framework\src\traditional\proc\p18f87k22.asm
              ALRMCFGbits   0x000f5b       data     extern E:\3.46\pic18-lt\cxx-framework\src\traditional\proc\p18f87k22.asm
                  ALRMRPT   0x000f5a       data     extern E:\3.46\pic18-lt\cxx-framework\src\traditional\proc\p18f87k22.asm
              ALRMRPTbits   0x000f5a       data     extern E:\3.46\pic18-lt\cxx-framework\src\traditional\proc\p18f87k22.asm
                  ALRMVAL   0x000f58       data     extern E:\3.46\pic18-lt\cxx-framework\src\traditional\proc\p18f87k22.asm
                 ALRMVALH   0x000f59       data     extern E:\3.46\pic18-lt\cxx-framework\src\traditional\proc\p18f87k22.asm
                 ALRMVALL   0x000f58       data     extern E:\3.46\pic18-lt\cxx-framework\src\traditional\proc\p18f87k22.asm
                   ANCON0   0x000f25       data     extern E:\3.46\pic18-lt\cxx-framework\src\traditional\proc\p18f87k22.asm
               ANCON0bits   0x000f25       data     extern E:\3.46\pic18-lt\cxx-framework\src\traditional\proc\p18f87k22.asm
                   ANCON1   0x000f24       data     extern E:\3.46\pic18-lt\cxx-framework\src\traditional\proc\p18f87k22.asm
               ANCON1bits   0x000f24       data     extern E:\3.46\pic18-lt\cxx-framework\src\traditional\proc\p18f87k22.asm
                   ANCON2   0x000f23       data     extern E:\3.46\pic18-lt\cxx-framework\src\traditional\proc\p18f87k22.asm
               ANCON2bits   0x000f23       data     extern E:\3.46\pic18-lt\cxx-framework\src\traditional\proc\p18f87k22.asm
                  BAUDCON   0x000f65       data     extern E:\3.46\pic18-lt\cxx-framework\src\traditional\proc\p18f87k22.asm
                 BAUDCON1   0x000f65       data     extern E:\3.46\pic18-lt\cxx-framework\src\traditional\proc\p18f87k22.asm
             BAUDCON1bits   0x000f65       data     extern E:\3.46\pic18-lt\cxx-framework\src\traditional\proc\p18f87k22.asm
                 BAUDCON2   0x000f20       data     extern E:\3.46\pic18-lt\cxx-framework\src\traditional\proc\p18f87k22.asm
             BAUDCON2bits   0x000f20       data     extern E:\3.46\pic18-lt\cxx-framework\src\traditional\proc\p18f87k22.asm
              BAUDCONbits   0x000f65       data     extern E:\3.46\pic18-lt\cxx-framework\src\traditional\proc\p18f87k22.asm
                  BAUDCTL   0x000f65       data     extern E:\3.46\pic18-lt\cxx-framework\src\traditional\proc\p18f87k22.asm
              BAUDCTLbits   0x000f65       data     extern E:\3.46\pic18-lt\cxx-framework\src\traditional\proc\p18f87k22.asm
                      BSR   0x000fe0       data     extern E:\3.46\pic18-lt\cxx-framework\src\traditional\proc\p18f87k22.asm
                 CCP10CON   0x000f40       data     extern E:\3.46\pic18-lt\cxx-framework\src\traditional\proc\p18f87k22.asm
             CCP10CONbits   0x000f40       data     extern E:\3.46\pic18-lt\cxx-framework\src\traditional\proc\p18f87k22.asm
                  CCP1CON   0x000fbb       data     extern E:\3.46\pic18-lt\cxx-framework\src\traditional\proc\p18f87k22.asm
              CCP1CONbits   0x000fbb       data     extern E:\3.46\pic18-lt\cxx-framework\src\traditional\proc\p18f87k22.asm
                  CCP2CON   0x000f4e       data     extern E:\3.46\pic18-lt\cxx-framework\src\traditional\proc\p18f87k22.asm
              CCP2CONbits   0x000f4e       data     extern E:\3.46\pic18-lt\cxx-framework\src\traditional\proc\p18f87k22.asm
                  CCP3CON   0x000f49       data     extern E:\3.46\pic18-lt\cxx-framework\src\traditional\proc\p18f87k22.asm
              CCP3CONbits   0x000f49       data     extern E:\3.46\pic18-lt\cxx-framework\src\traditional\proc\p18f87k22.asm
                  CCP4CON   0x000f77       data     extern E:\3.46\pic18-lt\cxx-framework\src\traditional\proc\p18f87k22.asm
              CCP4CONbits   0x000f77       data     extern E:\3.46\pic18-lt\cxx-framework\src\traditional\proc\p18f87k22.asm
                  CCP5CON   0x000f74       data     extern E:\3.46\pic18-lt\cxx-framework\src\traditional\proc\p18f87k22.asm
              CCP5CONbits   0x000f74       data     extern E:\3.46\pic18-lt\cxx-framework\src\traditional\proc\p18f87k22.asm
                  CCP6CON   0x000f71       data     extern E:\3.46\pic18-lt\cxx-framework\src\traditional\proc\p18f87k22.asm
              CCP6CONbits   0x000f71       data     extern E:\3.46\pic18-lt\cxx-framework\src\traditional\proc\p18f87k22.asm
                  CCP7CON   0x000f6e       data     extern E:\3.46\pic18-lt\cxx-framework\src\traditional\proc\p18f87k22.asm
              CCP7CONbits   0x000f6e       data     extern E:\3.46\pic18-lt\cxx-framework\src\traditional\proc\p18f87k22.asm
                  CCP8CON   0x000f46       data     extern E:\3.46\pic18-lt\cxx-framework\src\traditional\proc\p18f87k22.asm
              CCP8CONbits   0x000f46       data     extern E:\3.46\pic18-lt\cxx-framework\src\traditional\proc\p18f87k22.asm
                  CCP9CON   0x000f43       data     extern E:\3.46\pic18-lt\cxx-framework\src\traditional\proc\p18f87k22.asm
              CCP9CONbits   0x000f43       data     extern E:\3.46\pic18-lt\cxx-framework\src\traditional\proc\p18f87k22.asm
                    CCPR1   0x000fbc       data     extern E:\3.46\pic18-lt\cxx-framework\src\traditional\proc\p18f87k22.asm
                   CCPR10   0x000f41       data     extern E:\3.46\pic18-lt\cxx-framework\src\traditional\proc\p18f87k22.asm
                  CCPR10H   0x000f42       data     extern E:\3.46\pic18-lt\cxx-framework\src\traditional\proc\p18f87k22.asm
                  CCPR10L   0x000f41       data     extern E:\3.46\pic18-lt\cxx-framework\src\traditional\proc\p18f87k22.asm
                   CCPR1H   0x000fbd       data     extern E:\3.46\pic18-lt\cxx-framework\src\traditional\proc\p18f87k22.asm
                   CCPR1L   0x000fbc       data     extern E:\3.46\pic18-lt\cxx-framework\src\traditional\proc\p18f87k22.asm
                    CCPR2   0x000f4f       data     extern E:\3.46\pic18-lt\cxx-framework\src\traditional\proc\p18f87k22.asm
                   CCPR2H   0x000f50       data     extern E:\3.46\pic18-lt\cxx-framework\src\traditional\proc\p18f87k22.asm
                   CCPR2L   0x000f4f       data     extern E:\3.46\pic18-lt\cxx-framework\src\traditional\proc\p18f87k22.asm
                    CCPR3   0x000f4a       data     extern E:\3.46\pic18-lt\cxx-framework\src\traditional\proc\p18f87k22.asm
                   CCPR3H   0x000f4b       data     extern E:\3.46\pic18-lt\cxx-framework\src\traditional\proc\p18f87k22.asm
                   CCPR3L   0x000f4a       data     extern E:\3.46\pic18-lt\cxx-framework\src\traditional\proc\p18f87k22.asm
                    CCPR4   0x000f78       data     extern E:\3.46\pic18-lt\cxx-framework\src\traditional\proc\p18f87k22.asm
                   CCPR4H   0x000f79       data     extern E:\3.46\pic18-lt\cxx-framework\src\traditional\proc\p18f87k22.asm
                   CCPR4L   0x000f78       data     extern E:\3.46\pic18-lt\cxx-framework\src\traditional\proc\p18f87k22.asm
                    CCPR5   0x000f75       data     extern E:\3.46\pic18-lt\cxx-framework\src\traditional\proc\p18f87k22.asm
                   CCPR5H   0x000f76       data     extern E:\3.46\pic18-lt\cxx-framework\src\traditional\proc\p18f87k22.asm
                   CCPR5L   0x000f75       data     extern E:\3.46\pic18-lt\cxx-framework\src\traditional\proc\p18f87k22.asm
                    CCPR6   0x000f72       data     extern E:\3.46\pic18-lt\cxx-framework\src\traditional\proc\p18f87k22.asm
                   CCPR6H   0x000f73       data     extern E:\3.46\pic18-lt\cxx-framework\src\traditional\proc\p18f87k22.asm
                   CCPR6L   0x000f72       data     extern E:\3.46\pic18-lt\cxx-framework\src\traditional\proc\p18f87k22.asm
                    CCPR7   0x000f6f       data     extern E:\3.46\pic18-lt\cxx-framework\src\traditional\proc\p18f87k22.asm
                   CCPR7H   0x000f70       data     extern E:\3.46\pic18-lt\cxx-framework\src\traditional\proc\p18f87k22.asm
                   CCPR7L   0x000f6f       data     extern E:\3.46\pic18-lt\cxx-framework\src\traditional\proc\p18f87k22.asm
                    CCPR8   0x000f47       data     extern E:\3.46\pic18-lt\cxx-framework\src\traditional\proc\p18f87k22.asm
                   CCPR8H   0x000f48       data     extern E:\3.46\pic18-lt\cxx-framework\src\traditional\proc\p18f87k22.asm
                   CCPR8L   0x000f47       data     extern E:\3.46\pic18-lt\cxx-framework\src\traditional\proc\p18f87k22.asm
                    CCPR9   0x000f44       data     extern E:\3.46\pic18-lt\cxx-framework\src\traditional\proc\p18f87k22.asm
                   CCPR9H   0x000f45       data     extern E:\3.46\pic18-lt\cxx-framework\src\traditional\proc\p18f87k22.asm
                   CCPR9L   0x000f44       data     extern E:\3.46\pic18-lt\cxx-framework\src\traditional\proc\p18f87k22.asm
                 CCPTMRS0   0x000f2d       data     extern E:\3.46\pic18-lt\cxx-framework\src\traditional\proc\p18f87k22.asm
             CCPTMRS0bits   0x000f2d       data     extern E:\3.46\pic18-lt\cxx-framework\src\traditional\proc\p18f87k22.asm
                 CCPTMRS1   0x000f2c       data     extern E:\3.46\pic18-lt\cxx-framework\src\traditional\proc\p18f87k22.asm
             CCPTMRS1bits   0x000f2c       data     extern E:\3.46\pic18-lt\cxx-framework\src\traditional\proc\p18f87k22.asm
                 CCPTMRS2   0x000f2b       data     extern E:\3.46\pic18-lt\cxx-framework\src\traditional\proc\p18f87k22.asm
             CCPTMRS2bits   0x000f2b       data     extern E:\3.46\pic18-lt\cxx-framework\src\traditional\proc\p18f87k22.asm
                   CM1CON   0x000f54       data     extern E:\3.46\pic18-lt\cxx-framework\src\traditional\proc\p18f87k22.asm
                  CM1CON1   0x000f54       data     extern E:\3.46\pic18-lt\cxx-framework\src\traditional\proc\p18f87k22.asm
              CM1CON1bits   0x000f54       data     extern E:\3.46\pic18-lt\cxx-framework\src\traditional\proc\p18f87k22.asm
               CM1CONbits   0x000f54       data     extern E:\3.46\pic18-lt\cxx-framework\src\traditional\proc\p18f87k22.asm
                   CM2CON   0x000f2f       data     extern E:\3.46\pic18-lt\cxx-framework\src\traditional\proc\p18f87k22.asm
                  CM2CON1   0x000f2f       data     extern E:\3.46\pic18-lt\cxx-framework\src\traditional\proc\p18f87k22.asm
              CM2CON1bits   0x000f2f       data     extern E:\3.46\pic18-lt\cxx-framework\src\traditional\proc\p18f87k22.asm
               CM2CONbits   0x000f2f       data     extern E:\3.46\pic18-lt\cxx-framework\src\traditional\proc\p18f87k22.asm
                   CM3CON   0x000f2e       data     extern E:\3.46\pic18-lt\cxx-framework\src\traditional\proc\p18f87k22.asm
                  CM3CON1   0x000f2e       data     extern E:\3.46\pic18-lt\cxx-framework\src\traditional\proc\p18f87k22.asm
              CM3CON1bits   0x000f2e       data     extern E:\3.46\pic18-lt\cxx-framework\src\traditional\proc\p18f87k22.asm
               CM3CONbits   0x000f2e       data     extern E:\3.46\pic18-lt\cxx-framework\src\traditional\proc\p18f87k22.asm
                   CMSTAT   0x000fb4       data     extern E:\3.46\pic18-lt\cxx-framework\src\traditional\proc\p18f87k22.asm
                 CMSTATUS   0x000fb4       data     extern E:\3.46\pic18-lt\cxx-framework\src\traditional\proc\p18f87k22.asm
             CMSTATUSbits   0x000fb4       data     extern E:\3.46\pic18-lt\cxx-framework\src\traditional\proc\p18f87k22.asm
               CMSTATbits   0x000fb4       data     extern E:\3.46\pic18-lt\cxx-framework\src\traditional\proc\p18f87k22.asm
                 CTMUCONH   0x000f57       data     extern E:\3.46\pic18-lt\cxx-framework\src\traditional\proc\p18f87k22.asm
             CTMUCONHbits   0x000f57       data     extern E:\3.46\pic18-lt\cxx-framework\src\traditional\proc\p18f87k22.asm
                 CTMUCONL   0x000f56       data     extern E:\3.46\pic18-lt\cxx-framework\src\traditional\proc\p18f87k22.asm
             CTMUCONLbits   0x000f56       data     extern E:\3.46\pic18-lt\cxx-framework\src\traditional\proc\p18f87k22.asm
                 CTMUICON   0x000f55       data     extern E:\3.46\pic18-lt\cxx-framework\src\traditional\proc\p18f87k22.asm
             CTMUICONbits   0x000f55       data     extern E:\3.46\pic18-lt\cxx-framework\src\traditional\proc\p18f87k22.asm
                   CVRCON   0x000fb5       data     extern E:\3.46\pic18-lt\cxx-framework\src\traditional\proc\p18f87k22.asm
               CVRCONbits   0x000fb5       data     extern E:\3.46\pic18-lt\cxx-framework\src\traditional\proc\p18f87k22.asm
          DataDelayCount_   0x000073       data     static C:\Users\nickm\Documents\CU-Boulder Senior Year\ASEN 4419\Final Project\Arthur_Moore_PONG\GLCDroutinesEasyPic.c
            DelayCounter1   0x00002d       data     extern E:\3.46\pic18-lt\cxx-framework\src\traditional\delays\delayd1.asm
            DelayCounter2   0x00002c       data     extern E:\3.46\pic18-lt\cxx-framework\src\traditional\delays\delayd2.asm
                  ECCP1AS   0x000fbf       data     extern E:\3.46\pic18-lt\cxx-framework\src\traditional\proc\p18f87k22.asm
              ECCP1ASbits   0x000fbf       data     extern E:\3.46\pic18-lt\cxx-framework\src\traditional\proc\p18f87k22.asm
                 ECCP1CON   0x000fbb       data     extern E:\3.46\pic18-lt\cxx-framework\src\traditional\proc\p18f87k22.asm
             ECCP1CONbits   0x000fbb       data     extern E:\3.46\pic18-lt\cxx-framework\src\traditional\proc\p18f87k22.asm
                 ECCP1DEL   0x000fbe       data     extern E:\3.46\pic18-lt\cxx-framework\src\traditional\proc\p18f87k22.asm
             ECCP1DELbits   0x000fbe       data     extern E:\3.46\pic18-lt\cxx-framework\src\traditional\proc\p18f87k22.asm
                  ECCP2AS   0x000f52       data     extern E:\3.46\pic18-lt\cxx-framework\src\traditional\proc\p18f87k22.asm
              ECCP2ASbits   0x000f52       data     extern E:\3.46\pic18-lt\cxx-framework\src\traditional\proc\p18f87k22.asm
                 ECCP2CON   0x000f4e       data     extern E:\3.46\pic18-lt\cxx-framework\src\traditional\proc\p18f87k22.asm
             ECCP2CONbits   0x000f4e       data     extern E:\3.46\pic18-lt\cxx-framework\src\traditional\proc\p18f87k22.asm
                 ECCP2DEL   0x000f51       data     extern E:\3.46\pic18-lt\cxx-framework\src\traditional\proc\p18f87k22.asm
             ECCP2DELbits   0x000f51       data     extern E:\3.46\pic18-lt\cxx-framework\src\traditional\proc\p18f87k22.asm
                  ECCP3AS   0x000f4d       data     extern E:\3.46\pic18-lt\cxx-framework\src\traditional\proc\p18f87k22.asm
              ECCP3ASbits   0x000f4d       data     extern E:\3.46\pic18-lt\cxx-framework\src\traditional\proc\p18f87k22.asm
                 ECCP3DEL   0x000f4c       data     extern E:\3.46\pic18-lt\cxx-framework\src\traditional\proc\p18f87k22.asm
             ECCP3DELbits   0x000f4c       data     extern E:\3.46\pic18-lt\cxx-framework\src\traditional\proc\p18f87k22.asm
                    EEADR   0x000f62       data     extern E:\3.46\pic18-lt\cxx-framework\src\traditional\proc\p18f87k22.asm
                   EEADRH   0x000f63       data     extern E:\3.46\pic18-lt\cxx-framework\src\traditional\proc\p18f87k22.asm
                   EECON1   0x000f7f       data     extern E:\3.46\pic18-lt\cxx-framework\src\traditional\proc\p18f87k22.asm
               EECON1bits   0x000f7f       data     extern E:\3.46\pic18-lt\cxx-framework\src\traditional\proc\p18f87k22.asm
                   EECON2   0x000f7e       data     extern E:\3.46\pic18-lt\cxx-framework\src\traditional\proc\p18f87k22.asm
                   EEDATA   0x000f61       data     extern E:\3.46\pic18-lt\cxx-framework\src\traditional\proc\p18f87k22.asm
        EnableDelayCount_   0x000072       data     static C:\Users\nickm\Documents\CU-Boulder Senior Year\ASEN 4419\Final Project\Arthur_Moore_PONG\GLCDroutinesEasyPic.c
                     FSR0   0x000fe9       data     extern E:\3.46\pic18-lt\cxx-framework\src\traditional\proc\p18f87k22.asm
                    FSR0H   0x000fea       data     extern E:\3.46\pic18-lt\cxx-framework\src\traditional\proc\p18f87k22.asm
                    FSR0L   0x000fe9       data     extern E:\3.46\pic18-lt\cxx-framework\src\traditional\proc\p18f87k22.asm
                     FSR1   0x000fe1       data     extern E:\3.46\pic18-lt\cxx-framework\src\traditional\proc\p18f87k22.asm
                    FSR1H   0x000fe2       data     extern E:\3.46\pic18-lt\cxx-framework\src\traditional\proc\p18f87k22.asm
                    FSR1L   0x000fe1       data     extern E:\3.46\pic18-lt\cxx-framework\src\traditional\proc\p18f87k22.asm
                     FSR2   0x000fd9       data     extern E:\3.46\pic18-lt\cxx-framework\src\traditional\proc\p18f87k22.asm
                    FSR2H   0x000fda       data     extern E:\3.46\pic18-lt\cxx-framework\src\traditional\proc\p18f87k22.asm
                    FSR2L   0x000fd9       data     extern E:\3.46\pic18-lt\cxx-framework\src\traditional\proc\p18f87k22.asm
                  HLVDCON   0x000fa8       data     extern E:\3.46\pic18-lt\cxx-framework\src\traditional\proc\p18f87k22.asm
              HLVDCONbits   0x000fa8       data     extern E:\3.46\pic18-lt\cxx-framework\src\traditional\proc\p18f87k22.asm
                    INDF0   0x000fef       data     extern E:\3.46\pic18-lt\cxx-framework\src\traditional\proc\p18f87k22.asm
                    INDF1   0x000fe7       data     extern E:\3.46\pic18-lt\cxx-framework\src\traditional\proc\p18f87k22.asm
                    INDF2   0x000fdf       data     extern E:\3.46\pic18-lt\cxx-framework\src\traditional\proc\p18f87k22.asm
                   INTCON   0x000ff2       data     extern E:\3.46\pic18-lt\cxx-framework\src\traditional\proc\p18f87k22.asm
                  INTCON2   0x000ff1       data     extern E:\3.46\pic18-lt\cxx-framework\src\traditional\proc\p18f87k22.asm
              INTCON2bits   0x000ff1       data     extern E:\3.46\pic18-lt\cxx-framework\src\traditional\proc\p18f87k22.asm
                  INTCON3   0x000ff0       data     extern E:\3.46\pic18-lt\cxx-framework\src\traditional\proc\p18f87k22.asm
              INTCON3bits   0x000ff0       data     extern E:\3.46\pic18-lt\cxx-framework\src\traditional\proc\p18f87k22.asm
               INTCONbits   0x000ff2       data     extern E:\3.46\pic18-lt\cxx-framework\src\traditional\proc\p18f87k22.asm
                     IPR1   0x000f9f       data     extern E:\3.46\pic18-lt\cxx-framework\src\traditional\proc\p18f87k22.asm
                 IPR1bits   0x000f9f       data     extern E:\3.46\pic18-lt\cxx-framework\src\traditional\proc\p18f87k22.asm
                     IPR2   0x000fa2       data     extern E:\3.46\pic18-lt\cxx-framework\src\traditional\proc\p18f87k22.asm
                 IPR2bits   0x000fa2       data     extern E:\3.46\pic18-lt\cxx-framework\src\traditional\proc\p18f87k22.asm
                     IPR3   0x000fa5       data     extern E:\3.46\pic18-lt\cxx-framework\src\traditional\proc\p18f87k22.asm
                 IPR3bits   0x000fa5       data     extern E:\3.46\pic18-lt\cxx-framework\src\traditional\proc\p18f87k22.asm
                     IPR4   0x000fb8       data     extern E:\3.46\pic18-lt\cxx-framework\src\traditional\proc\p18f87k22.asm
                 IPR4bits   0x000fb8       data     extern E:\3.46\pic18-lt\cxx-framework\src\traditional\proc\p18f87k22.asm
                     IPR5   0x000fd2       data     extern E:\3.46\pic18-lt\cxx-framework\src\traditional\proc\p18f87k22.asm
                 IPR5bits   0x000fd2       data     extern E:\3.46\pic18-lt\cxx-framework\src\traditional\proc\p18f87k22.asm
                     IPR6   0x000fa9       data     extern E:\3.46\pic18-lt\cxx-framework\src\traditional\proc\p18f87k22.asm
                 IPR6bits   0x000fa9       data     extern E:\3.46\pic18-lt\cxx-framework\src\traditional\proc\p18f87k22.asm
                     LATA   0x000f89       data     extern E:\3.46\pic18-lt\cxx-framework\src\traditional\proc\p18f87k22.asm
                 LATAbits   0x000f89       data     extern E:\3.46\pic18-lt\cxx-framework\src\traditional\proc\p18f87k22.asm
                     LATB   0x000f8a       data     extern E:\3.46\pic18-lt\cxx-framework\src\traditional\proc\p18f87k22.asm
                 LATBbits   0x000f8a       data     extern E:\3.46\pic18-lt\cxx-framework\src\traditional\proc\p18f87k22.asm
                     LATC   0x000f8b       data     extern E:\3.46\pic18-lt\cxx-framework\src\traditional\proc\p18f87k22.asm
                 LATCbits   0x000f8b       data     extern E:\3.46\pic18-lt\cxx-framework\src\traditional\proc\p18f87k22.asm
                     LATD   0x000f8c       data     extern E:\3.46\pic18-lt\cxx-framework\src\traditional\proc\p18f87k22.asm
                 LATDbits   0x000f8c       data     extern E:\3.46\pic18-lt\cxx-framework\src\traditional\proc\p18f87k22.asm
                     LATE   0x000f8d       data     extern E:\3.46\pic18-lt\cxx-framework\src\traditional\proc\p18f87k22.asm
                 LATEbits   0x000f8d       data     extern E:\3.46\pic18-lt\cxx-framework\src\traditional\proc\p18f87k22.asm
                     LATF   0x000f8e       data     extern E:\3.46\pic18-lt\cxx-framework\src\traditional\proc\p18f87k22.asm
                 LATFbits   0x000f8e       data     extern E:\3.46\pic18-lt\cxx-framework\src\traditional\proc\p18f87k22.asm
                     LATG   0x000f8f       data     extern E:\3.46\pic18-lt\cxx-framework\src\traditional\proc\p18f87k22.asm
                 LATGbits   0x000f8f       data     extern E:\3.46\pic18-lt\cxx-framework\src\traditional\proc\p18f87k22.asm
                     LATH   0x000f90       data     extern E:\3.46\pic18-lt\cxx-framework\src\traditional\proc\p18f87k22.asm
                 LATHbits   0x000f90       data     extern E:\3.46\pic18-lt\cxx-framework\src\traditional\proc\p18f87k22.asm
                     LATJ   0x000f91       data     extern E:\3.46\pic18-lt\cxx-framework\src\traditional\proc\p18f87k22.asm
                 LATJbits   0x000f91       data     extern E:\3.46\pic18-lt\cxx-framework\src\traditional\proc\p18f87k22.asm
                   MEMCON   0x000f26       data     extern E:\3.46\pic18-lt\cxx-framework\src\traditional\proc\p18f87k22.asm
               MEMCONbits   0x000f26       data     extern E:\3.46\pic18-lt\cxx-framework\src\traditional\proc\p18f87k22.asm
                   ODCON1   0x000f29       data     extern E:\3.46\pic18-lt\cxx-framework\src\traditional\proc\p18f87k22.asm
               ODCON1bits   0x000f29       data     extern E:\3.46\pic18-lt\cxx-framework\src\traditional\proc\p18f87k22.asm
                   ODCON2   0x000f28       data     extern E:\3.46\pic18-lt\cxx-framework\src\traditional\proc\p18f87k22.asm
               ODCON2bits   0x000f28       data     extern E:\3.46\pic18-lt\cxx-framework\src\traditional\proc\p18f87k22.asm
                   ODCON3   0x000f27       data     extern E:\3.46\pic18-lt\cxx-framework\src\traditional\proc\p18f87k22.asm
               ODCON3bits   0x000f27       data     extern E:\3.46\pic18-lt\cxx-framework\src\traditional\proc\p18f87k22.asm
                   OSCCON   0x000fd3       data     extern E:\3.46\pic18-lt\cxx-framework\src\traditional\proc\p18f87k22.asm
                  OSCCON2   0x000f64       data     extern E:\3.46\pic18-lt\cxx-framework\src\traditional\proc\p18f87k22.asm
              OSCCON2bits   0x000f64       data     extern E:\3.46\pic18-lt\cxx-framework\src\traditional\proc\p18f87k22.asm
               OSCCONbits   0x000fd3       data     extern E:\3.46\pic18-lt\cxx-framework\src\traditional\proc\p18f87k22.asm
                  OSCTUNE   0x000f9b       data     extern E:\3.46\pic18-lt\cxx-framework\src\traditional\proc\p18f87k22.asm
              OSCTUNEbits   0x000f9b       data     extern E:\3.46\pic18-lt\cxx-framework\src\traditional\proc\p18f87k22.asm
                  PADCFG1   0x000f53       data     extern E:\3.46\pic18-lt\cxx-framework\src\traditional\proc\p18f87k22.asm
              PADCFG1bits   0x000f53       data     extern E:\3.46\pic18-lt\cxx-framework\src\traditional\proc\p18f87k22.asm
                       PC   0x000ff9       data     extern E:\3.46\pic18-lt\cxx-framework\src\traditional\proc\p18f87k22.asm
                      PCL   0x000ff9       data     extern E:\3.46\pic18-lt\cxx-framework\src\traditional\proc\p18f87k22.asm
                   PCLATH   0x000ffa       data     extern E:\3.46\pic18-lt\cxx-framework\src\traditional\proc\p18f87k22.asm
                   PCLATU   0x000ffb       data     extern E:\3.46\pic18-lt\cxx-framework\src\traditional\proc\p18f87k22.asm
                     PIE1   0x000f9d       data     extern E:\3.46\pic18-lt\cxx-framework\src\traditional\proc\p18f87k22.asm
                 PIE1bits   0x000f9d       data     extern E:\3.46\pic18-lt\cxx-framework\src\traditional\proc\p18f87k22.asm
                     PIE2   0x000fa0       data     extern E:\3.46\pic18-lt\cxx-framework\src\traditional\proc\p18f87k22.asm
                 PIE2bits   0x000fa0       data     extern E:\3.46\pic18-lt\cxx-framework\src\traditional\proc\p18f87k22.asm
                     PIE3   0x000fa3       data     extern E:\3.46\pic18-lt\cxx-framework\src\traditional\proc\p18f87k22.asm
                 PIE3bits   0x000fa3       data     extern E:\3.46\pic18-lt\cxx-framework\src\traditional\proc\p18f87k22.asm
                     PIE4   0x000fb6       data     extern E:\3.46\pic18-lt\cxx-framework\src\traditional\proc\p18f87k22.asm
                 PIE4bits   0x000fb6       data     extern E:\3.46\pic18-lt\cxx-framework\src\traditional\proc\p18f87k22.asm
                     PIE5   0x000fb9       data     extern E:\3.46\pic18-lt\cxx-framework\src\traditional\proc\p18f87k22.asm
                 PIE5bits   0x000fb9       data     extern E:\3.46\pic18-lt\cxx-framework\src\traditional\proc\p18f87k22.asm
                     PIE6   0x000f60       data     extern E:\3.46\pic18-lt\cxx-framework\src\traditional\proc\p18f87k22.asm
                 PIE6bits   0x000f60       data     extern E:\3.46\pic18-lt\cxx-framework\src\traditional\proc\p18f87k22.asm
                     PIR1   0x000f9e       data     extern E:\3.46\pic18-lt\cxx-framework\src\traditional\proc\p18f87k22.asm
                 PIR1bits   0x000f9e       data     extern E:\3.46\pic18-lt\cxx-framework\src\traditional\proc\p18f87k22.asm
                     PIR2   0x000fa1       data     extern E:\3.46\pic18-lt\cxx-framework\src\traditional\proc\p18f87k22.asm
                 PIR2bits   0x000fa1       data     extern E:\3.46\pic18-lt\cxx-framework\src\traditional\proc\p18f87k22.asm
                     PIR3   0x000fa4       data     extern E:\3.46\pic18-lt\cxx-framework\src\traditional\proc\p18f87k22.asm
                 PIR3bits   0x000fa4       data     extern E:\3.46\pic18-lt\cxx-framework\src\traditional\proc\p18f87k22.asm
                     PIR4   0x000fb7       data     extern E:\3.46\pic18-lt\cxx-framework\src\traditional\proc\p18f87k22.asm
                 PIR4bits   0x000fb7       data     extern E:\3.46\pic18-lt\cxx-framework\src\traditional\proc\p18f87k22.asm
                     PIR5   0x000fba       data     extern E:\3.46\pic18-lt\cxx-framework\src\traditional\proc\p18f87k22.asm
                 PIR5bits   0x000fba       data     extern E:\3.46\pic18-lt\cxx-framework\src\traditional\proc\p18f87k22.asm
                     PIR6   0x000fa6       data     extern E:\3.46\pic18-lt\cxx-framework\src\traditional\proc\p18f87k22.asm
                 PIR6bits   0x000fa6       data     extern E:\3.46\pic18-lt\cxx-framework\src\traditional\proc\p18f87k22.asm
                   PLUSW0   0x000feb       data     extern E:\3.46\pic18-lt\cxx-framework\src\traditional\proc\p18f87k22.asm
                   PLUSW1   0x000fe3       data     extern E:\3.46\pic18-lt\cxx-framework\src\traditional\proc\p18f87k22.asm
                   PLUSW2   0x000fdb       data     extern E:\3.46\pic18-lt\cxx-framework\src\traditional\proc\p18f87k22.asm
                     PMD0   0x000f19       data     extern E:\3.46\pic18-lt\cxx-framework\src\traditional\proc\p18f87k22.asm
                 PMD0bits   0x000f19       data     extern E:\3.46\pic18-lt\cxx-framework\src\traditional\proc\p18f87k22.asm
                     PMD1   0x000f18       data     extern E:\3.46\pic18-lt\cxx-framework\src\traditional\proc\p18f87k22.asm
                 PMD1bits   0x000f18       data     extern E:\3.46\pic18-lt\cxx-framework\src\traditional\proc\p18f87k22.asm
                     PMD2   0x000f17       data     extern E:\3.46\pic18-lt\cxx-framework\src\traditional\proc\p18f87k22.asm
                 PMD2bits   0x000f17       data     extern E:\3.46\pic18-lt\cxx-framework\src\traditional\proc\p18f87k22.asm
                     PMD3   0x000f16       data     extern E:\3.46\pic18-lt\cxx-framework\src\traditional\proc\p18f87k22.asm
                 PMD3bits   0x000f16       data     extern E:\3.46\pic18-lt\cxx-framework\src\traditional\proc\p18f87k22.asm
                    PORTA   0x000f80       data     extern E:\3.46\pic18-lt\cxx-framework\src\traditional\proc\p18f87k22.asm
                PORTAbits   0x000f80       data     extern E:\3.46\pic18-lt\cxx-framework\src\traditional\proc\p18f87k22.asm
                    PORTB   0x000f81       data     extern E:\3.46\pic18-lt\cxx-framework\src\traditional\proc\p18f87k22.asm
                PORTBbits   0x000f81       data     extern E:\3.46\pic18-lt\cxx-framework\src\traditional\proc\p18f87k22.asm
                    PORTC   0x000f82       data     extern E:\3.46\pic18-lt\cxx-framework\src\traditional\proc\p18f87k22.asm
                PORTCbits   0x000f82       data     extern E:\3.46\pic18-lt\cxx-framework\src\traditional\proc\p18f87k22.asm
                    PORTD   0x000f83       data     extern E:\3.46\pic18-lt\cxx-framework\src\traditional\proc\p18f87k22.asm
                PORTDbits   0x000f83       data     extern E:\3.46\pic18-lt\cxx-framework\src\traditional\proc\p18f87k22.asm
                    PORTE   0x000f84       data     extern E:\3.46\pic18-lt\cxx-framework\src\traditional\proc\p18f87k22.asm
                PORTEbits   0x000f84       data     extern E:\3.46\pic18-lt\cxx-framework\src\traditional\proc\p18f87k22.asm
                    PORTF   0x000f85       data     extern E:\3.46\pic18-lt\cxx-framework\src\traditional\proc\p18f87k22.asm
                PORTFbits   0x000f85       data     extern E:\3.46\pic18-lt\cxx-framework\src\traditional\proc\p18f87k22.asm
                    PORTG   0x000f86       data     extern E:\3.46\pic18-lt\cxx-framework\src\traditional\proc\p18f87k22.asm
                PORTGbits   0x000f86       data     extern E:\3.46\pic18-lt\cxx-framework\src\traditional\proc\p18f87k22.asm
                    PORTH   0x000f87       data     extern E:\3.46\pic18-lt\cxx-framework\src\traditional\proc\p18f87k22.asm
                PORTHbits   0x000f87       data     extern E:\3.46\pic18-lt\cxx-framework\src\traditional\proc\p18f87k22.asm
                    PORTJ   0x000f88       data     extern E:\3.46\pic18-lt\cxx-framework\src\traditional\proc\p18f87k22.asm
                PORTJbits   0x000f88       data     extern E:\3.46\pic18-lt\cxx-framework\src\traditional\proc\p18f87k22.asm
                 POSTDEC0   0x000fed       data     extern E:\3.46\pic18-lt\cxx-framework\src\traditional\proc\p18f87k22.asm
                 POSTDEC1   0x000fe5       data     extern E:\3.46\pic18-lt\cxx-framework\src\traditional\proc\p18f87k22.asm
                 POSTDEC2   0x000fdd       data     extern E:\3.46\pic18-lt\cxx-framework\src\traditional\proc\p18f87k22.asm
                 POSTINC0   0x000fee       data     extern E:\3.46\pic18-lt\cxx-framework\src\traditional\proc\p18f87k22.asm
                 POSTINC1   0x000fe6       data     extern E:\3.46\pic18-lt\cxx-framework\src\traditional\proc\p18f87k22.asm
                 POSTINC2   0x000fde       data     extern E:\3.46\pic18-lt\cxx-framework\src\traditional\proc\p18f87k22.asm
                     PR10   0x000f34       data     extern E:\3.46\pic18-lt\cxx-framework\src\traditional\proc\p18f87k22.asm
                     PR12   0x000f31       data     extern E:\3.46\pic18-lt\cxx-framework\src\traditional\proc\p18f87k22.asm
                      PR2   0x000fcb       data     extern E:\3.46\pic18-lt\cxx-framework\src\traditional\proc\p18f87k22.asm
                      PR4   0x000f6c       data     extern E:\3.46\pic18-lt\cxx-framework\src\traditional\proc\p18f87k22.asm
                      PR6   0x000f3a       data     extern E:\3.46\pic18-lt\cxx-framework\src\traditional\proc\p18f87k22.asm
                      PR8   0x000f37       data     extern E:\3.46\pic18-lt\cxx-framework\src\traditional\proc\p18f87k22.asm
                  PREINC0   0x000fec       data     extern E:\3.46\pic18-lt\cxx-framework\src\traditional\proc\p18f87k22.asm
                  PREINC1   0x000fe4       data     extern E:\3.46\pic18-lt\cxx-framework\src\traditional\proc\p18f87k22.asm
                  PREINC2   0x000fdc       data     extern E:\3.46\pic18-lt\cxx-framework\src\traditional\proc\p18f87k22.asm
                     PROD   0x000ff3       data     extern E:\3.46\pic18-lt\cxx-framework\src\traditional\proc\p18f87k22.asm
                    PRODH   0x000ff4       data     extern E:\3.46\pic18-lt\cxx-framework\src\traditional\proc\p18f87k22.asm
                    PRODL   0x000ff3       data     extern E:\3.46\pic18-lt\cxx-framework\src\traditional\proc\p18f87k22.asm
                   PSPCON   0x000fa7       data     extern E:\3.46\pic18-lt\cxx-framework\src\traditional\proc\p18f87k22.asm
               PSPCONbits   0x000fa7       data     extern E:\3.46\pic18-lt\cxx-framework\src\traditional\proc\p18f87k22.asm
                 PSTR1CON   0x000f9c       data     extern E:\3.46\pic18-lt\cxx-framework\src\traditional\proc\p18f87k22.asm
             PSTR1CONbits   0x000f9c       data     extern E:\3.46\pic18-lt\cxx-framework\src\traditional\proc\p18f87k22.asm
                 PSTR2CON   0x000f1b       data     extern E:\3.46\pic18-lt\cxx-framework\src\traditional\proc\p18f87k22.asm
             PSTR2CONbits   0x000f1b       data     extern E:\3.46\pic18-lt\cxx-framework\src\traditional\proc\p18f87k22.asm
                 PSTR3CON   0x000f1a       data     extern E:\3.46\pic18-lt\cxx-framework\src\traditional\proc\p18f87k22.asm
             PSTR3CONbits   0x000f1a       data     extern E:\3.46\pic18-lt\cxx-framework\src\traditional\proc\p18f87k22.asm
                  PWM1CON   0x000fbe       data     extern E:\3.46\pic18-lt\cxx-framework\src\traditional\proc\p18f87k22.asm
              PWM1CONbits   0x000fbe       data     extern E:\3.46\pic18-lt\cxx-framework\src\traditional\proc\p18f87k22.asm
                  PWM2CON   0x000f51       data     extern E:\3.46\pic18-lt\cxx-framework\src\traditional\proc\p18f87k22.asm
              PWM2CONbits   0x000f51       data     extern E:\3.46\pic18-lt\cxx-framework\src\traditional\proc\p18f87k22.asm
                     RCON   0x000fd0       data     extern E:\3.46\pic18-lt\cxx-framework\src\traditional\proc\p18f87k22.asm
                 RCONbits   0x000fd0       data     extern E:\3.46\pic18-lt\cxx-framework\src\traditional\proc\p18f87k22.asm
                    RCREG   0x000fae       data     extern E:\3.46\pic18-lt\cxx-framework\src\traditional\proc\p18f87k22.asm
                   RCREG1   0x000fae       data     extern E:\3.46\pic18-lt\cxx-framework\src\traditional\proc\p18f87k22.asm
                   RCREG2   0x000f1d       data     extern E:\3.46\pic18-lt\cxx-framework\src\traditional\proc\p18f87k22.asm
                    RCSTA   0x000fab       data     extern E:\3.46\pic18-lt\cxx-framework\src\traditional\proc\p18f87k22.asm
                   RCSTA1   0x000fab       data     extern E:\3.46\pic18-lt\cxx-framework\src\traditional\proc\p18f87k22.asm
               RCSTA1bits   0x000fab       data     extern E:\3.46\pic18-lt\cxx-framework\src\traditional\proc\p18f87k22.asm
                   RCSTA2   0x000f22       data     extern E:\3.46\pic18-lt\cxx-framework\src\traditional\proc\p18f87k22.asm
               RCSTA2bits   0x000f22       data     extern E:\3.46\pic18-lt\cxx-framework\src\traditional\proc\p18f87k22.asm
                RCSTAbits   0x000fab       data     extern E:\3.46\pic18-lt\cxx-framework\src\traditional\proc\p18f87k22.asm
                  REFOCON   0x000f2a       data     extern E:\3.46\pic18-lt\cxx-framework\src\traditional\proc\p18f87k22.asm
              REFOCONbits   0x000f2a       data     extern E:\3.46\pic18-lt\cxx-framework\src\traditional\proc\p18f87k22.asm
                   RTCCAL   0x000f5e       data     extern E:\3.46\pic18-lt\cxx-framework\src\traditional\proc\p18f87k22.asm
               RTCCALbits   0x000f5e       data     extern E:\3.46\pic18-lt\cxx-framework\src\traditional\proc\p18f87k22.asm
                   RTCCFG   0x000f5f       data     extern E:\3.46\pic18-lt\cxx-framework\src\traditional\proc\p18f87k22.asm
               RTCCFGbits   0x000f5f       data     extern E:\3.46\pic18-lt\cxx-framework\src\traditional\proc\p18f87k22.asm
                   RTCVAL   0x000f5c       data     extern E:\3.46\pic18-lt\cxx-framework\src\traditional\proc\p18f87k22.asm
                  RTCVALH   0x000f5d       data     extern E:\3.46\pic18-lt\cxx-framework\src\traditional\proc\p18f87k22.asm
                  RTCVALL   0x000f5c       data     extern E:\3.46\pic18-lt\cxx-framework\src\traditional\proc\p18f87k22.asm
                     SIGN   0x000026       data     extern E:\3.46\pic18-lt\cxx-framework\src\traditional\math\cmath18.asm
                    SPBRG   0x000faf       data     extern E:\3.46\pic18-lt\cxx-framework\src\traditional\proc\p18f87k22.asm
                   SPBRG1   0x000faf       data     extern E:\3.46\pic18-lt\cxx-framework\src\traditional\proc\p18f87k22.asm
                   SPBRG2   0x000f1e       data     extern E:\3.46\pic18-lt\cxx-framework\src\traditional\proc\p18f87k22.asm
                  SPBRGH1   0x000fd4       data     extern E:\3.46\pic18-lt\cxx-framework\src\traditional\proc\p18f87k22.asm
                  SPBRGH2   0x000f1f       data     extern E:\3.46\pic18-lt\cxx-framework\src\traditional\proc\p18f87k22.asm
                  SSP1ADD   0x000fc8       data     extern E:\3.46\pic18-lt\cxx-framework\src\traditional\proc\p18f87k22.asm
                  SSP1BUF   0x000fc9       data     extern E:\3.46\pic18-lt\cxx-framework\src\traditional\proc\p18f87k22.asm
                 SSP1CON1   0x000fc6       data     extern E:\3.46\pic18-lt\cxx-framework\src\traditional\proc\p18f87k22.asm
             SSP1CON1bits   0x000fc6       data     extern E:\3.46\pic18-lt\cxx-framework\src\traditional\proc\p18f87k22.asm
                 SSP1CON2   0x000fc5       data     extern E:\3.46\pic18-lt\cxx-framework\src\traditional\proc\p18f87k22.asm
             SSP1CON2bits   0x000fc5       data     extern E:\3.46\pic18-lt\cxx-framework\src\traditional\proc\p18f87k22.asm
                  SSP1MSK   0x000fc8       data     extern E:\3.46\pic18-lt\cxx-framework\src\traditional\proc\p18f87k22.asm
              SSP1MSKbits   0x000fc8       data     extern E:\3.46\pic18-lt\cxx-framework\src\traditional\proc\p18f87k22.asm
                 SSP1STAT   0x000fc7       data     extern E:\3.46\pic18-lt\cxx-framework\src\traditional\proc\p18f87k22.asm
             SSP1STATbits   0x000fc7       data     extern E:\3.46\pic18-lt\cxx-framework\src\traditional\proc\p18f87k22.asm
                  SSP2ADD   0x000f69       data     extern E:\3.46\pic18-lt\cxx-framework\src\traditional\proc\p18f87k22.asm
                  SSP2BUF   0x000f6a       data     extern E:\3.46\pic18-lt\cxx-framework\src\traditional\proc\p18f87k22.asm
                 SSP2CON1   0x000f67       data     extern E:\3.46\pic18-lt\cxx-framework\src\traditional\proc\p18f87k22.asm
             SSP2CON1bits   0x000f67       data     extern E:\3.46\pic18-lt\cxx-framework\src\traditional\proc\p18f87k22.asm
                 SSP2CON2   0x000f66       data     extern E:\3.46\pic18-lt\cxx-framework\src\traditional\proc\p18f87k22.asm
             SSP2CON2bits   0x000f66       data     extern E:\3.46\pic18-lt\cxx-framework\src\traditional\proc\p18f87k22.asm
                  SSP2MSK   0x000f69       data     extern E:\3.46\pic18-lt\cxx-framework\src\traditional\proc\p18f87k22.asm
              SSP2MSKbits   0x000f69       data     extern E:\3.46\pic18-lt\cxx-framework\src\traditional\proc\p18f87k22.asm
                 SSP2STAT   0x000f68       data     extern E:\3.46\pic18-lt\cxx-framework\src\traditional\proc\p18f87k22.asm
             SSP2STATbits   0x000f68       data     extern E:\3.46\pic18-lt\cxx-framework\src\traditional\proc\p18f87k22.asm
                   SSPADD   0x000fc8       data     extern E:\3.46\pic18-lt\cxx-framework\src\traditional\proc\p18f87k22.asm
                   SSPBUF   0x000fc9       data     extern E:\3.46\pic18-lt\cxx-framework\src\traditional\proc\p18f87k22.asm
                  SSPCON1   0x000fc6       data     extern E:\3.46\pic18-lt\cxx-framework\src\traditional\proc\p18f87k22.asm
              SSPCON1bits   0x000fc6       data     extern E:\3.46\pic18-lt\cxx-framework\src\traditional\proc\p18f87k22.asm
                  SSPCON2   0x000fc5       data     extern E:\3.46\pic18-lt\cxx-framework\src\traditional\proc\p18f87k22.asm
              SSPCON2bits   0x000fc5       data     extern E:\3.46\pic18-lt\cxx-framework\src\traditional\proc\p18f87k22.asm
                  SSPSTAT   0x000fc7       data     extern E:\3.46\pic18-lt\cxx-framework\src\traditional\proc\p18f87k22.asm
              SSPSTATbits   0x000fc7       data     extern E:\3.46\pic18-lt\cxx-framework\src\traditional\proc\p18f87k22.asm
                   STATUS   0x000fd8       data     extern E:\3.46\pic18-lt\cxx-framework\src\traditional\proc\p18f87k22.asm
               STATUSbits   0x000fd8       data     extern E:\3.46\pic18-lt\cxx-framework\src\traditional\proc\p18f87k22.asm
                   STKPTR   0x000ffc       data     extern E:\3.46\pic18-lt\cxx-framework\src\traditional\proc\p18f87k22.asm
               STKPTRbits   0x000ffc       data     extern E:\3.46\pic18-lt\cxx-framework\src\traditional\proc\p18f87k22.asm
                    T0CON   0x000fd5       data     extern E:\3.46\pic18-lt\cxx-framework\src\traditional\proc\p18f87k22.asm
                T0CONbits   0x000fd5       data     extern E:\3.46\pic18-lt\cxx-framework\src\traditional\proc\p18f87k22.asm
                   T10CON   0x000f33       data     extern E:\3.46\pic18-lt\cxx-framework\src\traditional\proc\p18f87k22.asm
               T10CONbits   0x000f33       data     extern E:\3.46\pic18-lt\cxx-framework\src\traditional\proc\p18f87k22.asm
                   T12CON   0x000f30       data     extern E:\3.46\pic18-lt\cxx-framework\src\traditional\proc\p18f87k22.asm
               T12CONbits   0x000f30       data     extern E:\3.46\pic18-lt\cxx-framework\src\traditional\proc\p18f87k22.asm
                    T1CON   0x000fcd       data     extern E:\3.46\pic18-lt\cxx-framework\src\traditional\proc\p18f87k22.asm
                T1CONbits   0x000fcd       data     extern E:\3.46\pic18-lt\cxx-framework\src\traditional\proc\p18f87k22.asm
                   T1GCON   0x000faa       data     extern E:\3.46\pic18-lt\cxx-framework\src\traditional\proc\p18f87k22.asm
               T1GCONbits   0x000faa       data     extern E:\3.46\pic18-lt\cxx-framework\src\traditional\proc\p18f87k22.asm
                    T2CON   0x000fca       data     extern E:\3.46\pic18-lt\cxx-framework\src\traditional\proc\p18f87k22.asm
                T2CONbits   0x000fca       data     extern E:\3.46\pic18-lt\cxx-framework\src\traditional\proc\p18f87k22.asm
                    T3CON   0x000fb1       data     extern E:\3.46\pic18-lt\cxx-framework\src\traditional\proc\p18f87k22.asm
                T3CONbits   0x000fb1       data     extern E:\3.46\pic18-lt\cxx-framework\src\traditional\proc\p18f87k22.asm
                   T3GCON   0x000fb0       data     extern E:\3.46\pic18-lt\cxx-framework\src\traditional\proc\p18f87k22.asm
               T3GCONbits   0x000fb0       data     extern E:\3.46\pic18-lt\cxx-framework\src\traditional\proc\p18f87k22.asm
                    T4CON   0x000f6b       data     extern E:\3.46\pic18-lt\cxx-framework\src\traditional\proc\p18f87k22.asm
                T4CONbits   0x000f6b       data     extern E:\3.46\pic18-lt\cxx-framework\src\traditional\proc\p18f87k22.asm
[...]
                 PIR6bits   0x000fa6       data     extern E:\3.46\pic18-lt\cxx-framework\src\traditional\proc\p18f87k22.asm
               PSPCONbits   0x000fa7       data     extern E:\3.46\pic18-lt\cxx-framework\src\traditional\proc\p18f87k22.asm
                   PSPCON   0x000fa7       data     extern E:\3.46\pic18-lt\cxx-framework\src\traditional\proc\p18f87k22.asm
              HLVDCONbits   0x000fa8       data     extern E:\3.46\pic18-lt\cxx-framework\src\traditional\proc\p18f87k22.asm
                  HLVDCON   0x000fa8       data     extern E:\3.46\pic18-lt\cxx-framework\src\traditional\proc\p18f87k22.asm
                 IPR6bits   0x000fa9       data     extern E:\3.46\pic18-lt\cxx-framework\src\traditional\proc\p18f87k22.asm
                     IPR6   0x000fa9       data     extern E:\3.46\pic18-lt\cxx-framework\src\traditional\proc\p18f87k22.asm
               T1GCONbits   0x000faa       data     extern E:\3.46\pic18-lt\cxx-framework\src\traditional\proc\p18f87k22.asm
                   T1GCON   0x000faa       data     extern E:\3.46\pic18-lt\cxx-framework\src\traditional\proc\p18f87k22.asm
                RCSTAbits   0x000fab       data     extern E:\3.46\pic18-lt\cxx-framework\src\traditional\proc\p18f87k22.asm
               RCSTA1bits   0x000fab       data     extern E:\3.46\pic18-lt\cxx-framework\src\traditional\proc\p18f87k22.asm
                   RCSTA1   0x000fab       data     extern E:\3.46\pic18-lt\cxx-framework\src\traditional\proc\p18f87k22.asm
                    RCSTA   0x000fab       data     extern E:\3.46\pic18-lt\cxx-framework\src\traditional\proc\p18f87k22.asm
                    TXSTA   0x000fac       data     extern E:\3.46\pic18-lt\cxx-framework\src\traditional\proc\p18f87k22.asm
                TXSTAbits   0x000fac       data     extern E:\3.46\pic18-lt\cxx-framework\src\traditional\proc\p18f87k22.asm
               TXSTA1bits   0x000fac       data     extern E:\3.46\pic18-lt\cxx-framework\src\traditional\proc\p18f87k22.asm
                   TXSTA1   0x000fac       data     extern E:\3.46\pic18-lt\cxx-framework\src\traditional\proc\p18f87k22.asm
                   TXREG1   0x000fad       data     extern E:\3.46\pic18-lt\cxx-framework\src\traditional\proc\p18f87k22.asm
                    TXREG   0x000fad       data     extern E:\3.46\pic18-lt\cxx-framework\src\traditional\proc\p18f87k22.asm
                    RCREG   0x000fae       data     extern E:\3.46\pic18-lt\cxx-framework\src\traditional\proc\p18f87k22.asm
                   RCREG1   0x000fae       data     extern E:\3.46\pic18-lt\cxx-framework\src\traditional\proc\p18f87k22.asm
                    SPBRG   0x000faf       data     extern E:\3.46\pic18-lt\cxx-framework\src\traditional\proc\p18f87k22.asm
                   SPBRG1   0x000faf       data     extern E:\3.46\pic18-lt\cxx-framework\src\traditional\proc\p18f87k22.asm
               T3GCONbits   0x000fb0       data     extern E:\3.46\pic18-lt\cxx-framework\src\traditional\proc\p18f87k22.asm
                   T3GCON   0x000fb0       data     extern E:\3.46\pic18-lt\cxx-framework\src\traditional\proc\p18f87k22.asm
                T3CONbits   0x000fb1       data     extern E:\3.46\pic18-lt\cxx-framework\src\traditional\proc\p18f87k22.asm
                    T3CON   0x000fb1       data     extern E:\3.46\pic18-lt\cxx-framework\src\traditional\proc\p18f87k22.asm
                    TMR3L   0x000fb2       data     extern E:\3.46\pic18-lt\cxx-framework\src\traditional\proc\p18f87k22.asm
                    TMR3H   0x000fb3       data     extern E:\3.46\pic18-lt\cxx-framework\src\traditional\proc\p18f87k22.asm
             CMSTATUSbits   0x000fb4       data     extern E:\3.46\pic18-lt\cxx-framework\src\traditional\proc\p18f87k22.asm
                 CMSTATUS   0x000fb4       data     extern E:\3.46\pic18-lt\cxx-framework\src\traditional\proc\p18f87k22.asm
               CMSTATbits   0x000fb4       data     extern E:\3.46\pic18-lt\cxx-framework\src\traditional\proc\p18f87k22.asm
                   CMSTAT   0x000fb4       data     extern E:\3.46\pic18-lt\cxx-framework\src\traditional\proc\p18f87k22.asm
                   CVRCON   0x000fb5       data     extern E:\3.46\pic18-lt\cxx-framework\src\traditional\proc\p18f87k22.asm
               CVRCONbits   0x000fb5       data     extern E:\3.46\pic18-lt\cxx-framework\src\traditional\proc\p18f87k22.asm
                 PIE4bits   0x000fb6       data     extern E:\3.46\pic18-lt\cxx-framework\src\traditional\proc\p18f87k22.asm
                     PIE4   0x000fb6       data     extern E:\3.46\pic18-lt\cxx-framework\src\traditional\proc\p18f87k22.asm
                 PIR4bits   0x000fb7       data     extern E:\3.46\pic18-lt\cxx-framework\src\traditional\proc\p18f87k22.asm
                     PIR4   0x000fb7       data     extern E:\3.46\pic18-lt\cxx-framework\src\traditional\proc\p18f87k22.asm
                 IPR4bits   0x000fb8       data     extern E:\3.46\pic18-lt\cxx-framework\src\traditional\proc\p18f87k22.asm
                     IPR4   0x000fb8       data     extern E:\3.46\pic18-lt\cxx-framework\src\traditional\proc\p18f87k22.asm
                 PIE5bits   0x000fb9       data     extern E:\3.46\pic18-lt\cxx-framework\src\traditional\proc\p18f87k22.asm
                     PIE5   0x000fb9       data     extern E:\3.46\pic18-lt\cxx-framework\src\traditional\proc\p18f87k22.asm
                     PIR5   0x000fba       data     extern E:\3.46\pic18-lt\cxx-framework\src\traditional\proc\p18f87k22.asm
                 PIR5bits   0x000fba       data     extern E:\3.46\pic18-lt\cxx-framework\src\traditional\proc\p18f87k22.asm
                  CCP1CON   0x000fbb       data     extern E:\3.46\pic18-lt\cxx-framework\src\traditional\proc\p18f87k22.asm
              CCP1CONbits   0x000fbb       data     extern E:\3.46\pic18-lt\cxx-framework\src\traditional\proc\p18f87k22.asm
                 ECCP1CON   0x000fbb       data     extern E:\3.46\pic18-lt\cxx-framework\src\traditional\proc\p18f87k22.asm
             ECCP1CONbits   0x000fbb       data     extern E:\3.46\pic18-lt\cxx-framework\src\traditional\proc\p18f87k22.asm
                    CCPR1   0x000fbc       data     extern E:\3.46\pic18-lt\cxx-framework\src\traditional\proc\p18f87k22.asm
                   CCPR1L   0x000fbc       data     extern E:\3.46\pic18-lt\cxx-framework\src\traditional\proc\p18f87k22.asm
                   CCPR1H   0x000fbd       data     extern E:\3.46\pic18-lt\cxx-framework\src\traditional\proc\p18f87k22.asm
              PWM1CONbits   0x000fbe       data     extern E:\3.46\pic18-lt\cxx-framework\src\traditional\proc\p18f87k22.asm
                  PWM1CON   0x000fbe       data     extern E:\3.46\pic18-lt\cxx-framework\src\traditional\proc\p18f87k22.asm
             ECCP1DELbits   0x000fbe       data     extern E:\3.46\pic18-lt\cxx-framework\src\traditional\proc\p18f87k22.asm
                 ECCP1DEL   0x000fbe       data     extern E:\3.46\pic18-lt\cxx-framework\src\traditional\proc\p18f87k22.asm
                  ECCP1AS   0x000fbf       data     extern E:\3.46\pic18-lt\cxx-framework\src\traditional\proc\p18f87k22.asm
              ECCP1ASbits   0x000fbf       data     extern E:\3.46\pic18-lt\cxx-framework\src\traditional\proc\p18f87k22.asm
                   ADCON2   0x000fc0       data     extern E:\3.46\pic18-lt\cxx-framework\src\traditional\proc\p18f87k22.asm
               ADCON2bits   0x000fc0       data     extern E:\3.46\pic18-lt\cxx-framework\src\traditional\proc\p18f87k22.asm
                   ADCON1   0x000fc1       data     extern E:\3.46\pic18-lt\cxx-framework\src\traditional\proc\p18f87k22.asm
               ADCON1bits   0x000fc1       data     extern E:\3.46\pic18-lt\cxx-framework\src\traditional\proc\p18f87k22.asm
               ADCON0bits   0x000fc2       data     extern E:\3.46\pic18-lt\cxx-framework\src\traditional\proc\p18f87k22.asm
                   ADCON0   0x000fc2       data     extern E:\3.46\pic18-lt\cxx-framework\src\traditional\proc\p18f87k22.asm
                   ADRESL   0x000fc3       data     extern E:\3.46\pic18-lt\cxx-framework\src\traditional\proc\p18f87k22.asm
                    ADRES   0x000fc3       data     extern E:\3.46\pic18-lt\cxx-framework\src\traditional\proc\p18f87k22.asm
                   ADRESH   0x000fc4       data     extern E:\3.46\pic18-lt\cxx-framework\src\traditional\proc\p18f87k22.asm
             SSP1CON2bits   0x000fc5       data     extern E:\3.46\pic18-lt\cxx-framework\src\traditional\proc\p18f87k22.asm
                 SSP1CON2   0x000fc5       data     extern E:\3.46\pic18-lt\cxx-framework\src\traditional\proc\p18f87k22.asm
                  SSPCON2   0x000fc5       data     extern E:\3.46\pic18-lt\cxx-framework\src\traditional\proc\p18f87k22.asm
              SSPCON2bits   0x000fc5       data     extern E:\3.46\pic18-lt\cxx-framework\src\traditional\proc\p18f87k22.asm
              SSPCON1bits   0x000fc6       data     extern E:\3.46\pic18-lt\cxx-framework\src\traditional\proc\p18f87k22.asm
                  SSPCON1   0x000fc6       data     extern E:\3.46\pic18-lt\cxx-framework\src\traditional\proc\p18f87k22.asm
                 SSP1CON1   0x000fc6       data     extern E:\3.46\pic18-lt\cxx-framework\src\traditional\proc\p18f87k22.asm
             SSP1CON1bits   0x000fc6       data     extern E:\3.46\pic18-lt\cxx-framework\src\traditional\proc\p18f87k22.asm
                  SSPSTAT   0x000fc7       data     extern E:\3.46\pic18-lt\cxx-framework\src\traditional\proc\p18f87k22.asm
              SSPSTATbits   0x000fc7       data     extern E:\3.46\pic18-lt\cxx-framework\src\traditional\proc\p18f87k22.asm
                 SSP1STAT   0x000fc7       data     extern E:\3.46\pic18-lt\cxx-framework\src\traditional\proc\p18f87k22.asm
             SSP1STATbits   0x000fc7       data     extern E:\3.46\pic18-lt\cxx-framework\src\traditional\proc\p18f87k22.asm
              SSP1MSKbits   0x000fc8       data     extern E:\3.46\pic18-lt\cxx-framework\src\traditional\proc\p18f87k22.asm
                  SSP1MSK   0x000fc8       data     extern E:\3.46\pic18-lt\cxx-framework\src\traditional\proc\p18f87k22.asm
                   SSPADD   0x000fc8       data     extern E:\3.46\pic18-lt\cxx-framework\src\traditional\proc\p18f87k22.asm
                  SSP1ADD   0x000fc8       data     extern E:\3.46\pic18-lt\cxx-framework\src\traditional\proc\p18f87k22.asm
                   SSPBUF   0x000fc9       data     extern E:\3.46\pic18-lt\cxx-framework\src\traditional\proc\p18f87k22.asm
                  SSP1BUF   0x000fc9       data     extern E:\3.46\pic18-lt\cxx-framework\src\traditional\proc\p18f87k22.asm
                T2CONbits   0x000fca       data     extern E:\3.46\pic18-lt\cxx-framework\src\traditional\proc\p18f87k22.asm
                    T2CON   0x000fca       data     extern E:\3.46\pic18-lt\cxx-framework\src\traditional\proc\p18f87k22.asm
                      PR2   0x000fcb       data     extern E:\3.46\pic18-lt\cxx-framework\src\traditional\proc\p18f87k22.asm
                     TMR2   0x000fcc       data     extern E:\3.46\pic18-lt\cxx-framework\src\traditional\proc\p18f87k22.asm
                T1CONbits   0x000fcd       data     extern E:\3.46\pic18-lt\cxx-framework\src\traditional\proc\p18f87k22.asm
                    T1CON   0x000fcd       data     extern E:\3.46\pic18-lt\cxx-framework\src\traditional\proc\p18f87k22.asm
                    TMR1L   0x000fce       data     extern E:\3.46\pic18-lt\cxx-framework\src\traditional\proc\p18f87k22.asm
                    TMR1H   0x000fcf       data     extern E:\3.46\pic18-lt\cxx-framework\src\traditional\proc\p18f87k22.asm
                 RCONbits   0x000fd0       data     extern E:\3.46\pic18-lt\cxx-framework\src\traditional\proc\p18f87k22.asm
                     RCON   0x000fd0       data     extern E:\3.46\pic18-lt\cxx-framework\src\traditional\proc\p18f87k22.asm
               WDTCONbits   0x000fd1       data     extern E:\3.46\pic18-lt\cxx-framework\src\traditional\proc\p18f87k22.asm
                   WDTCON   0x000fd1       data     extern E:\3.46\pic18-lt\cxx-framework\src\traditional\proc\p18f87k22.asm
                     IPR5   0x000fd2       data     extern E:\3.46\pic18-lt\cxx-framework\src\traditional\proc\p18f87k22.asm
                 IPR5bits   0x000fd2       data     extern E:\3.46\pic18-lt\cxx-framework\src\traditional\proc\p18f87k22.asm
                   OSCCON   0x000fd3       data     extern E:\3.46\pic18-lt\cxx-framework\src\traditional\proc\p18f87k22.asm
               OSCCONbits   0x000fd3       data     extern E:\3.46\pic18-lt\cxx-framework\src\traditional\proc\p18f87k22.asm
                  SPBRGH1   0x000fd4       data     extern E:\3.46\pic18-lt\cxx-framework\src\traditional\proc\p18f87k22.asm
                T0CONbits   0x000fd5       data     extern E:\3.46\pic18-lt\cxx-framework\src\traditional\proc\p18f87k22.asm
                    T0CON   0x000fd5       data     extern E:\3.46\pic18-lt\cxx-framework\src\traditional\proc\p18f87k22.asm
                    TMR0L   0x000fd6       data     extern E:\3.46\pic18-lt\cxx-framework\src\traditional\proc\p18f87k22.asm
                    TMR0H   0x000fd7       data     extern E:\3.46\pic18-lt\cxx-framework\src\traditional\proc\p18f87k22.asm
               STATUSbits   0x000fd8       data     extern E:\3.46\pic18-lt\cxx-framework\src\traditional\proc\p18f87k22.asm
                   STATUS   0x000fd8       data     extern E:\3.46\pic18-lt\cxx-framework\src\traditional\proc\p18f87k22.asm
                    FSR2L   0x000fd9       data     extern E:\3.46\pic18-lt\cxx-framework\src\traditional\proc\p18f87k22.asm
                     FSR2   0x000fd9       data     extern E:\3.46\pic18-lt\cxx-framework\src\traditional\proc\p18f87k22.asm
                    FSR2H   0x000fda       data     extern E:\3.46\pic18-lt\cxx-framework\src\traditional\proc\p18f87k22.asm
                   PLUSW2   0x000fdb       data     extern E:\3.46\pic18-lt\cxx-framework\src\traditional\proc\p18f87k22.asm
                  PREINC2   0x000fdc       data     extern E:\3.46\pic18-lt\cxx-framework\src\traditional\proc\p18f87k22.asm
                 POSTDEC2   0x000fdd       data     extern E:\3.46\pic18-lt\cxx-framework\src\traditional\proc\p18f87k22.asm
                 POSTINC2   0x000fde       data     extern E:\3.46\pic18-lt\cxx-framework\src\traditional\proc\p18f87k22.asm
                    INDF2   0x000fdf       data     extern E:\3.46\pic18-lt\cxx-framework\src\traditional\proc\p18f87k22.asm
                      BSR   0x000fe0       data     extern E:\3.46\pic18-lt\cxx-framework\src\traditional\proc\p18f87k22.asm
                    FSR1L   0x000fe1       data     extern E:\3.46\pic18-lt\cxx-framework\src\traditional\proc\p18f87k22.asm
                     FSR1   0x000fe1       data     extern E:\3.46\pic18-lt\cxx-framework\src\traditional\proc\p18f87k22.asm
                    FSR1H   0x000fe2       data     extern E:\3.46\pic18-lt\cxx-framework\src\traditional\proc\p18f87k22.asm
                   PLUSW1   0x000fe3       data     extern E:\3.46\pic18-lt\cxx-framework\src\traditional\proc\p18f87k22.asm
                  PREINC1   0x000fe4       data     extern E:\3.46\pic18-lt\cxx-framework\src\traditional\proc\p18f87k22.asm
                 POSTDEC1   0x000fe5       data     extern E:\3.46\pic18-lt\cxx-framework\src\traditional\proc\p18f87k22.asm
                 POSTINC1   0x000fe6       data     extern E:\3.46\pic18-lt\cxx-framework\src\traditional\proc\p18f87k22.asm
                    INDF1   0x000fe7       data     extern E:\3.46\pic18-lt\cxx-framework\src\traditional\proc\p18f87k22.asm
                     WREG   0x000fe8       data     extern E:\3.46\pic18-lt\cxx-framework\src\traditional\proc\p18f87k22.asm
                    FSR0L   0x000fe9       data     extern E:\3.46\pic18-lt\cxx-framework\src\traditional\proc\p18f87k22.asm
                     FSR0   0x000fe9       data     extern E:\3.46\pic18-lt\cxx-framework\src\traditional\proc\p18f87k22.asm
                    FSR0H   0x000fea       data     extern E:\3.46\pic18-lt\cxx-framework\src\traditional\proc\p18f87k22.asm
                   PLUSW0   0x000feb       data     extern E:\3.46\pic18-lt\cxx-framework\src\traditional\proc\p18f87k22.asm
                  PREINC0   0x000fec       data     extern E:\3.46\pic18-lt\cxx-framework\src\traditional\proc\p18f87k22.asm
                 POSTDEC0   0x000fed       data     extern E:\3.46\pic18-lt\cxx-framework\src\traditional\proc\p18f87k22.asm
                 POSTINC0   0x000fee       data     extern E:\3.46\pic18-lt\cxx-framework\src\traditional\proc\p18f87k22.asm
                    INDF0   0x000fef       data     extern E:\3.46\pic18-lt\cxx-framework\src\traditional\proc\p18f87k22.asm
                  INTCON3   0x000ff0       data     extern E:\3.46\pic18-lt\cxx-framework\src\traditional\proc\p18f87k22.asm
              INTCON3bits   0x000ff0       data     extern E:\3.46\pic18-lt\cxx-framework\src\traditional\proc\p18f87k22.asm
                  INTCON2   0x000ff1       data     extern E:\3.46\pic18-lt\cxx-framework\src\traditional\proc\p18f87k22.asm
              INTCON2bits   0x000ff1       data     extern E:\3.46\pic18-lt\cxx-framework\src\traditional\proc\p18f87k22.asm
                   INTCON   0x000ff2       data     extern E:\3.46\pic18-lt\cxx-framework\src\traditional\proc\p18f87k22.asm
               INTCONbits   0x000ff2       data     extern E:\3.46\pic18-lt\cxx-framework\src\traditional\proc\p18f87k22.asm
                     PROD   0x000ff3       data     extern E:\3.46\pic18-lt\cxx-framework\src\traditional\proc\p18f87k22.asm
                    PRODL   0x000ff3       data     extern E:\3.46\pic18-lt\cxx-framework\src\traditional\proc\p18f87k22.asm
                    PRODH   0x000ff4       data     extern E:\3.46\pic18-lt\cxx-framework\src\traditional\proc\p18f87k22.asm
                   TABLAT   0x000ff5       data     extern E:\3.46\pic18-lt\cxx-framework\src\traditional\proc\p18f87k22.asm
                  TBLPTRL   0x000ff6       data     extern E:\3.46\pic18-lt\cxx-framework\src\traditional\proc\p18f87k22.asm
                   TBLPTR   0x000ff6       data     extern E:\3.46\pic18-lt\cxx-framework\src\traditional\proc\p18f87k22.asm
                  TBLPTRH   0x000ff7       data     extern E:\3.46\pic18-lt\cxx-framework\src\traditional\proc\p18f87k22.asm
                  TBLPTRU   0x000ff8       data     extern E:\3.46\pic18-lt\cxx-framework\src\traditional\proc\p18f87k22.asm
                      PCL   0x000ff9       data     extern E:\3.46\pic18-lt\cxx-framework\src\traditional\proc\p18f87k22.asm
                       PC   0x000ff9       data     extern E:\3.46\pic18-lt\cxx-framework\src\traditional\proc\p18f87k22.asm
                   PCLATH   0x000ffa       data     extern E:\3.46\pic18-lt\cxx-framework\src\traditional\proc\p18f87k22.asm
                   PCLATU   0x000ffb       data     extern E:\3.46\pic18-lt\cxx-framework\src\traditional\proc\p18f87k22.asm
               STKPTRbits   0x000ffc       data     extern E:\3.46\pic18-lt\cxx-framework\src\traditional\proc\p18f87k22.asm
                   STKPTR   0x000ffc       data     extern E:\3.46\pic18-lt\cxx-framework\src\traditional\proc\p18f87k22.asm
                      TOS   0x000ffd       data     extern E:\3.46\pic18-lt\cxx-framework\src\traditional\proc\p18f87k22.asm
                     TOSL   0x000ffd       data     extern E:\3.46\pic18-lt\cxx-framework\src\traditional\proc\p18f87k22.asm
                     TOSH   0x000ffe       data     extern E:\3.46\pic18-lt\cxx-framework\src\traditional\proc\p18f87k22.asm
                     TOSU   0x000fff       data     extern E:\3.46\pic18-lt\cxx-framework\src\traditional\proc\p18f87k22.asm


