MPLINK 5.00, LINKER
Linker Map File - Created Thu Nov 23 23:54:49 2017

                                 Section Info
                  Section       Type    Address   Location Size(Bytes)
                ---------  ---------  ---------  ---------  ---------
               _entry_scn       code   0x000000    program   0x000006
           .code___init.o       code   0x000006    program   0x000002
               highVector       code   0x000008    program   0x000006
              SEED_DATA_i    romdata   0x00000e    program   0x000002
      .idata_fxd1616u.o_i    romdata   0x000010    program   0x000000
      .romdata_fxd1616u.o    romdata   0x000010    program   0x000000
        .idata___init.o_i    romdata   0x000010    program   0x000000
        .romdata___init.o    romdata   0x000010    program   0x000000
           .idata_cos.o_i    romdata   0x000010    program   0x000000
           .romdata_cos.o    romdata   0x000010    program   0x000000
        .idata_sincos.o_i    romdata   0x000010    program   0x000000
        .romdata_sincos.o    romdata   0x000010    program   0x000000
      .idata_UnpkMath.o_i    romdata   0x000010    program   0x000000
      .romdata_UnpkMath.o    romdata   0x000010    program   0x000000
         .idata_errno.o_i    romdata   0x000010    program   0x000000
         .romdata_errno.o    romdata   0x000010    program   0x000000
          .idata_fabs.o_i    romdata   0x000010    program   0x000000
          .romdata_fabs.o    romdata   0x000010    program   0x000000
           .idata_sin.o_i    romdata   0x000010    program   0x000000
           .romdata_sin.o    romdata   0x000010    program   0x000000
    .romdata_Pong_funcs.o    romdata   0x000010    program   0x000000
         .idata_c018i.o_i    romdata   0x000010    program   0x000000
         .romdata_c018i.o    romdata   0x000010    program   0x000000
.romdata_GLCDroutinesEasyPic.o    romdata   0x000010    program   0x000000
    .idata_Pong_funcs.o_i    romdata   0x000010    program   0x000008
          .idata_main.o_i    romdata   0x000010    program   0x000000
          .romdata_main.o    romdata   0x000010    program   0x000000
                lowVector       code   0x000018    program   0x000006
                   .cinit    romdata   0x00001e    program   0x000026
       .code_Pong_funcs.o       code   0x000044    program   0x00155c
                     PROG       code   0x0015a0    program   0x0006ac
           .code_sincos.o       code   0x001c4c    program   0x0005aa
.code_GLCDroutinesEasyPic.o       code   0x0021f6    program   0x0001b4
             .code_main.o       code   0x0023aa    program   0x000164
         .code_UnpkMath.o       code   0x00250e    program   0x00011c
               _cinit_scn       code   0x00262a    program   0x00009e
             .code_fabs.o       code   0x0026c8    program   0x000066
              .code_sin.o       code   0x00272e    program   0x000050
              .code_cos.o       code   0x00277e    program   0x00004e
                   STDLIB       code   0x0027cc    program   0x00003c
         .code_fxd1616u.o       code   0x002808    program   0x00002c
                    .code       code   0x002834    program   0x000020
             _startup_scn       code   0x002854    program   0x00001c
              D10TCYXCODE       code   0x002870    program   0x000016
.idata_GLCDroutinesEasyPic.o_i    romdata   0x002886    program   0x000002
            .code_errno.o       code   0x002888    program   0x000000
            .code_c018i.o       code   0x002888    program   0x000000
    .config_300000_main.o    romdata   0x300000    program   0x000001
    .config_300001_main.o    romdata   0x300001    program   0x000001
    .config_300002_main.o    romdata   0x300002    program   0x000001
    .config_300003_main.o    romdata   0x300003    program   0x000001
    .config_300005_main.o    romdata   0x300005    program   0x000001
                 .tmpdata      udata   0x000000       data   0x000018
                MATH_DATA      udata   0x000018       data   0x000014
           .udata_c018i.o      udata   0x000060       data   0x00000a
                SEED_DATA      idata   0x00006a       data   0x000002
           .udata_errno.o      udata   0x00006c       data   0x000002
.idata_GLCDroutinesEasyPic.o      idata   0x00006e       data   0x000002
                   .stack      udata   0x000d00       data   0x000100
      .udata_Pong_funcs.o      udata   0x000f00       data   0x00000d
      .idata_Pong_funcs.o      idata   0x000f0d       data   0x000008
           .idata_c018i.o      idata   0x000f15       data   0x000000
             .idata_sin.o      idata   0x000f15       data   0x000000
             .udata_sin.o      udata   0x000f15       data   0x000000
.udata_GLCDroutinesEasyPic.o      udata   0x000f15       data   0x000000
            .idata_fabs.o      idata   0x000f15       data   0x000000
            .udata_fabs.o      udata   0x000f15       data   0x000000
           .idata_errno.o      idata   0x000f15       data   0x000000
            .udata_main.o      udata   0x000f15       data   0x000000
        .idata_UnpkMath.o      idata   0x000f15       data   0x000000
        .udata_UnpkMath.o      udata   0x000f15       data   0x000000
          .idata_sincos.o      idata   0x000f15       data   0x000000
          .udata_sincos.o      udata   0x000f15       data   0x000000
             .idata_cos.o      idata   0x000f15       data   0x000000
             .udata_cos.o      udata   0x000f15       data   0x000000
          .idata___init.o      idata   0x000f15       data   0x000000
          .udata___init.o      udata   0x000f15       data   0x000000
        .idata_fxd1616u.o      idata   0x000f15       data   0x000000
        .udata_fxd1616u.o      udata   0x000f15       data   0x000000
            .idata_main.o      idata   0x000f15       data   0x000000
              SFR_BANKED0      udata   0x000f16       data   0x00004a
            SFR_UNBANKED0      udata   0x000f60       data   0x0000a0



                              Program Memory Usage 
                               Start         End      
                           ---------   ---------      
                            0x000000    0x002887      
                            0x300000    0x300003      
                            0x300005    0x300005      
            10381 out of 132120 program addresses used, program memory utilization is 7%



                              Symbols - Sorted by Name
                     Name    Address   Location    Storage File                     
                ---------  ---------  ---------  --------- ---------                
                ClearGLCD   0x002370    program     extern C:\Users\nickm\Documents\CU-Boulder Senior Year\ASEN 4419\Final Project\PONG_project.X\GLCDroutinesEasyPic.c
                ClearLine   0x0022f2    program     extern C:\Users\nickm\Documents\CU-Boulder Senior Year\ASEN 4419\Final Project\PONG_project.X\GLCDroutinesEasyPic.c
                    D10_1   0x002880    program     static E:\3.46\pic18-lt\cxx-framework\src\traditional\delays\d10tcyx.asm
                     D10x   0x002878    program     static E:\3.46\pic18-lt\cxx-framework\src\traditional\delays\d10tcyx.asm
                   D1616S   0x001816    program     static E:\3.46\pic18-lt\cxx-framework\src\traditional\math\fxd1616s.asm
                D1616SNEG   0x001824    program     static E:\3.46\pic18-lt\cxx-framework\src\traditional\math\fxd1616s.asm
                 D1616SOK   0x001820    program     static E:\3.46\pic18-lt\cxx-framework\src\traditional\math\fxd1616s.asm
                  D1616SX   0x001836    program     static E:\3.46\pic18-lt\cxx-framework\src\traditional\math\fxd1616s.asm
                  DA1616S   0x001806    program     static E:\3.46\pic18-lt\cxx-framework\src\traditional\math\fxd1616s.asm
              Delay10TCYx   0x002870    program     extern E:\3.46\pic18-lt\cxx-framework\src\traditional\delays\d10tcyx.asm
                   Enable   0x00221a    program     extern C:\Users\nickm\Documents\CU-Boulder Senior Year\ASEN 4419\Final Project\PONG_project.X\GLCDroutinesEasyPic.c
                 FLO0832S   0x0015a4    program     extern E:\3.46\pic18-lt\cxx-framework\src\traditional\math\cast08FP.asm
                 FLO0832U   0x0015a0    program     extern E:\3.46\pic18-lt\cxx-framework\src\traditional\math\cast08FP.asm
                 FLO1632S   0x0015c6    program     extern E:\3.46\pic18-lt\cxx-framework\src\traditional\math\cast16FP.asm
                 FLO1632U   0x0015c2    program     extern E:\3.46\pic18-lt\cxx-framework\src\traditional\math\cast16FP.asm
                 FLO3232S   0x001a6c    program     extern E:\3.46\pic18-lt\cxx-framework\src\traditional\math\cast32FP.asm
                 FLO3232U   0x001a68    program     extern E:\3.46\pic18-lt\cxx-framework\src\traditional\math\cast32FP.asm
                    FPA32   0x0015ee    program     extern E:\3.46\pic18-lt\cxx-framework\src\traditional\math\addFP.asm
                    FPD32   0x001a9e    program     extern E:\3.46\pic18-lt\cxx-framework\src\traditional\math\divFP.asm
                    FPM32   0x00171a    program     extern E:\3.46\pic18-lt\cxx-framework\src\traditional\math\mulFP.asm
                    FPS32   0x0015ec    program     extern E:\3.46\pic18-lt\cxx-framework\src\traditional\math\addFP.asm
                 FXD1616S   0x0017f4    program     extern E:\3.46\pic18-lt\cxx-framework\src\traditional\math\fxd1616s.asm
                 FXD1616U   0x002808    program     extern E:\3.46\pic18-lt\cxx-framework\src\traditional\math\fxd1616u.c
                 FXM1616U   0x001c10    program     extern E:\3.46\pic18-lt\cxx-framework\src\traditional\math\fxm1616u.asm
                 HiPriISR   0x002434    program     extern C:\Users\nickm\Documents\CU-Boulder Senior Year\ASEN 4419\Final Project\PONG_project.X\main.c
                  INT3208   0x001840    program     extern E:\3.46\pic18-lt\cxx-framework\src\traditional\math\castFP08.asm
                  INT3216   0x001b44    program     extern E:\3.46\pic18-lt\cxx-framework\src\traditional\math\castFP16.asm
                  INT3232   0x001ba2    program     extern E:\3.46\pic18-lt\cxx-framework\src\traditional\math\castFP32.asm
                 InitGLCD   0x002234    program     extern C:\Users\nickm\Documents\CU-Boulder Senior Year\ASEN 4419\Final Project\PONG_project.X\GLCDroutinesEasyPic.c
                  Initial   0x0023b6    program     extern C:\Users\nickm\Documents\CU-Boulder Senior Year\ASEN 4419\Final Project\PONG_project.X\main.c
             Initial_ball   0x000044    program     extern C:\Users\nickm\Documents\CU-Boulder Senior Year\ASEN 4419\Final Project\PONG_project.X\Pong_funcs.c
                 LoPriISR   0x002442    program     extern C:\Users\nickm\Documents\CU-Boulder Senior Year\ASEN 4419\Final Project\PONG_project.X\main.c
                SetColumn   0x00224a    program     extern C:\Users\nickm\Documents\CU-Boulder Senior Year\ASEN 4419\Final Project\PONG_project.X\GLCDroutinesEasyPic.c
                SetCursor   0x0022ce    program     extern C:\Users\nickm\Documents\CU-Boulder Senior Year\ASEN 4419\Final Project\PONG_project.X\GLCDroutinesEasyPic.c
                  SetPage   0x00229c    program     extern C:\Users\nickm\Documents\CU-Boulder Senior Year\ASEN 4419\Final Project\PONG_project.X\GLCDroutinesEasyPic.c
                  TAGTB32   0x00188e    program     extern E:\3.46\pic18-lt\cxx-framework\src\traditional\math\gtFP.asm
                  TALTB32   0x0018a0    program     extern E:\3.46\pic18-lt\cxx-framework\src\traditional\math\ltFP.asm
              TMR0handler   0x00159e    program     extern C:\Users\nickm\Documents\CU-Boulder Senior Year\ASEN 4419\Final Project\PONG_project.X\Pong_funcs.c
              TMR1handler   0x000b54    program     extern C:\Users\nickm\Documents\CU-Boulder Senior Year\ASEN 4419\Final Project\PONG_project.X\Pong_funcs.c
              TMR3handler   0x000b64    program     extern C:\Users\nickm\Documents\CU-Boulder Senior Year\ASEN 4419\Final Project\PONG_project.X\Pong_funcs.c
              TMR5handler   0x000bb0    program     extern C:\Users\nickm\Documents\CU-Boulder Senior Year\ASEN 4419\Final Project\PONG_project.X\Pong_funcs.c
                WriteData   0x0021f6    program     extern C:\Users\nickm\Documents\CU-Boulder Senior Year\ASEN 4419\Final Project\PONG_project.X\GLCDroutinesEasyPic.c
        _D10TCYXCODE_000A   0x00287a    program     static E:\3.46\pic18-lt\cxx-framework\src\traditional\delays\d10tcyx.asm
        _D10TCYXCODE_000C   0x00287c    program     static E:\3.46\pic18-lt\cxx-framework\src\traditional\delays\d10tcyx.asm
        _D10TCYXCODE_000E   0x00287e    program     static E:\3.46\pic18-lt\cxx-framework\src\traditional\delays\d10tcyx.asm
                _UnpkMath   0x00250e    program     extern E:\3.46\pic18-lt\cxx-framework\src\traditional\stdclib\UnpkMath.c
              __FpCompare   0x0018b2    program     extern E:\3.46\pic18-lt\cxx-framework\src\traditional\math\compFP.asm
                 __FpExit   0x001968    program     extern E:\3.46\pic18-lt\cxx-framework\src\traditional\math\packFP.asm
                 __FpPack   0x001994    program     extern E:\3.46\pic18-lt\cxx-framework\src\traditional\math\packFP.asm
            __FpReturnNaN   0x00195c    program     extern E:\3.46\pic18-lt\cxx-framework\src\traditional\math\packFP.asm
         __FpReturnNegInf   0x00196e    program     extern E:\3.46\pic18-lt\cxx-framework\src\traditional\math\packFP.asm
        __FpReturnNegZero   0x001986    program     extern E:\3.46\pic18-lt\cxx-framework\src\traditional\math\packFP.asm
         __FpReturnPosInf   0x001974    program     extern E:\3.46\pic18-lt\cxx-framework\src\traditional\math\packFP.asm
        __FpReturnPosZero   0x00198e    program     extern E:\3.46\pic18-lt\cxx-framework\src\traditional\math\packFP.asm
        __FpReturnSignInf   0x00196a    program     extern E:\3.46\pic18-lt\cxx-framework\src\traditional\math\packFP.asm
       __FpReturnSignZero   0x001982    program     extern E:\3.46\pic18-lt\cxx-framework\src\traditional\math\packFP.asm
              __FpReturnW   0x0019ec    program     extern E:\3.46\pic18-lt\cxx-framework\src\traditional\math\packFP.asm
              __FpUnPackA   0x001a0c    program     extern E:\3.46\pic18-lt\cxx-framework\src\traditional\math\UnpackFP.asm
              __FpUnPackB   0x001a3c    program     extern E:\3.46\pic18-lt\cxx-framework\src\traditional\math\UnpackFP.asm
       ___return_lbl00000   0x000004    program     static                          
       ___return_lbl00000   0x002832    program     static                          
       ___return_lbl00000   0x002212    program     static                          
       ___return_lbl00000   0x00000c    program     static                          
       ___return_lbl00001   0x00001c    program     static                          
       ___return_lbl00001   0x00286e    program     static                          
       ___return_lbl00002   0x0026c6    program     static                          
               __config_0   0x300000    program     static C:\Users\nickm\Documents\CU-Boulder Senior Year\ASEN 4419\Final Project\PONG_project.X\main.c
               __config_1   0x300001    program     static C:\Users\nickm\Documents\CU-Boulder Senior Year\ASEN 4419\Final Project\PONG_project.X\main.c
               __config_2   0x300002    program     static C:\Users\nickm\Documents\CU-Boulder Senior Year\ASEN 4419\Final Project\PONG_project.X\main.c
               __config_3   0x300003    program     static C:\Users\nickm\Documents\CU-Boulder Senior Year\ASEN 4419\Final Project\PONG_project.X\main.c
               __config_4   0x300005    program     static C:\Users\nickm\Documents\CU-Boulder Senior Year\ASEN 4419\Final Project\PONG_project.X\main.c
                   __init   0x000006    program     extern E:\3.46\pic18-lt\cxx-framework\src\traditional\stdclib\__init.c
                   __pa_0   0x00261c    program     static E:\3.46\pic18-lt\cxx-framework\src\traditional\stdclib\UnpkMath.c
                   __pa_0   0x00203a    program     static E:\3.46\pic18-lt\cxx-framework\src\traditional\stdclib\sincos.c
                   __pa_1   0x002052    program     static E:\3.46\pic18-lt\cxx-framework\src\traditional\stdclib\sincos.c
                  __pa_10   0x00210e    program     static E:\3.46\pic18-lt\cxx-framework\src\traditional\stdclib\sincos.c
                  __pa_11   0x002120    program     static E:\3.46\pic18-lt\cxx-framework\src\traditional\stdclib\sincos.c
                  __pa_12   0x00212e    program     static E:\3.46\pic18-lt\cxx-framework\src\traditional\stdclib\sincos.c
                  __pa_13   0x002134    program     static E:\3.46\pic18-lt\cxx-framework\src\traditional\stdclib\sincos.c
                  __pa_14   0x00214e    program     static E:\3.46\pic18-lt\cxx-framework\src\traditional\stdclib\sincos.c
                  __pa_15   0x002160    program     static E:\3.46\pic18-lt\cxx-framework\src\traditional\stdclib\sincos.c
                  __pa_16   0x002184    program     static E:\3.46\pic18-lt\cxx-framework\src\traditional\stdclib\sincos.c
                  __pa_17   0x002196    program     static E:\3.46\pic18-lt\cxx-framework\src\traditional\stdclib\sincos.c
                  __pa_18   0x0021a4    program     static E:\3.46\pic18-lt\cxx-framework\src\traditional\stdclib\sincos.c
                  __pa_19   0x0021b6    program     static E:\3.46\pic18-lt\cxx-framework\src\traditional\stdclib\sincos.c
                   __pa_2   0x00206e    program     static E:\3.46\pic18-lt\cxx-framework\src\traditional\stdclib\sincos.c
                  __pa_20   0x0021c6    program     static E:\3.46\pic18-lt\cxx-framework\src\traditional\stdclib\sincos.c
                  __pa_21   0x0021d2    program     static E:\3.46\pic18-lt\cxx-framework\src\traditional\stdclib\sincos.c
                  __pa_22   0x0021dc    program     static E:\3.46\pic18-lt\cxx-framework\src\traditional\stdclib\sincos.c
                  __pa_23   0x0021e4    program     static E:\3.46\pic18-lt\cxx-framework\src\traditional\stdclib\sincos.c
                  __pa_24   0x0021ea    program     static E:\3.46\pic18-lt\cxx-framework\src\traditional\stdclib\sincos.c
                   __pa_3   0x002088    program     static E:\3.46\pic18-lt\cxx-framework\src\traditional\stdclib\sincos.c
                   __pa_4   0x002092    program     static E:\3.46\pic18-lt\cxx-framework\src\traditional\stdclib\sincos.c
                   __pa_5   0x0020a8    program     static E:\3.46\pic18-lt\cxx-framework\src\traditional\stdclib\sincos.c
                   __pa_6   0x0020be    program     static E:\3.46\pic18-lt\cxx-framework\src\traditional\stdclib\sincos.c
                   __pa_7   0x0020d0    program     static E:\3.46\pic18-lt\cxx-framework\src\traditional\stdclib\sincos.c
                   __pa_8   0x0020ea    program     static E:\3.46\pic18-lt\cxx-framework\src\traditional\stdclib\sincos.c
                   __pa_9   0x002104    program     static E:\3.46\pic18-lt\cxx-framework\src\traditional\stdclib\sincos.c
              __tmplbl_16   0x000ac0    program     static                          
            __zero_memory   0x002834    program     extern E:\3.46\pic18-lt\cxx-framework\src\traditional\proc\p18f87k22.asm
                _do_cinit   0x00262a    program     extern E:\3.46\pic18-lt\cxx-framework\src\traditional\startup\c018i.c
                   _entry   0x000000    program     extern E:\3.46\pic18-lt\cxx-framework\src\traditional\startup\c018i.c
                  _sincos   0x001c4c    program     extern E:\3.46\pic18-lt\cxx-framework\src\traditional\stdclib\sincos.c
                 _startup   0x002854    program     extern E:\3.46\pic18-lt\cxx-framework\src\traditional\startup\c018i.c
             atHighVector   0x000008    program     extern C:\Users\nickm\Documents\CU-Boulder Senior Year\ASEN 4419\Final Project\PONG_project.X\main.c
              atLowVector   0x000018    program     extern C:\Users\nickm\Documents\CU-Boulder Senior Year\ASEN 4419\Final Project\PONG_project.X\main.c
               begin_game   0x0010c0    program     extern C:\Users\nickm\Documents\CU-Boulder Senior Year\ASEN 4419\Final Project\PONG_project.X\Pong_funcs.c
             clear_paddle   0x000f28    program     extern C:\Users\nickm\Documents\CU-Boulder Senior Year\ASEN 4419\Final Project\PONG_project.X\Pong_funcs.c
                compare_l   0x00284a    program     static E:\3.46\pic18-lt\cxx-framework\src\traditional\proc\p18f87k22.asm
                copy_loop   0x00269c    program     static                          
            copy_one_byte   0x0026a2    program     static                          
                      cos   0x00277e    program     extern E:\3.46\pic18-lt\cxx-framework\src\traditional\stdclib\cos.c
                     done   0x0026c6    program     static                          
             done_copying   0x0026b0    program     static                          
                  endloop   0x00282e    program     static                          
                     fabs   0x0026c8    program     extern E:\3.46\pic18-lt\cxx-framework\src\traditional\stdclib\fabs.c
              goal_scored   0x000ad4    program     extern C:\Users\nickm\Documents\CU-Boulder Senior Year\ASEN 4419\Final Project\PONG_project.X\Pong_funcs.c
                 jANotInf   0x001abc    program     static E:\3.46\pic18-lt\cxx-framework\src\traditional\math\divFP.asm
                 jANotInf   0x001616    program     static E:\3.46\pic18-lt\cxx-framework\src\traditional\math\addFP.asm
                 jANotInf   0x001738    program     static E:\3.46\pic18-lt\cxx-framework\src\traditional\math\mulFP.asm
                 jANotNeg   0x0016aa    program     static E:\3.46\pic18-lt\cxx-framework\src\traditional\math\addFP.asm
                jANotZero   0x001ad0    program     static E:\3.46\pic18-lt\cxx-framework\src\traditional\math\divFP.asm
              jAandWsetup   0x00167a    program     static E:\3.46\pic18-lt\cxx-framework\src\traditional\math\addFP.asm
                  jAisNeg   0x00192e    program     static E:\3.46\pic18-lt\cxx-framework\src\traditional\math\compFP.asm
                 jAltBexp   0x001668    program     static E:\3.46\pic18-lt\cxx-framework\src\traditional\math\addFP.asm
                jBANotInf   0x00160c    program     static E:\3.46\pic18-lt\cxx-framework\src\traditional\math\addFP.asm
                 jBNotInf   0x001624    program     static E:\3.46\pic18-lt\cxx-framework\src\traditional\math\addFP.asm
              jBothFinite   0x001746    program     static E:\3.46\pic18-lt\cxx-framework\src\traditional\math\mulFP.asm
             jBothNotZero   0x001752    program     static E:\3.46\pic18-lt\cxx-framework\src\traditional\math\mulFP.asm
             jBothNotZero   0x0018d0    program     static E:\3.46\pic18-lt\cxx-framework\src\traditional\math\compFP.asm
            jDifOrPosSign   0x001638    program     static E:\3.46\pic18-lt\cxx-framework\src\traditional\math\addFP.asm
                      jEQ   0x0018ec    program     static E:\3.46\pic18-lt\cxx-framework\src\traditional\math\compFP.asm
                    jExch   0x0018f8    program     static E:\3.46\pic18-lt\cxx-framework\src\traditional\math\compFP.asm
                    jExit   0x001c0e    program     static E:\3.46\pic18-lt\cxx-framework\src\traditional\math\castFP32.asm
                    jExit   0x00188c    program     static E:\3.46\pic18-lt\cxx-framework\src\traditional\math\castFP08.asm
                    jExit   0x001ba0    program     static E:\3.46\pic18-lt\cxx-framework\src\traditional\math\castFP16.asm
                   jExpEQ   0x00193e    program     static E:\3.46\pic18-lt\cxx-framework\src\traditional\math\compFP.asm
                   jFinal   0x001922    program     static E:\3.46\pic18-lt\cxx-framework\src\traditional\math\compFP.asm
               jFinalSign   0x001712    program     static E:\3.46\pic18-lt\cxx-framework\src\traditional\math\addFP.asm
                jHaveZero   0x00174e    program     static E:\3.46\pic18-lt\cxx-framework\src\traditional\math\mulFP.asm
                jI2F08Beg   0x0015ae    program     static E:\3.46\pic18-lt\cxx-framework\src\traditional\math\cast08FP.asm
                jI2F16Beg   0x0015d6    program     static E:\3.46\pic18-lt\cxx-framework\src\traditional\math\cast16FP.asm
                jI2F32Beg   0x001a84    program     static E:\3.46\pic18-lt\cxx-framework\src\traditional\math\cast32FP.asm
                    jLoop   0x001be2    program     static E:\3.46\pic18-lt\cxx-framework\src\traditional\math\castFP32.asm
                    jLoop   0x001b80    program     static E:\3.46\pic18-lt\cxx-framework\src\traditional\math\castFP16.asm
                    jLoop   0x001af8    program     static E:\3.46\pic18-lt\cxx-framework\src\traditional\math\divFP.asm
                    jLoop   0x001874    program     static E:\3.46\pic18-lt\cxx-framework\src\traditional\math\castFP08.asm
                jLoopExit   0x001b90    program     static E:\3.46\pic18-lt\cxx-framework\src\traditional\math\castFP16.asm
                jLoopExit   0x001bf6    program     static E:\3.46\pic18-lt\cxx-framework\src\traditional\math\castFP32.asm
                jLoopExit   0x001882    program     static E:\3.46\pic18-lt\cxx-framework\src\traditional\math\castFP08.asm
                     jMax   0x001bb2    program     static E:\3.46\pic18-lt\cxx-framework\src\traditional\math\castFP32.asm
                     jMax   0x001b54    program     static E:\3.46\pic18-lt\cxx-framework\src\traditional\math\castFP16.asm
                     jMax   0x001850    program     static E:\3.46\pic18-lt\cxx-framework\src\traditional\math\castFP08.asm
                  jMaxNeg   0x001bc4    program     static E:\3.46\pic18-lt\cxx-framework\src\traditional\math\castFP32.asm
                  jMaxNeg   0x00185a    program     static E:\3.46\pic18-lt\cxx-framework\src\traditional\math\castFP08.asm
                  jMaxNeg   0x001b62    program     static E:\3.46\pic18-lt\cxx-framework\src\traditional\math\castFP16.asm
                  jMaxPos   0x001854    program     static E:\3.46\pic18-lt\cxx-framework\src\traditional\math\castFP08.asm
                  jMaxPos   0x001b58    program     static E:\3.46\pic18-lt\cxx-framework\src\traditional\math\castFP16.asm
                  jMaxPos   0x001bb6    program     static E:\3.46\pic18-lt\cxx-framework\src\traditional\math\castFP32.asm
                      jNE   0x0018f0    program     static E:\3.46\pic18-lt\cxx-framework\src\traditional\math\compFP.asm
                    jNext   0x001b1e    program     static E:\3.46\pic18-lt\cxx-framework\src\traditional\math\divFP.asm
                jNoAdjust   0x001b1c    program     static E:\3.46\pic18-lt\cxx-framework\src\traditional\math\divFP.asm
                  jNoExch   0x001918    program     static E:\3.46\pic18-lt\cxx-framework\src\traditional\math\compFP.asm
             jNotBothZero   0x00163c    program     static E:\3.46\pic18-lt\cxx-framework\src\traditional\math\addFP.asm
                  jNotInf   0x001b70    program     static E:\3.46\pic18-lt\cxx-framework\src\traditional\math\castFP16.asm
                  jNotInf   0x001bd0    program     static E:\3.46\pic18-lt\cxx-framework\src\traditional\math\castFP32.asm
                  jNotInf   0x001864    program     static E:\3.46\pic18-lt\cxx-framework\src\traditional\math\castFP08.asm
                  jPkLoop   0x0019a2    program     static E:\3.46\pic18-lt\cxx-framework\src\traditional\math\packFP.asm
             jPkRoundDone   0x0019ec    program     static E:\3.46\pic18-lt\cxx-framework\src\traditional\math\packFP.asm
               jPkRoundIt   0x0019d4    program     static E:\3.46\pic18-lt\cxx-framework\src\traditional\math\packFP.asm
             jPkShiftDone   0x0019be    program     static E:\3.46\pic18-lt\cxx-framework\src\traditional\math\packFP.asm
           jReturnPosInf0   0x001978    program     static E:\3.46\pic18-lt\cxx-framework\src\traditional\math\packFP.asm
                  jRotate   0x00194a    program     static E:\3.46\pic18-lt\cxx-framework\src\traditional\math\compFP.asm
                   jShift   0x001934    program     static E:\3.46\pic18-lt\cxx-framework\src\traditional\math\compFP.asm
               jShiftDone   0x0016d2    program     static E:\3.46\pic18-lt\cxx-framework\src\traditional\math\addFP.asm
               jShiftLoop   0x0016c4    program     static E:\3.46\pic18-lt\cxx-framework\src\traditional\math\addFP.asm
                jSignDone   0x001702    program     static E:\3.46\pic18-lt\cxx-framework\src\traditional\math\addFP.asm
              jSignedZero   0x001ac6    program     static E:\3.46\pic18-lt\cxx-framework\src\traditional\math\divFP.asm
                 jSignsEQ   0x0018d4    program     static E:\3.46\pic18-lt\cxx-framework\src\traditional\math\compFP.asm
                  jUnpkA1   0x001a16    program     static E:\3.46\pic18-lt\cxx-framework\src\traditional\math\UnpackFP.asm
                  jUnpkA2   0x001a2e    program     static E:\3.46\pic18-lt\cxx-framework\src\traditional\math\UnpackFP.asm
                 jUnpkANZ   0x001a24    program     static E:\3.46\pic18-lt\cxx-framework\src\traditional\math\UnpackFP.asm
                  jUnpkB1   0x001a46    program     static E:\3.46\pic18-lt\cxx-framework\src\traditional\math\UnpackFP.asm
                  jUnpkB2   0x001a5e    program     static E:\3.46\pic18-lt\cxx-framework\src\traditional\math\UnpackFP.asm
                 jUnpkBNZ   0x001a54    program     static E:\3.46\pic18-lt\cxx-framework\src\traditional\math\UnpackFP.asm
                 jUnpkNaN   0x001a38    program     static E:\3.46\pic18-lt\cxx-framework\src\traditional\math\UnpackFP.asm
                 jWNotNeg   0x0016be    program     static E:\3.46\pic18-lt\cxx-framework\src\traditional\math\addFP.asm
                   jWr123   0x001bbc    program     static E:\3.46\pic18-lt\cxx-framework\src\traditional\math\castFP32.asm
                  jWrZ123   0x001bcc    program     static E:\3.46\pic18-lt\cxx-framework\src\traditional\math\castFP32.asm
                    jZero   0x001b6a    program     static E:\3.46\pic18-lt\cxx-framework\src\traditional\math\castFP16.asm
                    jZero   0x001bca    program     static E:\3.46\pic18-lt\cxx-framework\src\traditional\math\castFP32.asm
                    jZero   0x001860    program     static E:\3.46\pic18-lt\cxx-framework\src\traditional\math\castFP08.asm
               jZero1and2   0x00197c    program     static E:\3.46\pic18-lt\cxx-framework\src\traditional\math\packFP.asm
                     loop   0x002812    program     static                          
                     loop   0x002864    program     static                          
                   loop_h   0x002842    program     static E:\3.46\pic18-lt\cxx-framework\src\traditional\proc\p18f87k22.asm
                   loop_l   0x00284c    program     static E:\3.46\pic18-lt\cxx-framework\src\traditional\proc\p18f87k22.asm
                     main   0x0023aa    program     extern C:\Users\nickm\Documents\CU-Boulder Senior Year\ASEN 4419\Final Project\PONG_project.X\main.c
           paddle_reflect   0x000e50    program     extern C:\Users\nickm\Documents\CU-Boulder Senior Year\ASEN 4419\Final Project\PONG_project.X\Pong_funcs.c
             print_paddle   0x000bfc    program     extern C:\Users\nickm\Documents\CU-Boulder Senior Year\ASEN 4419\Final Project\PONG_project.X\Pong_funcs.c
                     rand   0x0027da    program     extern E:\3.46\pic18-lt\cxx-framework\src\traditional\stdclib\rand.asm
                      sin   0x00272e    program     extern E:\3.46\pic18-lt\cxx-framework\src\traditional\stdclib\sin.c
                    srand   0x0027cc    program     extern E:\3.46\pic18-lt\cxx-framework\src\traditional\stdclib\rand.asm
                     test   0x002644    program     static                          
       total_paddle_clear   0x001042    program     extern C:\Users\nickm\Documents\CU-Boulder Senior Year\ASEN 4419\Final Project\PONG_project.X\Pong_funcs.c
              update_ball   0x000250    program     extern C:\Users\nickm\Documents\CU-Boulder Senior Year\ASEN 4419\Final Project\PONG_project.X\Pong_funcs.c
           update_paddles   0x000b00    program     extern C:\Users\nickm\Documents\CU-Boulder Senior Year\ASEN 4419\Final Project\PONG_project.X\Pong_funcs.c
               zero_block   0x002842    program     static E:\3.46\pic18-lt\cxx-framework\src\traditional\proc\p18f87k22.asm
                   ADCON0   0x000fc2       data     extern E:\3.46\pic18-lt\cxx-framework\src\traditional\proc\p18f87k22.asm
               ADCON0bits   0x000fc2       data     extern E:\3.46\pic18-lt\cxx-framework\src\traditional\proc\p18f87k22.asm
                   ADCON1   0x000fc1       data     extern E:\3.46\pic18-lt\cxx-framework\src\traditional\proc\p18f87k22.asm
               ADCON1bits   0x000fc1       data     extern E:\3.46\pic18-lt\cxx-framework\src\traditional\proc\p18f87k22.asm
                   ADCON2   0x000fc0       data     extern E:\3.46\pic18-lt\cxx-framework\src\traditional\proc\p18f87k22.asm
               ADCON2bits   0x000fc0       data     extern E:\3.46\pic18-lt\cxx-framework\src\traditional\proc\p18f87k22.asm
                    ADRES   0x000fc3       data     extern E:\3.46\pic18-lt\cxx-framework\src\traditional\proc\p18f87k22.asm
                   ADRESH   0x000fc4       data     extern E:\3.46\pic18-lt\cxx-framework\src\traditional\proc\p18f87k22.asm
                   ADRESL   0x000fc3       data     extern E:\3.46\pic18-lt\cxx-framework\src\traditional\proc\p18f87k22.asm
                  ALRMCFG   0x000f5b       data     extern E:\3.46\pic18-lt\cxx-framework\src\traditional\proc\p18f87k22.asm
              ALRMCFGbits   0x000f5b       data     extern E:\3.46\pic18-lt\cxx-framework\src\traditional\proc\p18f87k22.asm
                  ALRMRPT   0x000f5a       data     extern E:\3.46\pic18-lt\cxx-framework\src\traditional\proc\p18f87k22.asm
              ALRMRPTbits   0x000f5a       data     extern E:\3.46\pic18-lt\cxx-framework\src\traditional\proc\p18f87k22.asm
                  ALRMVAL   0x000f58       data     extern E:\3.46\pic18-lt\cxx-framework\src\traditional\proc\p18f87k22.asm
                 ALRMVALH   0x000f59       data     extern E:\3.46\pic18-lt\cxx-framework\src\traditional\proc\p18f87k22.asm
                 ALRMVALL   0x000f58       data     extern E:\3.46\pic18-lt\cxx-framework\src\traditional\proc\p18f87k22.asm
                   ANCON0   0x000f25       data     extern E:\3.46\pic18-lt\cxx-framework\src\traditional\proc\p18f87k22.asm
               ANCON0bits   0x000f25       data     extern E:\3.46\pic18-lt\cxx-framework\src\traditional\proc\p18f87k22.asm
                   ANCON1   0x000f24       data     extern E:\3.46\pic18-lt\cxx-framework\src\traditional\proc\p18f87k22.asm
               ANCON1bits   0x000f24       data     extern E:\3.46\pic18-lt\cxx-framework\src\traditional\proc\p18f87k22.asm
                   ANCON2   0x000f23       data     extern E:\3.46\pic18-lt\cxx-framework\src\traditional\proc\p18f87k22.asm
               ANCON2bits   0x000f23       data     extern E:\3.46\pic18-lt\cxx-framework\src\traditional\proc\p18f87k22.asm
                  BAUDCON   0x000f65       data     extern E:\3.46\pic18-lt\cxx-framework\src\traditional\proc\p18f87k22.asm
                 BAUDCON1   0x000f65       data     extern E:\3.46\pic18-lt\cxx-framework\src\traditional\proc\p18f87k22.asm
             BAUDCON1bits   0x000f65       data     extern E:\3.46\pic18-lt\cxx-framework\src\traditional\proc\p18f87k22.asm
                 BAUDCON2   0x000f20       data     extern E:\3.46\pic18-lt\cxx-framework\src\traditional\proc\p18f87k22.asm
             BAUDCON2bits   0x000f20       data     extern E:\3.46\pic18-lt\cxx-framework\src\traditional\proc\p18f87k22.asm
              BAUDCONbits   0x000f65       data     extern E:\3.46\pic18-lt\cxx-framework\src\traditional\proc\p18f87k22.asm
                  BAUDCTL   0x000f65       data     extern E:\3.46\pic18-lt\cxx-framework\src\traditional\proc\p18f87k22.asm
              BAUDCTLbits   0x000f65       data     extern E:\3.46\pic18-lt\cxx-framework\src\traditional\proc\p18f87k22.asm
                      BSR   0x000fe0       data     extern E:\3.46\pic18-lt\cxx-framework\src\traditional\proc\p18f87k22.asm
                 CCP10CON   0x000f40       data     extern E:\3.46\pic18-lt\cxx-framework\src\traditional\proc\p18f87k22.asm
             CCP10CONbits   0x000f40       data     extern E:\3.46\pic18-lt\cxx-framework\src\traditional\proc\p18f87k22.asm
                  CCP1CON   0x000fbb       data     extern E:\3.46\pic18-lt\cxx-framework\src\traditional\proc\p18f87k22.asm
              CCP1CONbits   0x000fbb       data     extern E:\3.46\pic18-lt\cxx-framework\src\traditional\proc\p18f87k22.asm
                  CCP2CON   0x000f4e       data     extern E:\3.46\pic18-lt\cxx-framework\src\traditional\proc\p18f87k22.asm
              CCP2CONbits   0x000f4e       data     extern E:\3.46\pic18-lt\cxx-framework\src\traditional\proc\p18f87k22.asm
                  CCP3CON   0x000f49       data     extern E:\3.46\pic18-lt\cxx-framework\src\traditional\proc\p18f87k22.asm
              CCP3CONbits   0x000f49       data     extern E:\3.46\pic18-lt\cxx-framework\src\traditional\proc\p18f87k22.asm
                  CCP4CON   0x000f77       data     extern E:\3.46\pic18-lt\cxx-framework\src\traditional\proc\p18f87k22.asm
              CCP4CONbits   0x000f77       data     extern E:\3.46\pic18-lt\cxx-framework\src\traditional\proc\p18f87k22.asm
                  CCP5CON   0x000f74       data     extern E:\3.46\pic18-lt\cxx-framework\src\traditional\proc\p18f87k22.asm
              CCP5CONbits   0x000f74       data     extern E:\3.46\pic18-lt\cxx-framework\src\traditional\proc\p18f87k22.asm
                  CCP6CON   0x000f71       data     extern E:\3.46\pic18-lt\cxx-framework\src\traditional\proc\p18f87k22.asm
              CCP6CONbits   0x000f71       data     extern E:\3.46\pic18-lt\cxx-framework\src\traditional\proc\p18f87k22.asm
                  CCP7CON   0x000f6e       data     extern E:\3.46\pic18-lt\cxx-framework\src\traditional\proc\p18f87k22.asm
              CCP7CONbits   0x000f6e       data     extern E:\3.46\pic18-lt\cxx-framework\src\traditional\proc\p18f87k22.asm
                  CCP8CON   0x000f46       data     extern E:\3.46\pic18-lt\cxx-framework\src\traditional\proc\p18f87k22.asm
              CCP8CONbits   0x000f46       data     extern E:\3.46\pic18-lt\cxx-framework\src\traditional\proc\p18f87k22.asm
                  CCP9CON   0x000f43       data     extern E:\3.46\pic18-lt\cxx-framework\src\traditional\proc\p18f87k22.asm
              CCP9CONbits   0x000f43       data     extern E:\3.46\pic18-lt\cxx-framework\src\traditional\proc\p18f87k22.asm
                    CCPR1   0x000fbc       data     extern E:\3.46\pic18-lt\cxx-framework\src\traditional\proc\p18f87k22.asm
                   CCPR10   0x000f41       data     extern E:\3.46\pic18-lt\cxx-framework\src\traditional\proc\p18f87k22.asm
                  CCPR10H   0x000f42       data     extern E:\3.46\pic18-lt\cxx-framework\src\traditional\proc\p18f87k22.asm
                  CCPR10L   0x000f41       data     extern E:\3.46\pic18-lt\cxx-framework\src\traditional\proc\p18f87k22.asm
                   CCPR1H   0x000fbd       data     extern E:\3.46\pic18-lt\cxx-framework\src\traditional\proc\p18f87k22.asm
                   CCPR1L   0x000fbc       data     extern E:\3.46\pic18-lt\cxx-framework\src\traditional\proc\p18f87k22.asm
                    CCPR2   0x000f4f       data     extern E:\3.46\pic18-lt\cxx-framework\src\traditional\proc\p18f87k22.asm
                   CCPR2H   0x000f50       data     extern E:\3.46\pic18-lt\cxx-framework\src\traditional\proc\p18f87k22.asm
                   CCPR2L   0x000f4f       data     extern E:\3.46\pic18-lt\cxx-framework\src\traditional\proc\p18f87k22.asm
                    CCPR3   0x000f4a       data     extern E:\3.46\pic18-lt\cxx-framework\src\traditional\proc\p18f87k22.asm
                   CCPR3H   0x000f4b       data     extern E:\3.46\pic18-lt\cxx-framework\src\traditional\proc\p18f87k22.asm
                   CCPR3L   0x000f4a       data     extern E:\3.46\pic18-lt\cxx-framework\src\traditional\proc\p18f87k22.asm
                    CCPR4   0x000f78       data     extern E:\3.46\pic18-lt\cxx-framework\src\traditional\proc\p18f87k22.asm
                   CCPR4H   0x000f79       data     extern E:\3.46\pic18-lt\cxx-framework\src\traditional\proc\p18f87k22.asm
                   CCPR4L   0x000f78       data     extern E:\3.46\pic18-lt\cxx-framework\src\traditional\proc\p18f87k22.asm
                    CCPR5   0x000f75       data     extern E:\3.46\pic18-lt\cxx-framework\src\traditional\proc\p18f87k22.asm
                   CCPR5H   0x000f76       data     extern E:\3.46\pic18-lt\cxx-framework\src\traditional\proc\p18f87k22.asm
                   CCPR5L   0x000f75       data     extern E:\3.46\pic18-lt\cxx-framework\src\traditional\proc\p18f87k22.asm
                    CCPR6   0x000f72       data     extern E:\3.46\pic18-lt\cxx-framework\src\traditional\proc\p18f87k22.asm
                   CCPR6H   0x000f73       data     extern E:\3.46\pic18-lt\cxx-framework\src\traditional\proc\p18f87k22.asm
                   CCPR6L   0x000f72       data     extern E:\3.46\pic18-lt\cxx-framework\src\traditional\proc\p18f87k22.asm
                    CCPR7   0x000f6f       data     extern E:\3.46\pic18-lt\cxx-framework\src\traditional\proc\p18f87k22.asm
                   CCPR7H   0x000f70       data     extern E:\3.46\pic18-lt\cxx-framework\src\traditional\proc\p18f87k22.asm
                   CCPR7L   0x000f6f       data     extern E:\3.46\pic18-lt\cxx-framework\src\traditional\proc\p18f87k22.asm
                    CCPR8   0x000f47       data     extern E:\3.46\pic18-lt\cxx-framework\src\traditional\proc\p18f87k22.asm
                   CCPR8H   0x000f48       data     extern E:\3.46\pic18-lt\cxx-framework\src\traditional\proc\p18f87k22.asm
                   CCPR8L   0x000f47       data     extern E:\3.46\pic18-lt\cxx-framework\src\traditional\proc\p18f87k22.asm
                    CCPR9   0x000f44       data     extern E:\3.46\pic18-lt\cxx-framework\src\traditional\proc\p18f87k22.asm
                   CCPR9H   0x000f45       data     extern E:\3.46\pic18-lt\cxx-framework\src\traditional\proc\p18f87k22.asm
                   CCPR9L   0x000f44       data     extern E:\3.46\pic18-lt\cxx-framework\src\traditional\proc\p18f87k22.asm
                 CCPTMRS0   0x000f2d       data     extern E:\3.46\pic18-lt\cxx-framework\src\traditional\proc\p18f87k22.asm
             CCPTMRS0bits   0x000f2d       data     extern E:\3.46\pic18-lt\cxx-framework\src\traditional\proc\p18f87k22.asm
                 CCPTMRS1   0x000f2c       data     extern E:\3.46\pic18-lt\cxx-framework\src\traditional\proc\p18f87k22.asm
             CCPTMRS1bits   0x000f2c       data     extern E:\3.46\pic18-lt\cxx-framework\src\traditional\proc\p18f87k22.asm
                 CCPTMRS2   0x000f2b       data     extern E:\3.46\pic18-lt\cxx-framework\src\traditional\proc\p18f87k22.asm
             CCPTMRS2bits   0x000f2b       data     extern E:\3.46\pic18-lt\cxx-framework\src\traditional\proc\p18f87k22.asm
                   CM1CON   0x000f54       data     extern E:\3.46\pic18-lt\cxx-framework\src\traditional\proc\p18f87k22.asm
                  CM1CON1   0x000f54       data     extern E:\3.46\pic18-lt\cxx-framework\src\traditional\proc\p18f87k22.asm
              CM1CON1bits   0x000f54       data     extern E:\3.46\pic18-lt\cxx-framework\src\traditional\proc\p18f87k22.asm
               CM1CONbits   0x000f54       data     extern E:\3.46\pic18-lt\cxx-framework\src\traditional\proc\p18f87k22.asm
                   CM2CON   0x000f2f       data     extern E:\3.46\pic18-lt\cxx-framework\src\traditional\proc\p18f87k22.asm
                  CM2CON1   0x000f2f       data     extern E:\3.46\pic18-lt\cxx-framework\src\traditional\proc\p18f87k22.asm
              CM2CON1bits   0x000f2f       data     extern E:\3.46\pic18-lt\cxx-framework\src\traditional\proc\p18f87k22.asm
               CM2CONbits   0x000f2f       data     extern E:\3.46\pic18-lt\cxx-framework\src\traditional\proc\p18f87k22.asm
                   CM3CON   0x000f2e       data     extern E:\3.46\pic18-lt\cxx-framework\src\traditional\proc\p18f87k22.asm
                  CM3CON1   0x000f2e       data     extern E:\3.46\pic18-lt\cxx-framework\src\traditional\proc\p18f87k22.asm
              CM3CON1bits   0x000f2e       data     extern E:\3.46\pic18-lt\cxx-framework\src\traditional\proc\p18f87k22.asm
               CM3CONbits   0x000f2e       data     extern E:\3.46\pic18-lt\cxx-framework\src\traditional\proc\p18f87k22.asm
                   CMSTAT   0x000fb4       data     extern E:\3.46\pic18-lt\cxx-framework\src\traditional\proc\p18f87k22.asm
                 CMSTATUS   0x000fb4       data     extern E:\3.46\pic18-lt\cxx-framework\src\traditional\proc\p18f87k22.asm
             CMSTATUSbits   0x000fb4       data     extern E:\3.46\pic18-lt\cxx-framework\src\traditional\proc\p18f87k22.asm
               CMSTATbits   0x000fb4       data     extern E:\3.46\pic18-lt\cxx-framework\src\traditional\proc\p18f87k22.asm
                 CTMUCONH   0x000f57       data     extern E:\3.46\pic18-lt\cxx-framework\src\traditional\proc\p18f87k22.asm
             CTMUCONHbits   0x000f57       data     extern E:\3.46\pic18-lt\cxx-framework\src\traditional\proc\p18f87k22.asm
                 CTMUCONL   0x000f56       data     extern E:\3.46\pic18-lt\cxx-framework\src\traditional\proc\p18f87k22.asm
             CTMUCONLbits   0x000f56       data     extern E:\3.46\pic18-lt\cxx-framework\src\traditional\proc\p18f87k22.asm
                 CTMUICON   0x000f55       data     extern E:\3.46\pic18-lt\cxx-framework\src\traditional\proc\p18f87k22.asm
             CTMUICONbits   0x000f55       data     extern E:\3.46\pic18-lt\cxx-framework\src\traditional\proc\p18f87k22.asm
                   CVRCON   0x000fb5       data     extern E:\3.46\pic18-lt\cxx-framework\src\traditional\proc\p18f87k22.asm
               CVRCONbits   0x000fb5       data     extern E:\3.46\pic18-lt\cxx-framework\src\traditional\proc\p18f87k22.asm
          DataDelayCount_   0x00006f       data     static C:\Users\nickm\Documents\CU-Boulder Senior Year\ASEN 4419\Final Project\PONG_project.X\GLCDroutinesEasyPic.c
                  ECCP1AS   0x000fbf       data     extern E:\3.46\pic18-lt\cxx-framework\src\traditional\proc\p18f87k22.asm
              ECCP1ASbits   0x000fbf       data     extern E:\3.46\pic18-lt\cxx-framework\src\traditional\proc\p18f87k22.asm
                 ECCP1CON   0x000fbb       data     extern E:\3.46\pic18-lt\cxx-framework\src\traditional\proc\p18f87k22.asm
             ECCP1CONbits   0x000fbb       data     extern E:\3.46\pic18-lt\cxx-framework\src\traditional\proc\p18f87k22.asm
                 ECCP1DEL   0x000fbe       data     extern E:\3.46\pic18-lt\cxx-framework\src\traditional\proc\p18f87k22.asm
             ECCP1DELbits   0x000fbe       data     extern E:\3.46\pic18-lt\cxx-framework\src\traditional\proc\p18f87k22.asm
                  ECCP2AS   0x000f52       data     extern E:\3.46\pic18-lt\cxx-framework\src\traditional\proc\p18f87k22.asm
              ECCP2ASbits   0x000f52       data     extern E:\3.46\pic18-lt\cxx-framework\src\traditional\proc\p18f87k22.asm
                 ECCP2CON   0x000f4e       data     extern E:\3.46\pic18-lt\cxx-framework\src\traditional\proc\p18f87k22.asm
             ECCP2CONbits   0x000f4e       data     extern E:\3.46\pic18-lt\cxx-framework\src\traditional\proc\p18f87k22.asm
                 ECCP2DEL   0x000f51       data     extern E:\3.46\pic18-lt\cxx-framework\src\traditional\proc\p18f87k22.asm
             ECCP2DELbits   0x000f51       data     extern E:\3.46\pic18-lt\cxx-framework\src\traditional\proc\p18f87k22.asm
                  ECCP3AS   0x000f4d       data     extern E:\3.46\pic18-lt\cxx-framework\src\traditional\proc\p18f87k22.asm
              ECCP3ASbits   0x000f4d       data     extern E:\3.46\pic18-lt\cxx-framework\src\traditional\proc\p18f87k22.asm
                 ECCP3DEL   0x000f4c       data     extern E:\3.46\pic18-lt\cxx-framework\src\traditional\proc\p18f87k22.asm
             ECCP3DELbits   0x000f4c       data     extern E:\3.46\pic18-lt\cxx-framework\src\traditional\proc\p18f87k22.asm
                    EEADR   0x000f62       data     extern E:\3.46\pic18-lt\cxx-framework\src\traditional\proc\p18f87k22.asm
                   EEADRH   0x000f63       data     extern E:\3.46\pic18-lt\cxx-framework\src\traditional\proc\p18f87k22.asm
                   EECON1   0x000f7f       data     extern E:\3.46\pic18-lt\cxx-framework\src\traditional\proc\p18f87k22.asm
               EECON1bits   0x000f7f       data     extern E:\3.46\pic18-lt\cxx-framework\src\traditional\proc\p18f87k22.asm
                   EECON2   0x000f7e       data     extern E:\3.46\pic18-lt\cxx-framework\src\traditional\proc\p18f87k22.asm
                   EEDATA   0x000f61       data     extern E:\3.46\pic18-lt\cxx-framework\src\traditional\proc\p18f87k22.asm
        EnableDelayCount_   0x00006e       data     static C:\Users\nickm\Documents\CU-Boulder Senior Year\ASEN 4419\Final Project\PONG_project.X\GLCDroutinesEasyPic.c
                     FSR0   0x000fe9       data     extern E:\3.46\pic18-lt\cxx-framework\src\traditional\proc\p18f87k22.asm
                    FSR0H   0x000fea       data     extern E:\3.46\pic18-lt\cxx-framework\src\traditional\proc\p18f87k22.asm
                    FSR0L   0x000fe9       data     extern E:\3.46\pic18-lt\cxx-framework\src\traditional\proc\p18f87k22.asm
                     FSR1   0x000fe1       data     extern E:\3.46\pic18-lt\cxx-framework\src\traditional\proc\p18f87k22.asm
                    FSR1H   0x000fe2       data     extern E:\3.46\pic18-lt\cxx-framework\src\traditional\proc\p18f87k22.asm
                    FSR1L   0x000fe1       data     extern E:\3.46\pic18-lt\cxx-framework\src\traditional\proc\p18f87k22.asm
                     FSR2   0x000fd9       data     extern E:\3.46\pic18-lt\cxx-framework\src\traditional\proc\p18f87k22.asm
                    FSR2H   0x000fda       data     extern E:\3.46\pic18-lt\cxx-framework\src\traditional\proc\p18f87k22.asm
                    FSR2L   0x000fd9       data     extern E:\3.46\pic18-lt\cxx-framework\src\traditional\proc\p18f87k22.asm
                  HLVDCON   0x000fa8       data     extern E:\3.46\pic18-lt\cxx-framework\src\traditional\proc\p18f87k22.asm
              HLVDCONbits   0x000fa8       data     extern E:\3.46\pic18-lt\cxx-framework\src\traditional\proc\p18f87k22.asm
                    INDF0   0x000fef       data     extern E:\3.46\pic18-lt\cxx-framework\src\traditional\proc\p18f87k22.asm
                    INDF1   0x000fe7       data     extern E:\3.46\pic18-lt\cxx-framework\src\traditional\proc\p18f87k22.asm
                    INDF2   0x000fdf       data     extern E:\3.46\pic18-lt\cxx-framework\src\traditional\proc\p18f87k22.asm
                   INTCON   0x000ff2       data     extern E:\3.46\pic18-lt\cxx-framework\src\traditional\proc\p18f87k22.asm
                  INTCON2   0x000ff1       data     extern E:\3.46\pic18-lt\cxx-framework\src\traditional\proc\p18f87k22.asm
              INTCON2bits   0x000ff1       data     extern E:\3.46\pic18-lt\cxx-framework\src\traditional\proc\p18f87k22.asm
                  INTCON3   0x000ff0       data     extern E:\3.46\pic18-lt\cxx-framework\src\traditional\proc\p18f87k22.asm
              INTCON3bits   0x000ff0       data     extern E:\3.46\pic18-lt\cxx-framework\src\traditional\proc\p18f87k22.asm
               INTCONbits   0x000ff2       data     extern E:\3.46\pic18-lt\cxx-framework\src\traditional\proc\p18f87k22.asm
                     IPR1   0x000f9f       data     extern E:\3.46\pic18-lt\cxx-framework\src\traditional\proc\p18f87k22.asm
                 IPR1bits   0x000f9f       data     extern E:\3.46\pic18-lt\cxx-framework\src\traditional\proc\p18f87k22.asm
                     IPR2   0x000fa2       data     extern E:\3.46\pic18-lt\cxx-framework\src\traditional\proc\p18f87k22.asm
                 IPR2bits   0x000fa2       data     extern E:\3.46\pic18-lt\cxx-framework\src\traditional\proc\p18f87k22.asm
                     IPR3   0x000fa5       data     extern E:\3.46\pic18-lt\cxx-framework\src\traditional\proc\p18f87k22.asm
                 IPR3bits   0x000fa5       data     extern E:\3.46\pic18-lt\cxx-framework\src\traditional\proc\p18f87k22.asm
                     IPR4   0x000fb8       data     extern E:\3.46\pic18-lt\cxx-framework\src\traditional\proc\p18f87k22.asm
                 IPR4bits   0x000fb8       data     extern E:\3.46\pic18-lt\cxx-framework\src\traditional\proc\p18f87k22.asm
                     IPR5   0x000fd2       data     extern E:\3.46\pic18-lt\cxx-framework\src\traditional\proc\p18f87k22.asm
                 IPR5bits   0x000fd2       data     extern E:\3.46\pic18-lt\cxx-framework\src\traditional\proc\p18f87k22.asm
                     IPR6   0x000fa9       data     extern E:\3.46\pic18-lt\cxx-framework\src\traditional\proc\p18f87k22.asm
                 IPR6bits   0x000fa9       data     extern E:\3.46\pic18-lt\cxx-framework\src\traditional\proc\p18f87k22.asm
                     LATA   0x000f89       data     extern E:\3.46\pic18-lt\cxx-framework\src\traditional\proc\p18f87k22.asm
                 LATAbits   0x000f89       data     extern E:\3.46\pic18-lt\cxx-framework\src\traditional\proc\p18f87k22.asm
                     LATB   0x000f8a       data     extern E:\3.46\pic18-lt\cxx-framework\src\traditional\proc\p18f87k22.asm
                 LATBbits   0x000f8a       data     extern E:\3.46\pic18-lt\cxx-framework\src\traditional\proc\p18f87k22.asm
                     LATC   0x000f8b       data     extern E:\3.46\pic18-lt\cxx-framework\src\traditional\proc\p18f87k22.asm
                 LATCbits   0x000f8b       data     extern E:\3.46\pic18-lt\cxx-framework\src\traditional\proc\p18f87k22.asm
                     LATD   0x000f8c       data     extern E:\3.46\pic18-lt\cxx-framework\src\traditional\proc\p18f87k22.asm
                 LATDbits   0x000f8c       data     extern E:\3.46\pic18-lt\cxx-framework\src\traditional\proc\p18f87k22.asm
                     LATE   0x000f8d       data     extern E:\3.46\pic18-lt\cxx-framework\src\traditional\proc\p18f87k22.asm
                 LATEbits   0x000f8d       data     extern E:\3.46\pic18-lt\cxx-framework\src\traditional\proc\p18f87k22.asm
                     LATF   0x000f8e       data     extern E:\3.46\pic18-lt\cxx-framework\src\traditional\proc\p18f87k22.asm
                 LATFbits   0x000f8e       data     extern E:\3.46\pic18-lt\cxx-framework\src\traditional\proc\p18f87k22.asm
                     LATG   0x000f8f       data     extern E:\3.46\pic18-lt\cxx-framework\src\traditional\proc\p18f87k22.asm
                 LATGbits   0x000f8f       data     extern E:\3.46\pic18-lt\cxx-framework\src\traditional\proc\p18f87k22.asm
                     LATH   0x000f90       data     extern E:\3.46\pic18-lt\cxx-framework\src\traditional\proc\p18f87k22.asm
                 LATHbits   0x000f90       data     extern E:\3.46\pic18-lt\cxx-framework\src\traditional\proc\p18f87k22.asm
                     LATJ   0x000f91       data     extern E:\3.46\pic18-lt\cxx-framework\src\traditional\proc\p18f87k22.asm
                 LATJbits   0x000f91       data     extern E:\3.46\pic18-lt\cxx-framework\src\traditional\proc\p18f87k22.asm
                   MEMCON   0x000f26       data     extern E:\3.46\pic18-lt\cxx-framework\src\traditional\proc\p18f87k22.asm
               MEMCONbits   0x000f26       data     extern E:\3.46\pic18-lt\cxx-framework\src\traditional\proc\p18f87k22.asm
                   ODCON1   0x000f29       data     extern E:\3.46\pic18-lt\cxx-framework\src\traditional\proc\p18f87k22.asm
               ODCON1bits   0x000f29       data     extern E:\3.46\pic18-lt\cxx-framework\src\traditional\proc\p18f87k22.asm
                   ODCON2   0x000f28       data     extern E:\3.46\pic18-lt\cxx-framework\src\traditional\proc\p18f87k22.asm
               ODCON2bits   0x000f28       data     extern E:\3.46\pic18-lt\cxx-framework\src\traditional\proc\p18f87k22.asm
                   ODCON3   0x000f27       data     extern E:\3.46\pic18-lt\cxx-framework\src\traditional\proc\p18f87k22.asm
               ODCON3bits   0x000f27       data     extern E:\3.46\pic18-lt\cxx-framework\src\traditional\proc\p18f87k22.asm
                   OSCCON   0x000fd3       data     extern E:\3.46\pic18-lt\cxx-framework\src\traditional\proc\p18f87k22.asm
                  OSCCON2   0x000f64       data     extern E:\3.46\pic18-lt\cxx-framework\src\traditional\proc\p18f87k22.asm
              OSCCON2bits   0x000f64       data     extern E:\3.46\pic18-lt\cxx-framework\src\traditional\proc\p18f87k22.asm
               OSCCONbits   0x000fd3       data     extern E:\3.46\pic18-lt\cxx-framework\src\traditional\proc\p18f87k22.asm
                  OSCTUNE   0x000f9b       data     extern E:\3.46\pic18-lt\cxx-framework\src\traditional\proc\p18f87k22.asm
              OSCTUNEbits   0x000f9b       data     extern E:\3.46\pic18-lt\cxx-framework\src\traditional\proc\p18f87k22.asm
                  PADCFG1   0x000f53       data     extern E:\3.46\pic18-lt\cxx-framework\src\traditional\proc\p18f87k22.asm
              PADCFG1bits   0x000f53       data     extern E:\3.46\pic18-lt\cxx-framework\src\traditional\proc\p18f87k22.asm
                       PC   0x000ff9       data     extern E:\3.46\pic18-lt\cxx-framework\src\traditional\proc\p18f87k22.asm
                      PCL   0x000ff9       data     extern E:\3.46\pic18-lt\cxx-framework\src\traditional\proc\p18f87k22.asm
                   PCLATH   0x000ffa       data     extern E:\3.46\pic18-lt\cxx-framework\src\traditional\proc\p18f87k22.asm
                   PCLATU   0x000ffb       data     extern E:\3.46\pic18-lt\cxx-framework\src\traditional\proc\p18f87k22.asm
                     PIE1   0x000f9d       data     extern E:\3.46\pic18-lt\cxx-framework\src\traditional\proc\p18f87k22.asm
                 PIE1bits   0x000f9d       data     extern E:\3.46\pic18-lt\cxx-framework\src\traditional\proc\p18f87k22.asm
                     PIE2   0x000fa0       data     extern E:\3.46\pic18-lt\cxx-framework\src\traditional\proc\p18f87k22.asm
                 PIE2bits   0x000fa0       data     extern E:\3.46\pic18-lt\cxx-framework\src\traditional\proc\p18f87k22.asm
                     PIE3   0x000fa3       data     extern E:\3.46\pic18-lt\cxx-framework\src\traditional\proc\p18f87k22.asm
                 PIE3bits   0x000fa3       data     extern E:\3.46\pic18-lt\cxx-framework\src\traditional\proc\p18f87k22.asm
                     PIE4   0x000fb6       data     extern E:\3.46\pic18-lt\cxx-framework\src\traditional\proc\p18f87k22.asm
                 PIE4bits   0x000fb6       data     extern E:\3.46\pic18-lt\cxx-framework\src\traditional\proc\p18f87k22.asm
                     PIE5   0x000fb9       data     extern E:\3.46\pic18-lt\cxx-framework\src\traditional\proc\p18f87k22.asm
                 PIE5bits   0x000fb9       data     extern E:\3.46\pic18-lt\cxx-framework\src\traditional\proc\p18f87k22.asm
                     PIE6   0x000f60       data     extern E:\3.46\pic18-lt\cxx-framework\src\traditional\proc\p18f87k22.asm
                 PIE6bits   0x000f60       data     extern E:\3.46\pic18-lt\cxx-framework\src\traditional\proc\p18f87k22.asm
                     PIR1   0x000f9e       data     extern E:\3.46\pic18-lt\cxx-framework\src\traditional\proc\p18f87k22.asm
                 PIR1bits   0x000f9e       data     extern E:\3.46\pic18-lt\cxx-framework\src\traditional\proc\p18f87k22.asm
                     PIR2   0x000fa1       data     extern E:\3.46\pic18-lt\cxx-framework\src\traditional\proc\p18f87k22.asm
                 PIR2bits   0x000fa1       data     extern E:\3.46\pic18-lt\cxx-framework\src\traditional\proc\p18f87k22.asm
                     PIR3   0x000fa4       data     extern E:\3.46\pic18-lt\cxx-framework\src\traditional\proc\p18f87k22.asm
                 PIR3bits   0x000fa4       data     extern E:\3.46\pic18-lt\cxx-framework\src\traditional\proc\p18f87k22.asm
                     PIR4   0x000fb7       data     extern E:\3.46\pic18-lt\cxx-framework\src\traditional\proc\p18f87k22.asm
                 PIR4bits   0x000fb7       data     extern E:\3.46\pic18-lt\cxx-framework\src\traditional\proc\p18f87k22.asm
                     PIR5   0x000fba       data     extern E:\3.46\pic18-lt\cxx-framework\src\traditional\proc\p18f87k22.asm
                 PIR5bits   0x000fba       data     extern E:\3.46\pic18-lt\cxx-framework\src\traditional\proc\p18f87k22.asm
                     PIR6   0x000fa6       data     extern E:\3.46\pic18-lt\cxx-framework\src\traditional\proc\p18f87k22.asm
                 PIR6bits   0x000fa6       data     extern E:\3.46\pic18-lt\cxx-framework\src\traditional\proc\p18f87k22.asm
                   PLUSW0   0x000feb       data     extern E:\3.46\pic18-lt\cxx-framework\src\traditional\proc\p18f87k22.asm
                   PLUSW1   0x000fe3       data     extern E:\3.46\pic18-lt\cxx-framework\src\traditional\proc\p18f87k22.asm
                   PLUSW2   0x000fdb       data     extern E:\3.46\pic18-lt\cxx-framework\src\traditional\proc\p18f87k22.asm
                     PMD0   0x000f19       data     extern E:\3.46\pic18-lt\cxx-framework\src\traditional\proc\p18f87k22.asm
                 PMD0bits   0x000f19       data     extern E:\3.46\pic18-lt\cxx-framework\src\traditional\proc\p18f87k22.asm
                     PMD1   0x000f18       data     extern E:\3.46\pic18-lt\cxx-framework\src\traditional\proc\p18f87k22.asm
                 PMD1bits   0x000f18       data     extern E:\3.46\pic18-lt\cxx-framework\src\traditional\proc\p18f87k22.asm
                     PMD2   0x000f17       data     extern E:\3.46\pic18-lt\cxx-framework\src\traditional\proc\p18f87k22.asm
                 PMD2bits   0x000f17       data     extern E:\3.46\pic18-lt\cxx-framework\src\traditional\proc\p18f87k22.asm
                     PMD3   0x000f16       data     extern E:\3.46\pic18-lt\cxx-framework\src\traditional\proc\p18f87k22.asm
                 PMD3bits   0x000f16       data     extern E:\3.46\pic18-lt\cxx-framework\src\traditional\proc\p18f87k22.asm
                    PORTA   0x000f80       data     extern E:\3.46\pic18-lt\cxx-framework\src\traditional\proc\p18f87k22.asm
                PORTAbits   0x000f80       data     extern E:\3.46\pic18-lt\cxx-framework\src\traditional\proc\p18f87k22.asm
                    PORTB   0x000f81       data     extern E:\3.46\pic18-lt\cxx-framework\src\traditional\proc\p18f87k22.asm
                PORTBbits   0x000f81       data     extern E:\3.46\pic18-lt\cxx-framework\src\traditional\proc\p18f87k22.asm
                    PORTC   0x000f82       data     extern E:\3.46\pic18-lt\cxx-framework\src\traditional\proc\p18f87k22.asm
                PORTCbits   0x000f82       data     extern E:\3.46\pic18-lt\cxx-framework\src\traditional\proc\p18f87k22.asm
                    PORTD   0x000f83       data     extern E:\3.46\pic18-lt\cxx-framework\src\traditional\proc\p18f87k22.asm
                PORTDbits   0x000f83       data     extern E:\3.46\pic18-lt\cxx-framework\src\traditional\proc\p18f87k22.asm
                    PORTE   0x000f84       data     extern E:\3.46\pic18-lt\cxx-framework\src\traditional\proc\p18f87k22.asm
                PORTEbits   0x000f84       data     extern E:\3.46\pic18-lt\cxx-framework\src\traditional\proc\p18f87k22.asm
                    PORTF   0x000f85       data     extern E:\3.46\pic18-lt\cxx-framework\src\traditional\proc\p18f87k22.asm
                PORTFbits   0x000f85       data     extern E:\3.46\pic18-lt\cxx-framework\src\traditional\proc\p18f87k22.asm
                    PORTG   0x000f86       data     extern E:\3.46\pic18-lt\cxx-framework\src\traditional\proc\p18f87k22.asm
                PORTGbits   0x000f86       data     extern E:\3.46\pic18-lt\cxx-framework\src\traditional\proc\p18f87k22.asm
                    PORTH   0x000f87       data     extern E:\3.46\pic18-lt\cxx-framework\src\traditional\proc\p18f87k22.asm
                PORTHbits   0x000f87       data     extern E:\3.46\pic18-lt\cxx-framework\src\traditional\proc\p18f87k22.asm
                    PORTJ   0x000f88       data     extern E:\3.46\pic18-lt\cxx-framework\src\traditional\proc\p18f87k22.asm
                PORTJbits   0x000f88       data     extern E:\3.46\pic18-lt\cxx-framework\src\traditional\proc\p18f87k22.asm
                 POSTDEC0   0x000fed       data     extern E:\3.46\pic18-lt\cxx-framework\src\traditional\proc\p18f87k22.asm
                 POSTDEC1   0x000fe5       data     extern E:\3.46\pic18-lt\cxx-framework\src\traditional\proc\p18f87k22.asm
                 POSTDEC2   0x000fdd       data     extern E:\3.46\pic18-lt\cxx-framework\src\traditional\proc\p18f87k22.asm
                 POSTINC0   0x000fee       data     extern E:\3.46\pic18-lt\cxx-framework\src\traditional\proc\p18f87k22.asm
                 POSTINC1   0x000fe6       data     extern E:\3.46\pic18-lt\cxx-framework\src\traditional\proc\p18f87k22.asm
                 POSTINC2   0x000fde       data     extern E:\3.46\pic18-lt\cxx-framework\src\traditional\proc\p18f87k22.asm
                     PR10   0x000f34       data     extern E:\3.46\pic18-lt\cxx-framework\src\traditional\proc\p18f87k22.asm
                     PR12   0x000f31       data     extern E:\3.46\pic18-lt\cxx-framework\src\traditional\proc\p18f87k22.asm
                      PR2   0x000fcb       data     extern E:\3.46\pic18-lt\cxx-framework\src\traditional\proc\p18f87k22.asm
                      PR4   0x000f6c       data     extern E:\3.46\pic18-lt\cxx-framework\src\traditional\proc\p18f87k22.asm
                      PR6   0x000f3a       data     extern E:\3.46\pic18-lt\cxx-framework\src\traditional\proc\p18f87k22.asm
                      PR8   0x000f37       data     extern E:\3.46\pic18-lt\cxx-framework\src\traditional\proc\p18f87k22.asm
                  PREINC0   0x000fec       data     extern E:\3.46\pic18-lt\cxx-framework\src\traditional\proc\p18f87k22.asm
                  PREINC1   0x000fe4       data     extern E:\3.46\pic18-lt\cxx-framework\src\traditional\proc\p18f87k22.asm
                  PREINC2   0x000fdc       data     extern E:\3.46\pic18-lt\cxx-framework\src\traditional\proc\p18f87k22.asm
                     PROD   0x000ff3       data     extern E:\3.46\pic18-lt\cxx-framework\src\traditional\proc\p18f87k22.asm
                    PRODH   0x000ff4       data     extern E:\3.46\pic18-lt\cxx-framework\src\traditional\proc\p18f87k22.asm
                    PRODL   0x000ff3       data     extern E:\3.46\pic18-lt\cxx-framework\src\traditional\proc\p18f87k22.asm
                   PSPCON   0x000fa7       data     extern E:\3.46\pic18-lt\cxx-framework\src\traditional\proc\p18f87k22.asm
               PSPCONbits   0x000fa7       data     extern E:\3.46\pic18-lt\cxx-framework\src\traditional\proc\p18f87k22.asm
                 PSTR1CON   0x000f9c       data     extern E:\3.46\pic18-lt\cxx-framework\src\traditional\proc\p18f87k22.asm
             PSTR1CONbits   0x000f9c       data     extern E:\3.46\pic18-lt\cxx-framework\src\traditional\proc\p18f87k22.asm
                 PSTR2CON   0x000f1b       data     extern E:\3.46\pic18-lt\cxx-framework\src\traditional\proc\p18f87k22.asm
             PSTR2CONbits   0x000f1b       data     extern E:\3.46\pic18-lt\cxx-framework\src\traditional\proc\p18f87k22.asm
                 PSTR3CON   0x000f1a       data     extern E:\3.46\pic18-lt\cxx-framework\src\traditional\proc\p18f87k22.asm
             PSTR3CONbits   0x000f1a       data     extern E:\3.46\pic18-lt\cxx-framework\src\traditional\proc\p18f87k22.asm
                  PWM1CON   0x000fbe       data     extern E:\3.46\pic18-lt\cxx-framework\src\traditional\proc\p18f87k22.asm
              PWM1CONbits   0x000fbe       data     extern E:\3.46\pic18-lt\cxx-framework\src\traditional\proc\p18f87k22.asm
                  PWM2CON   0x000f51       data     extern E:\3.46\pic18-lt\cxx-framework\src\traditional\proc\p18f87k22.asm
              PWM2CONbits   0x000f51       data     extern E:\3.46\pic18-lt\cxx-framework\src\traditional\proc\p18f87k22.asm
                     RCON   0x000fd0       data     extern E:\3.46\pic18-lt\cxx-framework\src\traditional\proc\p18f87k22.asm
                 RCONbits   0x000fd0       data     extern E:\3.46\pic18-lt\cxx-framework\src\traditional\proc\p18f87k22.asm
                    RCREG   0x000fae       data     extern E:\3.46\pic18-lt\cxx-framework\src\traditional\proc\p18f87k22.asm
                   RCREG1   0x000fae       data     extern E:\3.46\pic18-lt\cxx-framework\src\traditional\proc\p18f87k22.asm
                   RCREG2   0x000f1d       data     extern E:\3.46\pic18-lt\cxx-framework\src\traditional\proc\p18f87k22.asm
                    RCSTA   0x000fab       data     extern E:\3.46\pic18-lt\cxx-framework\src\traditional\proc\p18f87k22.asm
                   RCSTA1   0x000fab       data     extern E:\3.46\pic18-lt\cxx-framework\src\traditional\proc\p18f87k22.asm
               RCSTA1bits   0x000fab       data     extern E:\3.46\pic18-lt\cxx-framework\src\traditional\proc\p18f87k22.asm
                   RCSTA2   0x000f22       data     extern E:\3.46\pic18-lt\cxx-framework\src\traditional\proc\p18f87k22.asm
               RCSTA2bits   0x000f22       data     extern E:\3.46\pic18-lt\cxx-framework\src\traditional\proc\p18f87k22.asm
                RCSTAbits   0x000fab       data     extern E:\3.46\pic18-lt\cxx-framework\src\traditional\proc\p18f87k22.asm
                  REFOCON   0x000f2a       data     extern E:\3.46\pic18-lt\cxx-framework\src\traditional\proc\p18f87k22.asm
              REFOCONbits   0x000f2a       data     extern E:\3.46\pic18-lt\cxx-framework\src\traditional\proc\p18f87k22.asm
                   RTCCAL   0x000f5e       data     extern E:\3.46\pic18-lt\cxx-framework\src\traditional\proc\p18f87k22.asm
               RTCCALbits   0x000f5e       data     extern E:\3.46\pic18-lt\cxx-framework\src\traditional\proc\p18f87k22.asm
                   RTCCFG   0x000f5f       data     extern E:\3.46\pic18-lt\cxx-framework\src\traditional\proc\p18f87k22.asm
               RTCCFGbits   0x000f5f       data     extern E:\3.46\pic18-lt\cxx-framework\src\traditional\proc\p18f87k22.asm
                   RTCVAL   0x000f5c       data     extern E:\3.46\pic18-lt\cxx-framework\src\traditional\proc\p18f87k22.asm
                  RTCVALH   0x000f5d       data     extern E:\3.46\pic18-lt\cxx-framework\src\traditional\proc\p18f87k22.asm
                  RTCVALL   0x000f5c       data     extern E:\3.46\pic18-lt\cxx-framework\src\traditional\proc\p18f87k22.asm
                     SIGN   0x000018       data     extern E:\3.46\pic18-lt\cxx-framework\src\traditional\math\cmath18.asm
                    SPBRG   0x000faf       data     extern E:\3.46\pic18-lt\cxx-framework\src\traditional\proc\p18f87k22.asm
                   SPBRG1   0x000faf       data     extern E:\3.46\pic18-lt\cxx-framework\src\traditional\proc\p18f87k22.asm
                   SPBRG2   0x000f1e       data     extern E:\3.46\pic18-lt\cxx-framework\src\traditional\proc\p18f87k22.asm
                  SPBRGH1   0x000fd4       data     extern E:\3.46\pic18-lt\cxx-framework\src\traditional\proc\p18f87k22.asm
                  SPBRGH2   0x000f1f       data     extern E:\3.46\pic18-lt\cxx-framework\src\traditional\proc\p18f87k22.asm
                  SSP1ADD   0x000fc8       data     extern E:\3.46\pic18-lt\cxx-framework\src\traditional\proc\p18f87k22.asm
                  SSP1BUF   0x000fc9       data     extern E:\3.46\pic18-lt\cxx-framework\src\traditional\proc\p18f87k22.asm
                 SSP1CON1   0x000fc6       data     extern E:\3.46\pic18-lt\cxx-framework\src\traditional\proc\p18f87k22.asm
             SSP1CON1bits   0x000fc6       data     extern E:\3.46\pic18-lt\cxx-framework\src\traditional\proc\p18f87k22.asm
                 SSP1CON2   0x000fc5       data     extern E:\3.46\pic18-lt\cxx-framework\src\traditional\proc\p18f87k22.asm
             SSP1CON2bits   0x000fc5       data     extern E:\3.46\pic18-lt\cxx-framework\src\traditional\proc\p18f87k22.asm
                  SSP1MSK   0x000fc8       data     extern E:\3.46\pic18-lt\cxx-framework\src\traditional\proc\p18f87k22.asm
              SSP1MSKbits   0x000fc8       data     extern E:\3.46\pic18-lt\cxx-framework\src\traditional\proc\p18f87k22.asm
                 SSP1STAT   0x000fc7       data     extern E:\3.46\pic18-lt\cxx-framework\src\traditional\proc\p18f87k22.asm
             SSP1STATbits   0x000fc7       data     extern E:\3.46\pic18-lt\cxx-framework\src\traditional\proc\p18f87k22.asm
                  SSP2ADD   0x000f69       data     extern E:\3.46\pic18-lt\cxx-framework\src\traditional\proc\p18f87k22.asm
                  SSP2BUF   0x000f6a       data     extern E:\3.46\pic18-lt\cxx-framework\src\traditional\proc\p18f87k22.asm
                 SSP2CON1   0x000f67       data     extern E:\3.46\pic18-lt\cxx-framework\src\traditional\proc\p18f87k22.asm
             SSP2CON1bits   0x000f67       data     extern E:\3.46\pic18-lt\cxx-framework\src\traditional\proc\p18f87k22.asm
                 SSP2CON2   0x000f66       data     extern E:\3.46\pic18-lt\cxx-framework\src\traditional\proc\p18f87k22.asm
             SSP2CON2bits   0x000f66       data     extern E:\3.46\pic18-lt\cxx-framework\src\traditional\proc\p18f87k22.asm
                  SSP2MSK   0x000f69       data     extern E:\3.46\pic18-lt\cxx-framework\src\traditional\proc\p18f87k22.asm
              SSP2MSKbits   0x000f69       data     extern E:\3.46\pic18-lt\cxx-framework\src\traditional\proc\p18f87k22.asm
                 SSP2STAT   0x000f68       data     extern E:\3.46\pic18-lt\cxx-framework\src\traditional\proc\p18f87k22.asm
             SSP2STATbits   0x000f68       data     extern E:\3.46\pic18-lt\cxx-framework\src\traditional\proc\p18f87k22.asm
                   SSPADD   0x000fc8       data     extern E:\3.46\pic18-lt\cxx-framework\src\traditional\proc\p18f87k22.asm
                   SSPBUF   0x000fc9       data     extern E:\3.46\pic18-lt\cxx-framework\src\traditional\proc\p18f87k22.asm
                  SSPCON1   0x000fc6       data     extern E:\3.46\pic18-lt\cxx-framework\src\traditional\proc\p18f87k22.asm
              SSPCON1bits   0x000fc6       data     extern E:\3.46\pic18-lt\cxx-framework\src\traditional\proc\p18f87k22.asm
                  SSPCON2   0x000fc5       data     extern E:\3.46\pic18-lt\cxx-framework\src\traditional\proc\p18f87k22.asm
              SSPCON2bits   0x000fc5       data     extern E:\3.46\pic18-lt\cxx-framework\src\traditional\proc\p18f87k22.asm
                  SSPSTAT   0x000fc7       data     extern E:\3.46\pic18-lt\cxx-framework\src\traditional\proc\p18f87k22.asm
              SSPSTATbits   0x000fc7       data     extern E:\3.46\pic18-lt\cxx-framework\src\traditional\proc\p18f87k22.asm
                   STATUS   0x000fd8       data     extern E:\3.46\pic18-lt\cxx-framework\src\traditional\proc\p18f87k22.asm
               STATUSbits   0x000fd8       data     extern E:\3.46\pic18-lt\cxx-framework\src\traditional\proc\p18f87k22.asm
                   STKPTR   0x000ffc       data     extern E:\3.46\pic18-lt\cxx-framework\src\traditional\proc\p18f87k22.asm
               STKPTRbits   0x000ffc       data     extern E:\3.46\pic18-lt\cxx-framework\src\traditional\proc\p18f87k22.asm
                     Seed   0x00006a       data     static E:\3.46\pic18-lt\cxx-framework\src\traditional\stdclib\rand.asm
                    T0CON   0x000fd5       data     extern E:\3.46\pic18-lt\cxx-framework\src\traditional\proc\p18f87k22.asm
                T0CONbits   0x000fd5       data     extern E:\3.46\pic18-lt\cxx-framework\src\traditional\proc\p18f87k22.asm
                   T10CON   0x000f33       data     extern E:\3.46\pic18-lt\cxx-framework\src\traditional\proc\p18f87k22.asm
               T10CONbits   0x000f33       data     extern E:\3.46\pic18-lt\cxx-framework\src\traditional\proc\p18f87k22.asm
                   T12CON   0x000f30       data     extern E:\3.46\pic18-lt\cxx-framework\src\traditional\proc\p18f87k22.asm
               T12CONbits   0x000f30       data     extern E:\3.46\pic18-lt\cxx-framework\src\traditional\proc\p18f87k22.asm
                    T1CON   0x000fcd       data     extern E:\3.46\pic18-lt\cxx-framework\src\traditional\proc\p18f87k22.asm
                T1CONbits   0x000fcd       data     extern E:\3.46\pic18-lt\cxx-framework\src\traditional\proc\p18f87k22.asm
                   T1GCON   0x000faa       data     extern E:\3.46\pic18-lt\cxx-framework\src\traditional\proc\p18f87k22.asm
               T1GCONbits   0x000faa       data     extern E:\3.46\pic18-lt\cxx-framework\src\traditional\proc\p18f87k22.asm
                    T2CON   0x000fca       data     extern E:\3.46\pic18-lt\cxx-framework\src\traditional\proc\p18f87k22.asm
                T2CONbits   0x000fca       data     extern E:\3.46\pic18-lt\cxx-framework\src\traditional\proc\p18f87k22.asm
                    T3CON   0x000fb1       data     extern E:\3.46\pic18-lt\cxx-framework\src\traditional\proc\p18f87k22.asm
                T3CONbits   0x000fb1       data     extern E:\3.46\pic18-lt\cxx-framework\src\traditional\proc\p18f87k22.asm
                   T3GCON   0x000fb0       data     extern E:\3.46\pic18-lt\cxx-framework\src\traditional\proc\p18f87k22.asm
               T3GCONbits   0x000fb0       data     extern E:\3.46\pic18-lt\cxx-framework\src\traditional\proc\p18f87k22.asm
                    T4CON   0x000f6b       data     extern E:\3.46\pic18-lt\cxx-framework\src\traditional\proc\p18f87k22.asm
                T4CONbits   0x000f6b       data     extern E:\3.46\pic18-lt\cxx-framework\src\traditional\proc\p18f87k22.asm
                    T5CON   0x000f7b       data     extern E:\3.46\pic18-lt\cxx-framework\src\traditional\proc\p18f87k22.asm
                T5CONbits   0x000f7b       data     extern E:\3.46\pic18-lt\cxx-framework\src\traditional\proc\p18f87k22.asm
                   T5GCON   0x000f7a       data     extern E:\3.46\pic18-lt\cxx-framework\src\traditional\proc\p18f87k22.asm
               T5GCONbits   0x000f7a       data     extern E:\3.46\pic18-lt\cxx-framework\src\traditional\proc\p18f87k22.asm
                    T6CON   0x000f39       data     extern E:\3.46\pic18-lt\cxx-framework\src\traditional\proc\p18f87k22.asm
                T6CONbits   0x000f39       data     extern E:\3.46\pic18-lt\cxx-framework\src\traditional\proc\p18f87k22.asm
[...]
                     PIR6   0x000fa6       data     extern E:\3.46\pic18-lt\cxx-framework\src\traditional\proc\p18f87k22.asm
                   PSPCON   0x000fa7       data     extern E:\3.46\pic18-lt\cxx-framework\src\traditional\proc\p18f87k22.asm
               PSPCONbits   0x000fa7       data     extern E:\3.46\pic18-lt\cxx-framework\src\traditional\proc\p18f87k22.asm
              HLVDCONbits   0x000fa8       data     extern E:\3.46\pic18-lt\cxx-framework\src\traditional\proc\p18f87k22.asm
                  HLVDCON   0x000fa8       data     extern E:\3.46\pic18-lt\cxx-framework\src\traditional\proc\p18f87k22.asm
                 IPR6bits   0x000fa9       data     extern E:\3.46\pic18-lt\cxx-framework\src\traditional\proc\p18f87k22.asm
                     IPR6   0x000fa9       data     extern E:\3.46\pic18-lt\cxx-framework\src\traditional\proc\p18f87k22.asm
               T1GCONbits   0x000faa       data     extern E:\3.46\pic18-lt\cxx-framework\src\traditional\proc\p18f87k22.asm
                   T1GCON   0x000faa       data     extern E:\3.46\pic18-lt\cxx-framework\src\traditional\proc\p18f87k22.asm
                    RCSTA   0x000fab       data     extern E:\3.46\pic18-lt\cxx-framework\src\traditional\proc\p18f87k22.asm
                   RCSTA1   0x000fab       data     extern E:\3.46\pic18-lt\cxx-framework\src\traditional\proc\p18f87k22.asm
               RCSTA1bits   0x000fab       data     extern E:\3.46\pic18-lt\cxx-framework\src\traditional\proc\p18f87k22.asm
                RCSTAbits   0x000fab       data     extern E:\3.46\pic18-lt\cxx-framework\src\traditional\proc\p18f87k22.asm
               TXSTA1bits   0x000fac       data     extern E:\3.46\pic18-lt\cxx-framework\src\traditional\proc\p18f87k22.asm
                   TXSTA1   0x000fac       data     extern E:\3.46\pic18-lt\cxx-framework\src\traditional\proc\p18f87k22.asm
                    TXSTA   0x000fac       data     extern E:\3.46\pic18-lt\cxx-framework\src\traditional\proc\p18f87k22.asm
                TXSTAbits   0x000fac       data     extern E:\3.46\pic18-lt\cxx-framework\src\traditional\proc\p18f87k22.asm
                   TXREG1   0x000fad       data     extern E:\3.46\pic18-lt\cxx-framework\src\traditional\proc\p18f87k22.asm
                    TXREG   0x000fad       data     extern E:\3.46\pic18-lt\cxx-framework\src\traditional\proc\p18f87k22.asm
                    RCREG   0x000fae       data     extern E:\3.46\pic18-lt\cxx-framework\src\traditional\proc\p18f87k22.asm
                   RCREG1   0x000fae       data     extern E:\3.46\pic18-lt\cxx-framework\src\traditional\proc\p18f87k22.asm
                   SPBRG1   0x000faf       data     extern E:\3.46\pic18-lt\cxx-framework\src\traditional\proc\p18f87k22.asm
                    SPBRG   0x000faf       data     extern E:\3.46\pic18-lt\cxx-framework\src\traditional\proc\p18f87k22.asm
               T3GCONbits   0x000fb0       data     extern E:\3.46\pic18-lt\cxx-framework\src\traditional\proc\p18f87k22.asm
                   T3GCON   0x000fb0       data     extern E:\3.46\pic18-lt\cxx-framework\src\traditional\proc\p18f87k22.asm
                T3CONbits   0x000fb1       data     extern E:\3.46\pic18-lt\cxx-framework\src\traditional\proc\p18f87k22.asm
                    T3CON   0x000fb1       data     extern E:\3.46\pic18-lt\cxx-framework\src\traditional\proc\p18f87k22.asm
                    TMR3L   0x000fb2       data     extern E:\3.46\pic18-lt\cxx-framework\src\traditional\proc\p18f87k22.asm
                    TMR3H   0x000fb3       data     extern E:\3.46\pic18-lt\cxx-framework\src\traditional\proc\p18f87k22.asm
                   CMSTAT   0x000fb4       data     extern E:\3.46\pic18-lt\cxx-framework\src\traditional\proc\p18f87k22.asm
                 CMSTATUS   0x000fb4       data     extern E:\3.46\pic18-lt\cxx-framework\src\traditional\proc\p18f87k22.asm
               CMSTATbits   0x000fb4       data     extern E:\3.46\pic18-lt\cxx-framework\src\traditional\proc\p18f87k22.asm
             CMSTATUSbits   0x000fb4       data     extern E:\3.46\pic18-lt\cxx-framework\src\traditional\proc\p18f87k22.asm
               CVRCONbits   0x000fb5       data     extern E:\3.46\pic18-lt\cxx-framework\src\traditional\proc\p18f87k22.asm
                   CVRCON   0x000fb5       data     extern E:\3.46\pic18-lt\cxx-framework\src\traditional\proc\p18f87k22.asm
                     PIE4   0x000fb6       data     extern E:\3.46\pic18-lt\cxx-framework\src\traditional\proc\p18f87k22.asm
                 PIE4bits   0x000fb6       data     extern E:\3.46\pic18-lt\cxx-framework\src\traditional\proc\p18f87k22.asm
                     PIR4   0x000fb7       data     extern E:\3.46\pic18-lt\cxx-framework\src\traditional\proc\p18f87k22.asm
                 PIR4bits   0x000fb7       data     extern E:\3.46\pic18-lt\cxx-framework\src\traditional\proc\p18f87k22.asm
                 IPR4bits   0x000fb8       data     extern E:\3.46\pic18-lt\cxx-framework\src\traditional\proc\p18f87k22.asm
                     IPR4   0x000fb8       data     extern E:\3.46\pic18-lt\cxx-framework\src\traditional\proc\p18f87k22.asm
                 PIE5bits   0x000fb9       data     extern E:\3.46\pic18-lt\cxx-framework\src\traditional\proc\p18f87k22.asm
                     PIE5   0x000fb9       data     extern E:\3.46\pic18-lt\cxx-framework\src\traditional\proc\p18f87k22.asm
                 PIR5bits   0x000fba       data     extern E:\3.46\pic18-lt\cxx-framework\src\traditional\proc\p18f87k22.asm
                     PIR5   0x000fba       data     extern E:\3.46\pic18-lt\cxx-framework\src\traditional\proc\p18f87k22.asm
                 ECCP1CON   0x000fbb       data     extern E:\3.46\pic18-lt\cxx-framework\src\traditional\proc\p18f87k22.asm
             ECCP1CONbits   0x000fbb       data     extern E:\3.46\pic18-lt\cxx-framework\src\traditional\proc\p18f87k22.asm
                  CCP1CON   0x000fbb       data     extern E:\3.46\pic18-lt\cxx-framework\src\traditional\proc\p18f87k22.asm
              CCP1CONbits   0x000fbb       data     extern E:\3.46\pic18-lt\cxx-framework\src\traditional\proc\p18f87k22.asm
                   CCPR1L   0x000fbc       data     extern E:\3.46\pic18-lt\cxx-framework\src\traditional\proc\p18f87k22.asm
                    CCPR1   0x000fbc       data     extern E:\3.46\pic18-lt\cxx-framework\src\traditional\proc\p18f87k22.asm
                   CCPR1H   0x000fbd       data     extern E:\3.46\pic18-lt\cxx-framework\src\traditional\proc\p18f87k22.asm
             ECCP1DELbits   0x000fbe       data     extern E:\3.46\pic18-lt\cxx-framework\src\traditional\proc\p18f87k22.asm
                 ECCP1DEL   0x000fbe       data     extern E:\3.46\pic18-lt\cxx-framework\src\traditional\proc\p18f87k22.asm
              PWM1CONbits   0x000fbe       data     extern E:\3.46\pic18-lt\cxx-framework\src\traditional\proc\p18f87k22.asm
                  PWM1CON   0x000fbe       data     extern E:\3.46\pic18-lt\cxx-framework\src\traditional\proc\p18f87k22.asm
              ECCP1ASbits   0x000fbf       data     extern E:\3.46\pic18-lt\cxx-framework\src\traditional\proc\p18f87k22.asm
                  ECCP1AS   0x000fbf       data     extern E:\3.46\pic18-lt\cxx-framework\src\traditional\proc\p18f87k22.asm
               ADCON2bits   0x000fc0       data     extern E:\3.46\pic18-lt\cxx-framework\src\traditional\proc\p18f87k22.asm
                   ADCON2   0x000fc0       data     extern E:\3.46\pic18-lt\cxx-framework\src\traditional\proc\p18f87k22.asm
               ADCON1bits   0x000fc1       data     extern E:\3.46\pic18-lt\cxx-framework\src\traditional\proc\p18f87k22.asm
                   ADCON1   0x000fc1       data     extern E:\3.46\pic18-lt\cxx-framework\src\traditional\proc\p18f87k22.asm
               ADCON0bits   0x000fc2       data     extern E:\3.46\pic18-lt\cxx-framework\src\traditional\proc\p18f87k22.asm
                   ADCON0   0x000fc2       data     extern E:\3.46\pic18-lt\cxx-framework\src\traditional\proc\p18f87k22.asm
                   ADRESL   0x000fc3       data     extern E:\3.46\pic18-lt\cxx-framework\src\traditional\proc\p18f87k22.asm
                    ADRES   0x000fc3       data     extern E:\3.46\pic18-lt\cxx-framework\src\traditional\proc\p18f87k22.asm
                   ADRESH   0x000fc4       data     extern E:\3.46\pic18-lt\cxx-framework\src\traditional\proc\p18f87k22.asm
              SSPCON2bits   0x000fc5       data     extern E:\3.46\pic18-lt\cxx-framework\src\traditional\proc\p18f87k22.asm
                 SSP1CON2   0x000fc5       data     extern E:\3.46\pic18-lt\cxx-framework\src\traditional\proc\p18f87k22.asm
             SSP1CON2bits   0x000fc5       data     extern E:\3.46\pic18-lt\cxx-framework\src\traditional\proc\p18f87k22.asm
                  SSPCON2   0x000fc5       data     extern E:\3.46\pic18-lt\cxx-framework\src\traditional\proc\p18f87k22.asm
              SSPCON1bits   0x000fc6       data     extern E:\3.46\pic18-lt\cxx-framework\src\traditional\proc\p18f87k22.asm
                  SSPCON1   0x000fc6       data     extern E:\3.46\pic18-lt\cxx-framework\src\traditional\proc\p18f87k22.asm
                 SSP1CON1   0x000fc6       data     extern E:\3.46\pic18-lt\cxx-framework\src\traditional\proc\p18f87k22.asm
             SSP1CON1bits   0x000fc6       data     extern E:\3.46\pic18-lt\cxx-framework\src\traditional\proc\p18f87k22.asm
             SSP1STATbits   0x000fc7       data     extern E:\3.46\pic18-lt\cxx-framework\src\traditional\proc\p18f87k22.asm
                 SSP1STAT   0x000fc7       data     extern E:\3.46\pic18-lt\cxx-framework\src\traditional\proc\p18f87k22.asm
                  SSPSTAT   0x000fc7       data     extern E:\3.46\pic18-lt\cxx-framework\src\traditional\proc\p18f87k22.asm
              SSPSTATbits   0x000fc7       data     extern E:\3.46\pic18-lt\cxx-framework\src\traditional\proc\p18f87k22.asm
                   SSPADD   0x000fc8       data     extern E:\3.46\pic18-lt\cxx-framework\src\traditional\proc\p18f87k22.asm
              SSP1MSKbits   0x000fc8       data     extern E:\3.46\pic18-lt\cxx-framework\src\traditional\proc\p18f87k22.asm
                  SSP1MSK   0x000fc8       data     extern E:\3.46\pic18-lt\cxx-framework\src\traditional\proc\p18f87k22.asm
                  SSP1ADD   0x000fc8       data     extern E:\3.46\pic18-lt\cxx-framework\src\traditional\proc\p18f87k22.asm
                   SSPBUF   0x000fc9       data     extern E:\3.46\pic18-lt\cxx-framework\src\traditional\proc\p18f87k22.asm
                  SSP1BUF   0x000fc9       data     extern E:\3.46\pic18-lt\cxx-framework\src\traditional\proc\p18f87k22.asm
                T2CONbits   0x000fca       data     extern E:\3.46\pic18-lt\cxx-framework\src\traditional\proc\p18f87k22.asm
                    T2CON   0x000fca       data     extern E:\3.46\pic18-lt\cxx-framework\src\traditional\proc\p18f87k22.asm
                      PR2   0x000fcb       data     extern E:\3.46\pic18-lt\cxx-framework\src\traditional\proc\p18f87k22.asm
                     TMR2   0x000fcc       data     extern E:\3.46\pic18-lt\cxx-framework\src\traditional\proc\p18f87k22.asm
                T1CONbits   0x000fcd       data     extern E:\3.46\pic18-lt\cxx-framework\src\traditional\proc\p18f87k22.asm
                    T1CON   0x000fcd       data     extern E:\3.46\pic18-lt\cxx-framework\src\traditional\proc\p18f87k22.asm
                    TMR1L   0x000fce       data     extern E:\3.46\pic18-lt\cxx-framework\src\traditional\proc\p18f87k22.asm
                    TMR1H   0x000fcf       data     extern E:\3.46\pic18-lt\cxx-framework\src\traditional\proc\p18f87k22.asm
                     RCON   0x000fd0       data     extern E:\3.46\pic18-lt\cxx-framework\src\traditional\proc\p18f87k22.asm
                 RCONbits   0x000fd0       data     extern E:\3.46\pic18-lt\cxx-framework\src\traditional\proc\p18f87k22.asm
               WDTCONbits   0x000fd1       data     extern E:\3.46\pic18-lt\cxx-framework\src\traditional\proc\p18f87k22.asm
                   WDTCON   0x000fd1       data     extern E:\3.46\pic18-lt\cxx-framework\src\traditional\proc\p18f87k22.asm
                     IPR5   0x000fd2       data     extern E:\3.46\pic18-lt\cxx-framework\src\traditional\proc\p18f87k22.asm
                 IPR5bits   0x000fd2       data     extern E:\3.46\pic18-lt\cxx-framework\src\traditional\proc\p18f87k22.asm
               OSCCONbits   0x000fd3       data     extern E:\3.46\pic18-lt\cxx-framework\src\traditional\proc\p18f87k22.asm
                   OSCCON   0x000fd3       data     extern E:\3.46\pic18-lt\cxx-framework\src\traditional\proc\p18f87k22.asm
                  SPBRGH1   0x000fd4       data     extern E:\3.46\pic18-lt\cxx-framework\src\traditional\proc\p18f87k22.asm
                T0CONbits   0x000fd5       data     extern E:\3.46\pic18-lt\cxx-framework\src\traditional\proc\p18f87k22.asm
                    T0CON   0x000fd5       data     extern E:\3.46\pic18-lt\cxx-framework\src\traditional\proc\p18f87k22.asm
                    TMR0L   0x000fd6       data     extern E:\3.46\pic18-lt\cxx-framework\src\traditional\proc\p18f87k22.asm
                    TMR0H   0x000fd7       data     extern E:\3.46\pic18-lt\cxx-framework\src\traditional\proc\p18f87k22.asm
               STATUSbits   0x000fd8       data     extern E:\3.46\pic18-lt\cxx-framework\src\traditional\proc\p18f87k22.asm
                   STATUS   0x000fd8       data     extern E:\3.46\pic18-lt\cxx-framework\src\traditional\proc\p18f87k22.asm
                    FSR2L   0x000fd9       data     extern E:\3.46\pic18-lt\cxx-framework\src\traditional\proc\p18f87k22.asm
                     FSR2   0x000fd9       data     extern E:\3.46\pic18-lt\cxx-framework\src\traditional\proc\p18f87k22.asm
                    FSR2H   0x000fda       data     extern E:\3.46\pic18-lt\cxx-framework\src\traditional\proc\p18f87k22.asm
                   PLUSW2   0x000fdb       data     extern E:\3.46\pic18-lt\cxx-framework\src\traditional\proc\p18f87k22.asm
                  PREINC2   0x000fdc       data     extern E:\3.46\pic18-lt\cxx-framework\src\traditional\proc\p18f87k22.asm
                 POSTDEC2   0x000fdd       data     extern E:\3.46\pic18-lt\cxx-framework\src\traditional\proc\p18f87k22.asm
                 POSTINC2   0x000fde       data     extern E:\3.46\pic18-lt\cxx-framework\src\traditional\proc\p18f87k22.asm
                    INDF2   0x000fdf       data     extern E:\3.46\pic18-lt\cxx-framework\src\traditional\proc\p18f87k22.asm
                      BSR   0x000fe0       data     extern E:\3.46\pic18-lt\cxx-framework\src\traditional\proc\p18f87k22.asm
                     FSR1   0x000fe1       data     extern E:\3.46\pic18-lt\cxx-framework\src\traditional\proc\p18f87k22.asm
                    FSR1L   0x000fe1       data     extern E:\3.46\pic18-lt\cxx-framework\src\traditional\proc\p18f87k22.asm
                    FSR1H   0x000fe2       data     extern E:\3.46\pic18-lt\cxx-framework\src\traditional\proc\p18f87k22.asm
                   PLUSW1   0x000fe3       data     extern E:\3.46\pic18-lt\cxx-framework\src\traditional\proc\p18f87k22.asm
                  PREINC1   0x000fe4       data     extern E:\3.46\pic18-lt\cxx-framework\src\traditional\proc\p18f87k22.asm
                 POSTDEC1   0x000fe5       data     extern E:\3.46\pic18-lt\cxx-framework\src\traditional\proc\p18f87k22.asm
                 POSTINC1   0x000fe6       data     extern E:\3.46\pic18-lt\cxx-framework\src\traditional\proc\p18f87k22.asm
                    INDF1   0x000fe7       data     extern E:\3.46\pic18-lt\cxx-framework\src\traditional\proc\p18f87k22.asm
                     WREG   0x000fe8       data     extern E:\3.46\pic18-lt\cxx-framework\src\traditional\proc\p18f87k22.asm
                     FSR0   0x000fe9       data     extern E:\3.46\pic18-lt\cxx-framework\src\traditional\proc\p18f87k22.asm
                    FSR0L   0x000fe9       data     extern E:\3.46\pic18-lt\cxx-framework\src\traditional\proc\p18f87k22.asm
                    FSR0H   0x000fea       data     extern E:\3.46\pic18-lt\cxx-framework\src\traditional\proc\p18f87k22.asm
                   PLUSW0   0x000feb       data     extern E:\3.46\pic18-lt\cxx-framework\src\traditional\proc\p18f87k22.asm
                  PREINC0   0x000fec       data     extern E:\3.46\pic18-lt\cxx-framework\src\traditional\proc\p18f87k22.asm
                 POSTDEC0   0x000fed       data     extern E:\3.46\pic18-lt\cxx-framework\src\traditional\proc\p18f87k22.asm
                 POSTINC0   0x000fee       data     extern E:\3.46\pic18-lt\cxx-framework\src\traditional\proc\p18f87k22.asm
                    INDF0   0x000fef       data     extern E:\3.46\pic18-lt\cxx-framework\src\traditional\proc\p18f87k22.asm
              INTCON3bits   0x000ff0       data     extern E:\3.46\pic18-lt\cxx-framework\src\traditional\proc\p18f87k22.asm
                  INTCON3   0x000ff0       data     extern E:\3.46\pic18-lt\cxx-framework\src\traditional\proc\p18f87k22.asm
                  INTCON2   0x000ff1       data     extern E:\3.46\pic18-lt\cxx-framework\src\traditional\proc\p18f87k22.asm
              INTCON2bits   0x000ff1       data     extern E:\3.46\pic18-lt\cxx-framework\src\traditional\proc\p18f87k22.asm
                   INTCON   0x000ff2       data     extern E:\3.46\pic18-lt\cxx-framework\src\traditional\proc\p18f87k22.asm
               INTCONbits   0x000ff2       data     extern E:\3.46\pic18-lt\cxx-framework\src\traditional\proc\p18f87k22.asm
                     PROD   0x000ff3       data     extern E:\3.46\pic18-lt\cxx-framework\src\traditional\proc\p18f87k22.asm
                    PRODL   0x000ff3       data     extern E:\3.46\pic18-lt\cxx-framework\src\traditional\proc\p18f87k22.asm
                    PRODH   0x000ff4       data     extern E:\3.46\pic18-lt\cxx-framework\src\traditional\proc\p18f87k22.asm
                   TABLAT   0x000ff5       data     extern E:\3.46\pic18-lt\cxx-framework\src\traditional\proc\p18f87k22.asm
                  TBLPTRL   0x000ff6       data     extern E:\3.46\pic18-lt\cxx-framework\src\traditional\proc\p18f87k22.asm
                   TBLPTR   0x000ff6       data     extern E:\3.46\pic18-lt\cxx-framework\src\traditional\proc\p18f87k22.asm
                  TBLPTRH   0x000ff7       data     extern E:\3.46\pic18-lt\cxx-framework\src\traditional\proc\p18f87k22.asm
                  TBLPTRU   0x000ff8       data     extern E:\3.46\pic18-lt\cxx-framework\src\traditional\proc\p18f87k22.asm
                       PC   0x000ff9       data     extern E:\3.46\pic18-lt\cxx-framework\src\traditional\proc\p18f87k22.asm
                      PCL   0x000ff9       data     extern E:\3.46\pic18-lt\cxx-framework\src\traditional\proc\p18f87k22.asm
                   PCLATH   0x000ffa       data     extern E:\3.46\pic18-lt\cxx-framework\src\traditional\proc\p18f87k22.asm
                   PCLATU   0x000ffb       data     extern E:\3.46\pic18-lt\cxx-framework\src\traditional\proc\p18f87k22.asm
                   STKPTR   0x000ffc       data     extern E:\3.46\pic18-lt\cxx-framework\src\traditional\proc\p18f87k22.asm
               STKPTRbits   0x000ffc       data     extern E:\3.46\pic18-lt\cxx-framework\src\traditional\proc\p18f87k22.asm
                      TOS   0x000ffd       data     extern E:\3.46\pic18-lt\cxx-framework\src\traditional\proc\p18f87k22.asm
                     TOSL   0x000ffd       data     extern E:\3.46\pic18-lt\cxx-framework\src\traditional\proc\p18f87k22.asm
                     TOSH   0x000ffe       data     extern E:\3.46\pic18-lt\cxx-framework\src\traditional\proc\p18f87k22.asm
                     TOSU   0x000fff       data     extern E:\3.46\pic18-lt\cxx-framework\src\traditional\proc\p18f87k22.asm


