MPLINK 5.00, LINKER
Linker Map File - Created Wed Nov 08 20:18:49 2017

                                 Section Info
                  Section       Type    Address   Location Size(Bytes)
                ---------  ---------  ---------  ---------  ---------
               _entry_scn       code   0x000000    program   0x000006
           .code___init.o       code   0x000006    program   0x000002
               highVector       code   0x000008    program   0x000006
        .romdata___init.o    romdata   0x00000e    program   0x000000
        .idata___init.o_i    romdata   0x00000e    program   0x000000
     .romdata_GLCD_Test.o    romdata   0x00000e    program   0x000000
.romdata_GLCDroutinesEasyPic.o    romdata   0x00000e    program   0x000000
.idata_GLCDroutinesEasyPic.o_i    romdata   0x00000e    program   0x000002
         .idata_c018i.o_i    romdata   0x00000e    program   0x000000
         .romdata_c018i.o    romdata   0x00000e    program   0x000000
     .idata_GLCD_Test.o_i    romdata   0x000010    program   0x000008
                lowVector       code   0x000018    program   0x000006
                   .cinit    romdata   0x00001e    program   0x00001a
.code_GLCDroutinesEasyPic.o       code   0x000038    program   0x0001b4
        .code_GLCD_Test.o       code   0x0001ec    program   0x000182
               _cinit_scn       code   0x00036e    program   0x00009e
                    .code       code   0x00040c    program   0x000020
             _startup_scn       code   0x00042c    program   0x00001c
              D10TCYXCODE       code   0x000448    program   0x000016
            .code_c018i.o       code   0x00045e    program   0x000000
.config_300000_GLCD_Test.o    romdata   0x300000    program   0x000001
.config_300001_GLCD_Test.o    romdata   0x300001    program   0x000001
.config_300002_GLCD_Test.o    romdata   0x300002    program   0x000001
.config_300003_GLCD_Test.o    romdata   0x300003    program   0x000001
.config_300005_GLCD_Test.o    romdata   0x300005    program   0x000001
                MATH_DATA      udata   0x000000       data   0x000002
                 .tmpdata      udata   0x000002       data   0x000002
                   .stack      udata   0x000e00       data   0x000100
           .udata_c018i.o      udata   0x000f00       data   0x00000a
       .idata_GLCD_Test.o      idata   0x000f0a       data   0x000008
.idata_GLCDroutinesEasyPic.o      idata   0x000f12       data   0x000002
           .idata_c018i.o      idata   0x000f14       data   0x000000
.udata_GLCDroutinesEasyPic.o      udata   0x000f14       data   0x000000
       .udata_GLCD_Test.o      udata   0x000f14       data   0x000000
          .udata___init.o      udata   0x000f14       data   0x000000
          .idata___init.o      idata   0x000f14       data   0x000000
              SFR_BANKED0      udata   0x000f16       data   0x00004a
            SFR_UNBANKED0      udata   0x000f60       data   0x0000a0



                              Program Memory Usage 
                               Start         End      
                           ---------   ---------      
                            0x000000    0x00045d      
                            0x300000    0x300003      
                            0x300005    0x300005      
            1123 out of 132120 program addresses used, program memory utilization is 0%



                              Symbols - Sorted by Name
                     Name    Address   Location    Storage File                     
                ---------  ---------  ---------  --------- ---------                
                ClearGLCD   0x0001b2    program     extern C:\Users\nickm\Documents\CU-Boulder Senior Year\ASEN 4419\Final Project\PONG_project.X\GLCDroutinesEasyPic.c
                ClearLine   0x000134    program     extern C:\Users\nickm\Documents\CU-Boulder Senior Year\ASEN 4419\Final Project\PONG_project.X\GLCDroutinesEasyPic.c
                    D10_1   0x000458    program     static E:\3.46\pic18-lt\cxx-framework\src\traditional\delays\d10tcyx.asm
                     D10x   0x000450    program     static E:\3.46\pic18-lt\cxx-framework\src\traditional\delays\d10tcyx.asm
              Delay10TCYx   0x000448    program     extern E:\3.46\pic18-lt\cxx-framework\src\traditional\delays\d10tcyx.asm
                   Enable   0x00005c    program     extern C:\Users\nickm\Documents\CU-Boulder Senior Year\ASEN 4419\Final Project\PONG_project.X\GLCDroutinesEasyPic.c
                 HiPriISR   0x0002a4    program     extern C:\Users\nickm\Documents\CU-Boulder Senior Year\ASEN 4419\Final Project\PONG_project.X\GLCD_Test.c
                 InitGLCD   0x000076    program     extern C:\Users\nickm\Documents\CU-Boulder Senior Year\ASEN 4419\Final Project\PONG_project.X\GLCDroutinesEasyPic.c
                  Initial   0x0001fe    program     extern C:\Users\nickm\Documents\CU-Boulder Senior Year\ASEN 4419\Final Project\PONG_project.X\GLCD_Test.c
                 LoPriISR   0x0002b2    program     extern C:\Users\nickm\Documents\CU-Boulder Senior Year\ASEN 4419\Final Project\PONG_project.X\GLCD_Test.c
                SetColumn   0x00008c    program     extern C:\Users\nickm\Documents\CU-Boulder Senior Year\ASEN 4419\Final Project\PONG_project.X\GLCDroutinesEasyPic.c
                SetCursor   0x000110    program     extern C:\Users\nickm\Documents\CU-Boulder Senior Year\ASEN 4419\Final Project\PONG_project.X\GLCDroutinesEasyPic.c
                  SetPage   0x0000de    program     extern C:\Users\nickm\Documents\CU-Boulder Senior Year\ASEN 4419\Final Project\PONG_project.X\GLCDroutinesEasyPic.c
              TMR0handler   0x000360    program     extern C:\Users\nickm\Documents\CU-Boulder Senior Year\ASEN 4419\Final Project\PONG_project.X\GLCD_Test.c
                WriteData   0x000038    program     extern C:\Users\nickm\Documents\CU-Boulder Senior Year\ASEN 4419\Final Project\PONG_project.X\GLCDroutinesEasyPic.c
        _D10TCYXCODE_000A   0x000452    program     static E:\3.46\pic18-lt\cxx-framework\src\traditional\delays\d10tcyx.asm
        _D10TCYXCODE_000C   0x000454    program     static E:\3.46\pic18-lt\cxx-framework\src\traditional\delays\d10tcyx.asm
        _D10TCYXCODE_000E   0x000456    program     static E:\3.46\pic18-lt\cxx-framework\src\traditional\delays\d10tcyx.asm
       ___return_lbl00000   0x000054    program     static                          
       ___return_lbl00000   0x00000c    program     static                          
       ___return_lbl00000   0x000004    program     static                          
       ___return_lbl00001   0x000446    program     static                          
       ___return_lbl00001   0x00001c    program     static                          
       ___return_lbl00002   0x00040a    program     static                          
               __config_0   0x300000    program     static C:\Users\nickm\Documents\CU-Boulder Senior Year\ASEN 4419\Final Project\PONG_project.X\GLCD_Test.c
               __config_1   0x300001    program     static C:\Users\nickm\Documents\CU-Boulder Senior Year\ASEN 4419\Final Project\PONG_project.X\GLCD_Test.c
               __config_2   0x300002    program     static C:\Users\nickm\Documents\CU-Boulder Senior Year\ASEN 4419\Final Project\PONG_project.X\GLCD_Test.c
               __config_3   0x300003    program     static C:\Users\nickm\Documents\CU-Boulder Senior Year\ASEN 4419\Final Project\PONG_project.X\GLCD_Test.c
               __config_4   0x300005    program     static C:\Users\nickm\Documents\CU-Boulder Senior Year\ASEN 4419\Final Project\PONG_project.X\GLCD_Test.c
                   __init   0x000006    program     extern E:\3.46\pic18-lt\cxx-framework\src\traditional\stdclib\__init.c
            __zero_memory   0x00040c    program     extern E:\3.46\pic18-lt\cxx-framework\src\traditional\proc\p18f87k22.asm
                _do_cinit   0x00036e    program     extern E:\3.46\pic18-lt\cxx-framework\src\traditional\startup\c018i.c
                   _entry   0x000000    program     extern E:\3.46\pic18-lt\cxx-framework\src\traditional\startup\c018i.c
                 _startup   0x00042c    program     extern E:\3.46\pic18-lt\cxx-framework\src\traditional\startup\c018i.c
             atHighVector   0x000008    program     extern C:\Users\nickm\Documents\CU-Boulder Senior Year\ASEN 4419\Final Project\PONG_project.X\GLCD_Test.c
              atLowVector   0x000018    program     extern C:\Users\nickm\Documents\CU-Boulder Senior Year\ASEN 4419\Final Project\PONG_project.X\GLCD_Test.c
                compare_l   0x000422    program     static E:\3.46\pic18-lt\cxx-framework\src\traditional\proc\p18f87k22.asm
                copy_loop   0x0003e0    program     static                          
            copy_one_byte   0x0003e6    program     static                          
                     done   0x00040a    program     static                          
             done_copying   0x0003f4    program     static                          
                     loop   0x00043c    program     static                          
                   loop_h   0x00041a    program     static E:\3.46\pic18-lt\cxx-framework\src\traditional\proc\p18f87k22.asm
                   loop_l   0x000424    program     static E:\3.46\pic18-lt\cxx-framework\src\traditional\proc\p18f87k22.asm
                     main   0x0001ec    program     extern C:\Users\nickm\Documents\CU-Boulder Senior Year\ASEN 4419\Final Project\PONG_project.X\GLCD_Test.c
                     test   0x000388    program     static                          
               zero_block   0x00041a    program     static E:\3.46\pic18-lt\cxx-framework\src\traditional\proc\p18f87k22.asm
                   ADCON0   0x000fc2       data     extern E:\3.46\pic18-lt\cxx-framework\src\traditional\proc\p18f87k22.asm
               ADCON0bits   0x000fc2       data     extern E:\3.46\pic18-lt\cxx-framework\src\traditional\proc\p18f87k22.asm
                   ADCON1   0x000fc1       data     extern E:\3.46\pic18-lt\cxx-framework\src\traditional\proc\p18f87k22.asm
               ADCON1bits   0x000fc1       data     extern E:\3.46\pic18-lt\cxx-framework\src\traditional\proc\p18f87k22.asm
                   ADCON2   0x000fc0       data     extern E:\3.46\pic18-lt\cxx-framework\src\traditional\proc\p18f87k22.asm
               ADCON2bits   0x000fc0       data     extern E:\3.46\pic18-lt\cxx-framework\src\traditional\proc\p18f87k22.asm
                    ADRES   0x000fc3       data     extern E:\3.46\pic18-lt\cxx-framework\src\traditional\proc\p18f87k22.asm
                   ADRESH   0x000fc4       data     extern E:\3.46\pic18-lt\cxx-framework\src\traditional\proc\p18f87k22.asm
                   ADRESL   0x000fc3       data     extern E:\3.46\pic18-lt\cxx-framework\src\traditional\proc\p18f87k22.asm
                  ALRMCFG   0x000f5b       data     extern E:\3.46\pic18-lt\cxx-framework\src\traditional\proc\p18f87k22.asm
              ALRMCFGbits   0x000f5b       data     extern E:\3.46\pic18-lt\cxx-framework\src\traditional\proc\p18f87k22.asm
                  ALRMRPT   0x000f5a       data     extern E:\3.46\pic18-lt\cxx-framework\src\traditional\proc\p18f87k22.asm
              ALRMRPTbits   0x000f5a       data     extern E:\3.46\pic18-lt\cxx-framework\src\traditional\proc\p18f87k22.asm
                  ALRMVAL   0x000f58       data     extern E:\3.46\pic18-lt\cxx-framework\src\traditional\proc\p18f87k22.asm
                 ALRMVALH   0x000f59       data     extern E:\3.46\pic18-lt\cxx-framework\src\traditional\proc\p18f87k22.asm
                 ALRMVALL   0x000f58       data     extern E:\3.46\pic18-lt\cxx-framework\src\traditional\proc\p18f87k22.asm
                   ANCON0   0x000f25       data     extern E:\3.46\pic18-lt\cxx-framework\src\traditional\proc\p18f87k22.asm
               ANCON0bits   0x000f25       data     extern E:\3.46\pic18-lt\cxx-framework\src\traditional\proc\p18f87k22.asm
                   ANCON1   0x000f24       data     extern E:\3.46\pic18-lt\cxx-framework\src\traditional\proc\p18f87k22.asm
               ANCON1bits   0x000f24       data     extern E:\3.46\pic18-lt\cxx-framework\src\traditional\proc\p18f87k22.asm
                   ANCON2   0x000f23       data     extern E:\3.46\pic18-lt\cxx-framework\src\traditional\proc\p18f87k22.asm
               ANCON2bits   0x000f23       data     extern E:\3.46\pic18-lt\cxx-framework\src\traditional\proc\p18f87k22.asm
              Alive_count   0x000f0a       data     extern C:\Users\nickm\Documents\CU-Boulder Senior Year\ASEN 4419\Final Project\PONG_project.X\GLCD_Test.c
                  BAUDCON   0x000f65       data     extern E:\3.46\pic18-lt\cxx-framework\src\traditional\proc\p18f87k22.asm
                 BAUDCON1   0x000f65       data     extern E:\3.46\pic18-lt\cxx-framework\src\traditional\proc\p18f87k22.asm
             BAUDCON1bits   0x000f65       data     extern E:\3.46\pic18-lt\cxx-framework\src\traditional\proc\p18f87k22.asm
                 BAUDCON2   0x000f20       data     extern E:\3.46\pic18-lt\cxx-framework\src\traditional\proc\p18f87k22.asm
             BAUDCON2bits   0x000f20       data     extern E:\3.46\pic18-lt\cxx-framework\src\traditional\proc\p18f87k22.asm
              BAUDCONbits   0x000f65       data     extern E:\3.46\pic18-lt\cxx-framework\src\traditional\proc\p18f87k22.asm
                  BAUDCTL   0x000f65       data     extern E:\3.46\pic18-lt\cxx-framework\src\traditional\proc\p18f87k22.asm
              BAUDCTLbits   0x000f65       data     extern E:\3.46\pic18-lt\cxx-framework\src\traditional\proc\p18f87k22.asm
                      BSR   0x000fe0       data     extern E:\3.46\pic18-lt\cxx-framework\src\traditional\proc\p18f87k22.asm
                 CCP10CON   0x000f40       data     extern E:\3.46\pic18-lt\cxx-framework\src\traditional\proc\p18f87k22.asm
             CCP10CONbits   0x000f40       data     extern E:\3.46\pic18-lt\cxx-framework\src\traditional\proc\p18f87k22.asm
                  CCP1CON   0x000fbb       data     extern E:\3.46\pic18-lt\cxx-framework\src\traditional\proc\p18f87k22.asm
              CCP1CONbits   0x000fbb       data     extern E:\3.46\pic18-lt\cxx-framework\src\traditional\proc\p18f87k22.asm
                  CCP2CON   0x000f4e       data     extern E:\3.46\pic18-lt\cxx-framework\src\traditional\proc\p18f87k22.asm
              CCP2CONbits   0x000f4e       data     extern E:\3.46\pic18-lt\cxx-framework\src\traditional\proc\p18f87k22.asm
                  CCP3CON   0x000f49       data     extern E:\3.46\pic18-lt\cxx-framework\src\traditional\proc\p18f87k22.asm
              CCP3CONbits   0x000f49       data     extern E:\3.46\pic18-lt\cxx-framework\src\traditional\proc\p18f87k22.asm
                  CCP4CON   0x000f77       data     extern E:\3.46\pic18-lt\cxx-framework\src\traditional\proc\p18f87k22.asm
              CCP4CONbits   0x000f77       data     extern E:\3.46\pic18-lt\cxx-framework\src\traditional\proc\p18f87k22.asm
                  CCP5CON   0x000f74       data     extern E:\3.46\pic18-lt\cxx-framework\src\traditional\proc\p18f87k22.asm
              CCP5CONbits   0x000f74       data     extern E:\3.46\pic18-lt\cxx-framework\src\traditional\proc\p18f87k22.asm
                  CCP6CON   0x000f71       data     extern E:\3.46\pic18-lt\cxx-framework\src\traditional\proc\p18f87k22.asm
              CCP6CONbits   0x000f71       data     extern E:\3.46\pic18-lt\cxx-framework\src\traditional\proc\p18f87k22.asm
                  CCP7CON   0x000f6e       data     extern E:\3.46\pic18-lt\cxx-framework\src\traditional\proc\p18f87k22.asm
              CCP7CONbits   0x000f6e       data     extern E:\3.46\pic18-lt\cxx-framework\src\traditional\proc\p18f87k22.asm
                  CCP8CON   0x000f46       data     extern E:\3.46\pic18-lt\cxx-framework\src\traditional\proc\p18f87k22.asm
              CCP8CONbits   0x000f46       data     extern E:\3.46\pic18-lt\cxx-framework\src\traditional\proc\p18f87k22.asm
                  CCP9CON   0x000f43       data     extern E:\3.46\pic18-lt\cxx-framework\src\traditional\proc\p18f87k22.asm
              CCP9CONbits   0x000f43       data     extern E:\3.46\pic18-lt\cxx-framework\src\traditional\proc\p18f87k22.asm
                    CCPR1   0x000fbc       data     extern E:\3.46\pic18-lt\cxx-framework\src\traditional\proc\p18f87k22.asm
                   CCPR10   0x000f41       data     extern E:\3.46\pic18-lt\cxx-framework\src\traditional\proc\p18f87k22.asm
                  CCPR10H   0x000f42       data     extern E:\3.46\pic18-lt\cxx-framework\src\traditional\proc\p18f87k22.asm
                  CCPR10L   0x000f41       data     extern E:\3.46\pic18-lt\cxx-framework\src\traditional\proc\p18f87k22.asm
                   CCPR1H   0x000fbd       data     extern E:\3.46\pic18-lt\cxx-framework\src\traditional\proc\p18f87k22.asm
                   CCPR1L   0x000fbc       data     extern E:\3.46\pic18-lt\cxx-framework\src\traditional\proc\p18f87k22.asm
                    CCPR2   0x000f4f       data     extern E:\3.46\pic18-lt\cxx-framework\src\traditional\proc\p18f87k22.asm
                   CCPR2H   0x000f50       data     extern E:\3.46\pic18-lt\cxx-framework\src\traditional\proc\p18f87k22.asm
                   CCPR2L   0x000f4f       data     extern E:\3.46\pic18-lt\cxx-framework\src\traditional\proc\p18f87k22.asm
                    CCPR3   0x000f4a       data     extern E:\3.46\pic18-lt\cxx-framework\src\traditional\proc\p18f87k22.asm
                   CCPR3H   0x000f4b       data     extern E:\3.46\pic18-lt\cxx-framework\src\traditional\proc\p18f87k22.asm
                   CCPR3L   0x000f4a       data     extern E:\3.46\pic18-lt\cxx-framework\src\traditional\proc\p18f87k22.asm
                    CCPR4   0x000f78       data     extern E:\3.46\pic18-lt\cxx-framework\src\traditional\proc\p18f87k22.asm
                   CCPR4H   0x000f79       data     extern E:\3.46\pic18-lt\cxx-framework\src\traditional\proc\p18f87k22.asm
                   CCPR4L   0x000f78       data     extern E:\3.46\pic18-lt\cxx-framework\src\traditional\proc\p18f87k22.asm
                    CCPR5   0x000f75       data     extern E:\3.46\pic18-lt\cxx-framework\src\traditional\proc\p18f87k22.asm
                   CCPR5H   0x000f76       data     extern E:\3.46\pic18-lt\cxx-framework\src\traditional\proc\p18f87k22.asm
                   CCPR5L   0x000f75       data     extern E:\3.46\pic18-lt\cxx-framework\src\traditional\proc\p18f87k22.asm
                    CCPR6   0x000f72       data     extern E:\3.46\pic18-lt\cxx-framework\src\traditional\proc\p18f87k22.asm
                   CCPR6H   0x000f73       data     extern E:\3.46\pic18-lt\cxx-framework\src\traditional\proc\p18f87k22.asm
                   CCPR6L   0x000f72       data     extern E:\3.46\pic18-lt\cxx-framework\src\traditional\proc\p18f87k22.asm
                    CCPR7   0x000f6f       data     extern E:\3.46\pic18-lt\cxx-framework\src\traditional\proc\p18f87k22.asm
                   CCPR7H   0x000f70       data     extern E:\3.46\pic18-lt\cxx-framework\src\traditional\proc\p18f87k22.asm
                   CCPR7L   0x000f6f       data     extern E:\3.46\pic18-lt\cxx-framework\src\traditional\proc\p18f87k22.asm
                    CCPR8   0x000f47       data     extern E:\3.46\pic18-lt\cxx-framework\src\traditional\proc\p18f87k22.asm
                   CCPR8H   0x000f48       data     extern E:\3.46\pic18-lt\cxx-framework\src\traditional\proc\p18f87k22.asm
                   CCPR8L   0x000f47       data     extern E:\3.46\pic18-lt\cxx-framework\src\traditional\proc\p18f87k22.asm
                    CCPR9   0x000f44       data     extern E:\3.46\pic18-lt\cxx-framework\src\traditional\proc\p18f87k22.asm
                   CCPR9H   0x000f45       data     extern E:\3.46\pic18-lt\cxx-framework\src\traditional\proc\p18f87k22.asm
                   CCPR9L   0x000f44       data     extern E:\3.46\pic18-lt\cxx-framework\src\traditional\proc\p18f87k22.asm
                 CCPTMRS0   0x000f2d       data     extern E:\3.46\pic18-lt\cxx-framework\src\traditional\proc\p18f87k22.asm
             CCPTMRS0bits   0x000f2d       data     extern E:\3.46\pic18-lt\cxx-framework\src\traditional\proc\p18f87k22.asm
                 CCPTMRS1   0x000f2c       data     extern E:\3.46\pic18-lt\cxx-framework\src\traditional\proc\p18f87k22.asm
             CCPTMRS1bits   0x000f2c       data     extern E:\3.46\pic18-lt\cxx-framework\src\traditional\proc\p18f87k22.asm
                 CCPTMRS2   0x000f2b       data     extern E:\3.46\pic18-lt\cxx-framework\src\traditional\proc\p18f87k22.asm
             CCPTMRS2bits   0x000f2b       data     extern E:\3.46\pic18-lt\cxx-framework\src\traditional\proc\p18f87k22.asm
                   CM1CON   0x000f54       data     extern E:\3.46\pic18-lt\cxx-framework\src\traditional\proc\p18f87k22.asm
                  CM1CON1   0x000f54       data     extern E:\3.46\pic18-lt\cxx-framework\src\traditional\proc\p18f87k22.asm
              CM1CON1bits   0x000f54       data     extern E:\3.46\pic18-lt\cxx-framework\src\traditional\proc\p18f87k22.asm
               CM1CONbits   0x000f54       data     extern E:\3.46\pic18-lt\cxx-framework\src\traditional\proc\p18f87k22.asm
                   CM2CON   0x000f2f       data     extern E:\3.46\pic18-lt\cxx-framework\src\traditional\proc\p18f87k22.asm
                  CM2CON1   0x000f2f       data     extern E:\3.46\pic18-lt\cxx-framework\src\traditional\proc\p18f87k22.asm
              CM2CON1bits   0x000f2f       data     extern E:\3.46\pic18-lt\cxx-framework\src\traditional\proc\p18f87k22.asm
               CM2CONbits   0x000f2f       data     extern E:\3.46\pic18-lt\cxx-framework\src\traditional\proc\p18f87k22.asm
                   CM3CON   0x000f2e       data     extern E:\3.46\pic18-lt\cxx-framework\src\traditional\proc\p18f87k22.asm
                  CM3CON1   0x000f2e       data     extern E:\3.46\pic18-lt\cxx-framework\src\traditional\proc\p18f87k22.asm
              CM3CON1bits   0x000f2e       data     extern E:\3.46\pic18-lt\cxx-framework\src\traditional\proc\p18f87k22.asm
               CM3CONbits   0x000f2e       data     extern E:\3.46\pic18-lt\cxx-framework\src\traditional\proc\p18f87k22.asm
                   CMSTAT   0x000fb4       data     extern E:\3.46\pic18-lt\cxx-framework\src\traditional\proc\p18f87k22.asm
                 CMSTATUS   0x000fb4       data     extern E:\3.46\pic18-lt\cxx-framework\src\traditional\proc\p18f87k22.asm
             CMSTATUSbits   0x000fb4       data     extern E:\3.46\pic18-lt\cxx-framework\src\traditional\proc\p18f87k22.asm
               CMSTATbits   0x000fb4       data     extern E:\3.46\pic18-lt\cxx-framework\src\traditional\proc\p18f87k22.asm
                 CTMUCONH   0x000f57       data     extern E:\3.46\pic18-lt\cxx-framework\src\traditional\proc\p18f87k22.asm
             CTMUCONHbits   0x000f57       data     extern E:\3.46\pic18-lt\cxx-framework\src\traditional\proc\p18f87k22.asm
                 CTMUCONL   0x000f56       data     extern E:\3.46\pic18-lt\cxx-framework\src\traditional\proc\p18f87k22.asm
             CTMUCONLbits   0x000f56       data     extern E:\3.46\pic18-lt\cxx-framework\src\traditional\proc\p18f87k22.asm
                 CTMUICON   0x000f55       data     extern E:\3.46\pic18-lt\cxx-framework\src\traditional\proc\p18f87k22.asm
             CTMUICONbits   0x000f55       data     extern E:\3.46\pic18-lt\cxx-framework\src\traditional\proc\p18f87k22.asm
                   CVRCON   0x000fb5       data     extern E:\3.46\pic18-lt\cxx-framework\src\traditional\proc\p18f87k22.asm
               CVRCONbits   0x000fb5       data     extern E:\3.46\pic18-lt\cxx-framework\src\traditional\proc\p18f87k22.asm
          DataDelayCount_   0x000f13       data     static C:\Users\nickm\Documents\CU-Boulder Senior Year\ASEN 4419\Final Project\PONG_project.X\GLCDroutinesEasyPic.c
                  ECCP1AS   0x000fbf       data     extern E:\3.46\pic18-lt\cxx-framework\src\traditional\proc\p18f87k22.asm
              ECCP1ASbits   0x000fbf       data     extern E:\3.46\pic18-lt\cxx-framework\src\traditional\proc\p18f87k22.asm
                 ECCP1CON   0x000fbb       data     extern E:\3.46\pic18-lt\cxx-framework\src\traditional\proc\p18f87k22.asm
             ECCP1CONbits   0x000fbb       data     extern E:\3.46\pic18-lt\cxx-framework\src\traditional\proc\p18f87k22.asm
                 ECCP1DEL   0x000fbe       data     extern E:\3.46\pic18-lt\cxx-framework\src\traditional\proc\p18f87k22.asm
             ECCP1DELbits   0x000fbe       data     extern E:\3.46\pic18-lt\cxx-framework\src\traditional\proc\p18f87k22.asm
                  ECCP2AS   0x000f52       data     extern E:\3.46\pic18-lt\cxx-framework\src\traditional\proc\p18f87k22.asm
              ECCP2ASbits   0x000f52       data     extern E:\3.46\pic18-lt\cxx-framework\src\traditional\proc\p18f87k22.asm
                 ECCP2CON   0x000f4e       data     extern E:\3.46\pic18-lt\cxx-framework\src\traditional\proc\p18f87k22.asm
             ECCP2CONbits   0x000f4e       data     extern E:\3.46\pic18-lt\cxx-framework\src\traditional\proc\p18f87k22.asm
                 ECCP2DEL   0x000f51       data     extern E:\3.46\pic18-lt\cxx-framework\src\traditional\proc\p18f87k22.asm
             ECCP2DELbits   0x000f51       data     extern E:\3.46\pic18-lt\cxx-framework\src\traditional\proc\p18f87k22.asm
                  ECCP3AS   0x000f4d       data     extern E:\3.46\pic18-lt\cxx-framework\src\traditional\proc\p18f87k22.asm
              ECCP3ASbits   0x000f4d       data     extern E:\3.46\pic18-lt\cxx-framework\src\traditional\proc\p18f87k22.asm
                 ECCP3DEL   0x000f4c       data     extern E:\3.46\pic18-lt\cxx-framework\src\traditional\proc\p18f87k22.asm
             ECCP3DELbits   0x000f4c       data     extern E:\3.46\pic18-lt\cxx-framework\src\traditional\proc\p18f87k22.asm
                    EEADR   0x000f62       data     extern E:\3.46\pic18-lt\cxx-framework\src\traditional\proc\p18f87k22.asm
                   EEADRH   0x000f63       data     extern E:\3.46\pic18-lt\cxx-framework\src\traditional\proc\p18f87k22.asm
                   EECON1   0x000f7f       data     extern E:\3.46\pic18-lt\cxx-framework\src\traditional\proc\p18f87k22.asm
               EECON1bits   0x000f7f       data     extern E:\3.46\pic18-lt\cxx-framework\src\traditional\proc\p18f87k22.asm
                   EECON2   0x000f7e       data     extern E:\3.46\pic18-lt\cxx-framework\src\traditional\proc\p18f87k22.asm
                   EEDATA   0x000f61       data     extern E:\3.46\pic18-lt\cxx-framework\src\traditional\proc\p18f87k22.asm
        EnableDelayCount_   0x000f12       data     static C:\Users\nickm\Documents\CU-Boulder Senior Year\ASEN 4419\Final Project\PONG_project.X\GLCDroutinesEasyPic.c
                     FSR0   0x000fe9       data     extern E:\3.46\pic18-lt\cxx-framework\src\traditional\proc\p18f87k22.asm
                    FSR0H   0x000fea       data     extern E:\3.46\pic18-lt\cxx-framework\src\traditional\proc\p18f87k22.asm
                    FSR0L   0x000fe9       data     extern E:\3.46\pic18-lt\cxx-framework\src\traditional\proc\p18f87k22.asm
                     FSR1   0x000fe1       data     extern E:\3.46\pic18-lt\cxx-framework\src\traditional\proc\p18f87k22.asm
                    FSR1H   0x000fe2       data     extern E:\3.46\pic18-lt\cxx-framework\src\traditional\proc\p18f87k22.asm
                    FSR1L   0x000fe1       data     extern E:\3.46\pic18-lt\cxx-framework\src\traditional\proc\p18f87k22.asm
                     FSR2   0x000fd9       data     extern E:\3.46\pic18-lt\cxx-framework\src\traditional\proc\p18f87k22.asm
                    FSR2H   0x000fda       data     extern E:\3.46\pic18-lt\cxx-framework\src\traditional\proc\p18f87k22.asm
                    FSR2L   0x000fd9       data     extern E:\3.46\pic18-lt\cxx-framework\src\traditional\proc\p18f87k22.asm
                        H   0x000f0c       data     extern C:\Users\nickm\Documents\CU-Boulder Senior Year\ASEN 4419\Final Project\PONG_project.X\GLCD_Test.c
                  HLVDCON   0x000fa8       data     extern E:\3.46\pic18-lt\cxx-framework\src\traditional\proc\p18f87k22.asm
              HLVDCONbits   0x000fa8       data     extern E:\3.46\pic18-lt\cxx-framework\src\traditional\proc\p18f87k22.asm
                    INDF0   0x000fef       data     extern E:\3.46\pic18-lt\cxx-framework\src\traditional\proc\p18f87k22.asm
                    INDF1   0x000fe7       data     extern E:\3.46\pic18-lt\cxx-framework\src\traditional\proc\p18f87k22.asm
                    INDF2   0x000fdf       data     extern E:\3.46\pic18-lt\cxx-framework\src\traditional\proc\p18f87k22.asm
                   INTCON   0x000ff2       data     extern E:\3.46\pic18-lt\cxx-framework\src\traditional\proc\p18f87k22.asm
                  INTCON2   0x000ff1       data     extern E:\3.46\pic18-lt\cxx-framework\src\traditional\proc\p18f87k22.asm
              INTCON2bits   0x000ff1       data     extern E:\3.46\pic18-lt\cxx-framework\src\traditional\proc\p18f87k22.asm
                  INTCON3   0x000ff0       data     extern E:\3.46\pic18-lt\cxx-framework\src\traditional\proc\p18f87k22.asm
              INTCON3bits   0x000ff0       data     extern E:\3.46\pic18-lt\cxx-framework\src\traditional\proc\p18f87k22.asm
               INTCONbits   0x000ff2       data     extern E:\3.46\pic18-lt\cxx-framework\src\traditional\proc\p18f87k22.asm
                     IPR1   0x000f9f       data     extern E:\3.46\pic18-lt\cxx-framework\src\traditional\proc\p18f87k22.asm
                 IPR1bits   0x000f9f       data     extern E:\3.46\pic18-lt\cxx-framework\src\traditional\proc\p18f87k22.asm
                     IPR2   0x000fa2       data     extern E:\3.46\pic18-lt\cxx-framework\src\traditional\proc\p18f87k22.asm
                 IPR2bits   0x000fa2       data     extern E:\3.46\pic18-lt\cxx-framework\src\traditional\proc\p18f87k22.asm
                     IPR3   0x000fa5       data     extern E:\3.46\pic18-lt\cxx-framework\src\traditional\proc\p18f87k22.asm
                 IPR3bits   0x000fa5       data     extern E:\3.46\pic18-lt\cxx-framework\src\traditional\proc\p18f87k22.asm
                     IPR4   0x000fb8       data     extern E:\3.46\pic18-lt\cxx-framework\src\traditional\proc\p18f87k22.asm
                 IPR4bits   0x000fb8       data     extern E:\3.46\pic18-lt\cxx-framework\src\traditional\proc\p18f87k22.asm
                     IPR5   0x000fd2       data     extern E:\3.46\pic18-lt\cxx-framework\src\traditional\proc\p18f87k22.asm
                 IPR5bits   0x000fd2       data     extern E:\3.46\pic18-lt\cxx-framework\src\traditional\proc\p18f87k22.asm
                     IPR6   0x000fa9       data     extern E:\3.46\pic18-lt\cxx-framework\src\traditional\proc\p18f87k22.asm
                 IPR6bits   0x000fa9       data     extern E:\3.46\pic18-lt\cxx-framework\src\traditional\proc\p18f87k22.asm
                     LATA   0x000f89       data     extern E:\3.46\pic18-lt\cxx-framework\src\traditional\proc\p18f87k22.asm
                 LATAbits   0x000f89       data     extern E:\3.46\pic18-lt\cxx-framework\src\traditional\proc\p18f87k22.asm
                     LATB   0x000f8a       data     extern E:\3.46\pic18-lt\cxx-framework\src\traditional\proc\p18f87k22.asm
                 LATBbits   0x000f8a       data     extern E:\3.46\pic18-lt\cxx-framework\src\traditional\proc\p18f87k22.asm
                     LATC   0x000f8b       data     extern E:\3.46\pic18-lt\cxx-framework\src\traditional\proc\p18f87k22.asm
                 LATCbits   0x000f8b       data     extern E:\3.46\pic18-lt\cxx-framework\src\traditional\proc\p18f87k22.asm
                     LATD   0x000f8c       data     extern E:\3.46\pic18-lt\cxx-framework\src\traditional\proc\p18f87k22.asm
                 LATDbits   0x000f8c       data     extern E:\3.46\pic18-lt\cxx-framework\src\traditional\proc\p18f87k22.asm
                     LATE   0x000f8d       data     extern E:\3.46\pic18-lt\cxx-framework\src\traditional\proc\p18f87k22.asm
                 LATEbits   0x000f8d       data     extern E:\3.46\pic18-lt\cxx-framework\src\traditional\proc\p18f87k22.asm
                     LATF   0x000f8e       data     extern E:\3.46\pic18-lt\cxx-framework\src\traditional\proc\p18f87k22.asm
                 LATFbits   0x000f8e       data     extern E:\3.46\pic18-lt\cxx-framework\src\traditional\proc\p18f87k22.asm
                     LATG   0x000f8f       data     extern E:\3.46\pic18-lt\cxx-framework\src\traditional\proc\p18f87k22.asm
                 LATGbits   0x000f8f       data     extern E:\3.46\pic18-lt\cxx-framework\src\traditional\proc\p18f87k22.asm
                     LATH   0x000f90       data     extern E:\3.46\pic18-lt\cxx-framework\src\traditional\proc\p18f87k22.asm
                 LATHbits   0x000f90       data     extern E:\3.46\pic18-lt\cxx-framework\src\traditional\proc\p18f87k22.asm
                     LATJ   0x000f91       data     extern E:\3.46\pic18-lt\cxx-framework\src\traditional\proc\p18f87k22.asm
                 LATJbits   0x000f91       data     extern E:\3.46\pic18-lt\cxx-framework\src\traditional\proc\p18f87k22.asm
                   MEMCON   0x000f26       data     extern E:\3.46\pic18-lt\cxx-framework\src\traditional\proc\p18f87k22.asm
               MEMCONbits   0x000f26       data     extern E:\3.46\pic18-lt\cxx-framework\src\traditional\proc\p18f87k22.asm
                   ODCON1   0x000f29       data     extern E:\3.46\pic18-lt\cxx-framework\src\traditional\proc\p18f87k22.asm
               ODCON1bits   0x000f29       data     extern E:\3.46\pic18-lt\cxx-framework\src\traditional\proc\p18f87k22.asm
                   ODCON2   0x000f28       data     extern E:\3.46\pic18-lt\cxx-framework\src\traditional\proc\p18f87k22.asm
               ODCON2bits   0x000f28       data     extern E:\3.46\pic18-lt\cxx-framework\src\traditional\proc\p18f87k22.asm
                   ODCON3   0x000f27       data     extern E:\3.46\pic18-lt\cxx-framework\src\traditional\proc\p18f87k22.asm
               ODCON3bits   0x000f27       data     extern E:\3.46\pic18-lt\cxx-framework\src\traditional\proc\p18f87k22.asm
                   OSCCON   0x000fd3       data     extern E:\3.46\pic18-lt\cxx-framework\src\traditional\proc\p18f87k22.asm
                  OSCCON2   0x000f64       data     extern E:\3.46\pic18-lt\cxx-framework\src\traditional\proc\p18f87k22.asm
              OSCCON2bits   0x000f64       data     extern E:\3.46\pic18-lt\cxx-framework\src\traditional\proc\p18f87k22.asm
               OSCCONbits   0x000fd3       data     extern E:\3.46\pic18-lt\cxx-framework\src\traditional\proc\p18f87k22.asm
                  OSCTUNE   0x000f9b       data     extern E:\3.46\pic18-lt\cxx-framework\src\traditional\proc\p18f87k22.asm
              OSCTUNEbits   0x000f9b       data     extern E:\3.46\pic18-lt\cxx-framework\src\traditional\proc\p18f87k22.asm
                  PADCFG1   0x000f53       data     extern E:\3.46\pic18-lt\cxx-framework\src\traditional\proc\p18f87k22.asm
              PADCFG1bits   0x000f53       data     extern E:\3.46\pic18-lt\cxx-framework\src\traditional\proc\p18f87k22.asm
                       PC   0x000ff9       data     extern E:\3.46\pic18-lt\cxx-framework\src\traditional\proc\p18f87k22.asm
                      PCL   0x000ff9       data     extern E:\3.46\pic18-lt\cxx-framework\src\traditional\proc\p18f87k22.asm
                   PCLATH   0x000ffa       data     extern E:\3.46\pic18-lt\cxx-framework\src\traditional\proc\p18f87k22.asm
                   PCLATU   0x000ffb       data     extern E:\3.46\pic18-lt\cxx-framework\src\traditional\proc\p18f87k22.asm
                     PIE1   0x000f9d       data     extern E:\3.46\pic18-lt\cxx-framework\src\traditional\proc\p18f87k22.asm
                 PIE1bits   0x000f9d       data     extern E:\3.46\pic18-lt\cxx-framework\src\traditional\proc\p18f87k22.asm
                     PIE2   0x000fa0       data     extern E:\3.46\pic18-lt\cxx-framework\src\traditional\proc\p18f87k22.asm
                 PIE2bits   0x000fa0       data     extern E:\3.46\pic18-lt\cxx-framework\src\traditional\proc\p18f87k22.asm
                     PIE3   0x000fa3       data     extern E:\3.46\pic18-lt\cxx-framework\src\traditional\proc\p18f87k22.asm
                 PIE3bits   0x000fa3       data     extern E:\3.46\pic18-lt\cxx-framework\src\traditional\proc\p18f87k22.asm
                     PIE4   0x000fb6       data     extern E:\3.46\pic18-lt\cxx-framework\src\traditional\proc\p18f87k22.asm
                 PIE4bits   0x000fb6       data     extern E:\3.46\pic18-lt\cxx-framework\src\traditional\proc\p18f87k22.asm
                     PIE5   0x000fb9       data     extern E:\3.46\pic18-lt\cxx-framework\src\traditional\proc\p18f87k22.asm
                 PIE5bits   0x000fb9       data     extern E:\3.46\pic18-lt\cxx-framework\src\traditional\proc\p18f87k22.asm
                     PIE6   0x000f60       data     extern E:\3.46\pic18-lt\cxx-framework\src\traditional\proc\p18f87k22.asm
                 PIE6bits   0x000f60       data     extern E:\3.46\pic18-lt\cxx-framework\src\traditional\proc\p18f87k22.asm
                     PIR1   0x000f9e       data     extern E:\3.46\pic18-lt\cxx-framework\src\traditional\proc\p18f87k22.asm
                 PIR1bits   0x000f9e       data     extern E:\3.46\pic18-lt\cxx-framework\src\traditional\proc\p18f87k22.asm
                     PIR2   0x000fa1       data     extern E:\3.46\pic18-lt\cxx-framework\src\traditional\proc\p18f87k22.asm
                 PIR2bits   0x000fa1       data     extern E:\3.46\pic18-lt\cxx-framework\src\traditional\proc\p18f87k22.asm
                     PIR3   0x000fa4       data     extern E:\3.46\pic18-lt\cxx-framework\src\traditional\proc\p18f87k22.asm
                 PIR3bits   0x000fa4       data     extern E:\3.46\pic18-lt\cxx-framework\src\traditional\proc\p18f87k22.asm
                     PIR4   0x000fb7       data     extern E:\3.46\pic18-lt\cxx-framework\src\traditional\proc\p18f87k22.asm
                 PIR4bits   0x000fb7       data     extern E:\3.46\pic18-lt\cxx-framework\src\traditional\proc\p18f87k22.asm
                     PIR5   0x000fba       data     extern E:\3.46\pic18-lt\cxx-framework\src\traditional\proc\p18f87k22.asm
                 PIR5bits   0x000fba       data     extern E:\3.46\pic18-lt\cxx-framework\src\traditional\proc\p18f87k22.asm
                     PIR6   0x000fa6       data     extern E:\3.46\pic18-lt\cxx-framework\src\traditional\proc\p18f87k22.asm
                 PIR6bits   0x000fa6       data     extern E:\3.46\pic18-lt\cxx-framework\src\traditional\proc\p18f87k22.asm
                   PLUSW0   0x000feb       data     extern E:\3.46\pic18-lt\cxx-framework\src\traditional\proc\p18f87k22.asm
                   PLUSW1   0x000fe3       data     extern E:\3.46\pic18-lt\cxx-framework\src\traditional\proc\p18f87k22.asm
                   PLUSW2   0x000fdb       data     extern E:\3.46\pic18-lt\cxx-framework\src\traditional\proc\p18f87k22.asm
                     PMD0   0x000f19       data     extern E:\3.46\pic18-lt\cxx-framework\src\traditional\proc\p18f87k22.asm
                 PMD0bits   0x000f19       data     extern E:\3.46\pic18-lt\cxx-framework\src\traditional\proc\p18f87k22.asm
                     PMD1   0x000f18       data     extern E:\3.46\pic18-lt\cxx-framework\src\traditional\proc\p18f87k22.asm
                 PMD1bits   0x000f18       data     extern E:\3.46\pic18-lt\cxx-framework\src\traditional\proc\p18f87k22.asm
                     PMD2   0x000f17       data     extern E:\3.46\pic18-lt\cxx-framework\src\traditional\proc\p18f87k22.asm
                 PMD2bits   0x000f17       data     extern E:\3.46\pic18-lt\cxx-framework\src\traditional\proc\p18f87k22.asm
                     PMD3   0x000f16       data     extern E:\3.46\pic18-lt\cxx-framework\src\traditional\proc\p18f87k22.asm
                 PMD3bits   0x000f16       data     extern E:\3.46\pic18-lt\cxx-framework\src\traditional\proc\p18f87k22.asm
                    PORTA   0x000f80       data     extern E:\3.46\pic18-lt\cxx-framework\src\traditional\proc\p18f87k22.asm
                PORTAbits   0x000f80       data     extern E:\3.46\pic18-lt\cxx-framework\src\traditional\proc\p18f87k22.asm
                    PORTB   0x000f81       data     extern E:\3.46\pic18-lt\cxx-framework\src\traditional\proc\p18f87k22.asm
                PORTBbits   0x000f81       data     extern E:\3.46\pic18-lt\cxx-framework\src\traditional\proc\p18f87k22.asm
                    PORTC   0x000f82       data     extern E:\3.46\pic18-lt\cxx-framework\src\traditional\proc\p18f87k22.asm
                PORTCbits   0x000f82       data     extern E:\3.46\pic18-lt\cxx-framework\src\traditional\proc\p18f87k22.asm
                    PORTD   0x000f83       data     extern E:\3.46\pic18-lt\cxx-framework\src\traditional\proc\p18f87k22.asm
                PORTDbits   0x000f83       data     extern E:\3.46\pic18-lt\cxx-framework\src\traditional\proc\p18f87k22.asm
                    PORTE   0x000f84       data     extern E:\3.46\pic18-lt\cxx-framework\src\traditional\proc\p18f87k22.asm
                PORTEbits   0x000f84       data     extern E:\3.46\pic18-lt\cxx-framework\src\traditional\proc\p18f87k22.asm
                    PORTF   0x000f85       data     extern E:\3.46\pic18-lt\cxx-framework\src\traditional\proc\p18f87k22.asm
                PORTFbits   0x000f85       data     extern E:\3.46\pic18-lt\cxx-framework\src\traditional\proc\p18f87k22.asm
                    PORTG   0x000f86       data     extern E:\3.46\pic18-lt\cxx-framework\src\traditional\proc\p18f87k22.asm
                PORTGbits   0x000f86       data     extern E:\3.46\pic18-lt\cxx-framework\src\traditional\proc\p18f87k22.asm
                    PORTH   0x000f87       data     extern E:\3.46\pic18-lt\cxx-framework\src\traditional\proc\p18f87k22.asm
                PORTHbits   0x000f87       data     extern E:\3.46\pic18-lt\cxx-framework\src\traditional\proc\p18f87k22.asm
                    PORTJ   0x000f88       data     extern E:\3.46\pic18-lt\cxx-framework\src\traditional\proc\p18f87k22.asm
                PORTJbits   0x000f88       data     extern E:\3.46\pic18-lt\cxx-framework\src\traditional\proc\p18f87k22.asm
                 POSTDEC0   0x000fed       data     extern E:\3.46\pic18-lt\cxx-framework\src\traditional\proc\p18f87k22.asm
                 POSTDEC1   0x000fe5       data     extern E:\3.46\pic18-lt\cxx-framework\src\traditional\proc\p18f87k22.asm
                 POSTDEC2   0x000fdd       data     extern E:\3.46\pic18-lt\cxx-framework\src\traditional\proc\p18f87k22.asm
                 POSTINC0   0x000fee       data     extern E:\3.46\pic18-lt\cxx-framework\src\traditional\proc\p18f87k22.asm
                 POSTINC1   0x000fe6       data     extern E:\3.46\pic18-lt\cxx-framework\src\traditional\proc\p18f87k22.asm
                 POSTINC2   0x000fde       data     extern E:\3.46\pic18-lt\cxx-framework\src\traditional\proc\p18f87k22.asm
                     PR10   0x000f34       data     extern E:\3.46\pic18-lt\cxx-framework\src\traditional\proc\p18f87k22.asm
                     PR12   0x000f31       data     extern E:\3.46\pic18-lt\cxx-framework\src\traditional\proc\p18f87k22.asm
                      PR2   0x000fcb       data     extern E:\3.46\pic18-lt\cxx-framework\src\traditional\proc\p18f87k22.asm
                      PR4   0x000f6c       data     extern E:\3.46\pic18-lt\cxx-framework\src\traditional\proc\p18f87k22.asm
                      PR6   0x000f3a       data     extern E:\3.46\pic18-lt\cxx-framework\src\traditional\proc\p18f87k22.asm
                      PR8   0x000f37       data     extern E:\3.46\pic18-lt\cxx-framework\src\traditional\proc\p18f87k22.asm
                  PREINC0   0x000fec       data     extern E:\3.46\pic18-lt\cxx-framework\src\traditional\proc\p18f87k22.asm
                  PREINC1   0x000fe4       data     extern E:\3.46\pic18-lt\cxx-framework\src\traditional\proc\p18f87k22.asm
                  PREINC2   0x000fdc       data     extern E:\3.46\pic18-lt\cxx-framework\src\traditional\proc\p18f87k22.asm
                     PROD   0x000ff3       data     extern E:\3.46\pic18-lt\cxx-framework\src\traditional\proc\p18f87k22.asm
                    PRODH   0x000ff4       data     extern E:\3.46\pic18-lt\cxx-framework\src\traditional\proc\p18f87k22.asm
                    PRODL   0x000ff3       data     extern E:\3.46\pic18-lt\cxx-framework\src\traditional\proc\p18f87k22.asm
                   PSPCON   0x000fa7       data     extern E:\3.46\pic18-lt\cxx-framework\src\traditional\proc\p18f87k22.asm
               PSPCONbits   0x000fa7       data     extern E:\3.46\pic18-lt\cxx-framework\src\traditional\proc\p18f87k22.asm
                 PSTR1CON   0x000f9c       data     extern E:\3.46\pic18-lt\cxx-framework\src\traditional\proc\p18f87k22.asm
             PSTR1CONbits   0x000f9c       data     extern E:\3.46\pic18-lt\cxx-framework\src\traditional\proc\p18f87k22.asm
                 PSTR2CON   0x000f1b       data     extern E:\3.46\pic18-lt\cxx-framework\src\traditional\proc\p18f87k22.asm
             PSTR2CONbits   0x000f1b       data     extern E:\3.46\pic18-lt\cxx-framework\src\traditional\proc\p18f87k22.asm
                 PSTR3CON   0x000f1a       data     extern E:\3.46\pic18-lt\cxx-framework\src\traditional\proc\p18f87k22.asm
             PSTR3CONbits   0x000f1a       data     extern E:\3.46\pic18-lt\cxx-framework\src\traditional\proc\p18f87k22.asm
                  PWM1CON   0x000fbe       data     extern E:\3.46\pic18-lt\cxx-framework\src\traditional\proc\p18f87k22.asm
              PWM1CONbits   0x000fbe       data     extern E:\3.46\pic18-lt\cxx-framework\src\traditional\proc\p18f87k22.asm
                  PWM2CON   0x000f51       data     extern E:\3.46\pic18-lt\cxx-framework\src\traditional\proc\p18f87k22.asm
              PWM2CONbits   0x000f51       data     extern E:\3.46\pic18-lt\cxx-framework\src\traditional\proc\p18f87k22.asm
                     RCON   0x000fd0       data     extern E:\3.46\pic18-lt\cxx-framework\src\traditional\proc\p18f87k22.asm
                 RCONbits   0x000fd0       data     extern E:\3.46\pic18-lt\cxx-framework\src\traditional\proc\p18f87k22.asm
                    RCREG   0x000fae       data     extern E:\3.46\pic18-lt\cxx-framework\src\traditional\proc\p18f87k22.asm
                   RCREG1   0x000fae       data     extern E:\3.46\pic18-lt\cxx-framework\src\traditional\proc\p18f87k22.asm
                   RCREG2   0x000f1d       data     extern E:\3.46\pic18-lt\cxx-framework\src\traditional\proc\p18f87k22.asm
                    RCSTA   0x000fab       data     extern E:\3.46\pic18-lt\cxx-framework\src\traditional\proc\p18f87k22.asm
                   RCSTA1   0x000fab       data     extern E:\3.46\pic18-lt\cxx-framework\src\traditional\proc\p18f87k22.asm
               RCSTA1bits   0x000fab       data     extern E:\3.46\pic18-lt\cxx-framework\src\traditional\proc\p18f87k22.asm
                   RCSTA2   0x000f22       data     extern E:\3.46\pic18-lt\cxx-framework\src\traditional\proc\p18f87k22.asm
               RCSTA2bits   0x000f22       data     extern E:\3.46\pic18-lt\cxx-framework\src\traditional\proc\p18f87k22.asm
                RCSTAbits   0x000fab       data     extern E:\3.46\pic18-lt\cxx-framework\src\traditional\proc\p18f87k22.asm
                  REFOCON   0x000f2a       data     extern E:\3.46\pic18-lt\cxx-framework\src\traditional\proc\p18f87k22.asm
              REFOCONbits   0x000f2a       data     extern E:\3.46\pic18-lt\cxx-framework\src\traditional\proc\p18f87k22.asm
                   RTCCAL   0x000f5e       data     extern E:\3.46\pic18-lt\cxx-framework\src\traditional\proc\p18f87k22.asm
               RTCCALbits   0x000f5e       data     extern E:\3.46\pic18-lt\cxx-framework\src\traditional\proc\p18f87k22.asm
                   RTCCFG   0x000f5f       data     extern E:\3.46\pic18-lt\cxx-framework\src\traditional\proc\p18f87k22.asm
               RTCCFGbits   0x000f5f       data     extern E:\3.46\pic18-lt\cxx-framework\src\traditional\proc\p18f87k22.asm
                   RTCVAL   0x000f5c       data     extern E:\3.46\pic18-lt\cxx-framework\src\traditional\proc\p18f87k22.asm
                  RTCVALH   0x000f5d       data     extern E:\3.46\pic18-lt\cxx-framework\src\traditional\proc\p18f87k22.asm
                  RTCVALL   0x000f5c       data     extern E:\3.46\pic18-lt\cxx-framework\src\traditional\proc\p18f87k22.asm
                     SIGN   0x000000       data     extern E:\3.46\pic18-lt\cxx-framework\src\traditional\math\cmath18.asm
                    SPBRG   0x000faf       data     extern E:\3.46\pic18-lt\cxx-framework\src\traditional\proc\p18f87k22.asm
                   SPBRG1   0x000faf       data     extern E:\3.46\pic18-lt\cxx-framework\src\traditional\proc\p18f87k22.asm
                   SPBRG2   0x000f1e       data     extern E:\3.46\pic18-lt\cxx-framework\src\traditional\proc\p18f87k22.asm
                  SPBRGH1   0x000fd4       data     extern E:\3.46\pic18-lt\cxx-framework\src\traditional\proc\p18f87k22.asm
                  SPBRGH2   0x000f1f       data     extern E:\3.46\pic18-lt\cxx-framework\src\traditional\proc\p18f87k22.asm
                  SSP1ADD   0x000fc8       data     extern E:\3.46\pic18-lt\cxx-framework\src\traditional\proc\p18f87k22.asm
                  SSP1BUF   0x000fc9       data     extern E:\3.46\pic18-lt\cxx-framework\src\traditional\proc\p18f87k22.asm
                 SSP1CON1   0x000fc6       data     extern E:\3.46\pic18-lt\cxx-framework\src\traditional\proc\p18f87k22.asm
             SSP1CON1bits   0x000fc6       data     extern E:\3.46\pic18-lt\cxx-framework\src\traditional\proc\p18f87k22.asm
                 SSP1CON2   0x000fc5       data     extern E:\3.46\pic18-lt\cxx-framework\src\traditional\proc\p18f87k22.asm
             SSP1CON2bits   0x000fc5       data     extern E:\3.46\pic18-lt\cxx-framework\src\traditional\proc\p18f87k22.asm
                  SSP1MSK   0x000fc8       data     extern E:\3.46\pic18-lt\cxx-framework\src\traditional\proc\p18f87k22.asm
              SSP1MSKbits   0x000fc8       data     extern E:\3.46\pic18-lt\cxx-framework\src\traditional\proc\p18f87k22.asm
                 SSP1STAT   0x000fc7       data     extern E:\3.46\pic18-lt\cxx-framework\src\traditional\proc\p18f87k22.asm
             SSP1STATbits   0x000fc7       data     extern E:\3.46\pic18-lt\cxx-framework\src\traditional\proc\p18f87k22.asm
                  SSP2ADD   0x000f69       data     extern E:\3.46\pic18-lt\cxx-framework\src\traditional\proc\p18f87k22.asm
                  SSP2BUF   0x000f6a       data     extern E:\3.46\pic18-lt\cxx-framework\src\traditional\proc\p18f87k22.asm
                 SSP2CON1   0x000f67       data     extern E:\3.46\pic18-lt\cxx-framework\src\traditional\proc\p18f87k22.asm
             SSP2CON1bits   0x000f67       data     extern E:\3.46\pic18-lt\cxx-framework\src\traditional\proc\p18f87k22.asm
                 SSP2CON2   0x000f66       data     extern E:\3.46\pic18-lt\cxx-framework\src\traditional\proc\p18f87k22.asm
             SSP2CON2bits   0x000f66       data     extern E:\3.46\pic18-lt\cxx-framework\src\traditional\proc\p18f87k22.asm
                  SSP2MSK   0x000f69       data     extern E:\3.46\pic18-lt\cxx-framework\src\traditional\proc\p18f87k22.asm
              SSP2MSKbits   0x000f69       data     extern E:\3.46\pic18-lt\cxx-framework\src\traditional\proc\p18f87k22.asm
                 SSP2STAT   0x000f68       data     extern E:\3.46\pic18-lt\cxx-framework\src\traditional\proc\p18f87k22.asm
             SSP2STATbits   0x000f68       data     extern E:\3.46\pic18-lt\cxx-framework\src\traditional\proc\p18f87k22.asm
                   SSPADD   0x000fc8       data     extern E:\3.46\pic18-lt\cxx-framework\src\traditional\proc\p18f87k22.asm
                   SSPBUF   0x000fc9       data     extern E:\3.46\pic18-lt\cxx-framework\src\traditional\proc\p18f87k22.asm
                  SSPCON1   0x000fc6       data     extern E:\3.46\pic18-lt\cxx-framework\src\traditional\proc\p18f87k22.asm
              SSPCON1bits   0x000fc6       data     extern E:\3.46\pic18-lt\cxx-framework\src\traditional\proc\p18f87k22.asm
                  SSPCON2   0x000fc5       data     extern E:\3.46\pic18-lt\cxx-framework\src\traditional\proc\p18f87k22.asm
              SSPCON2bits   0x000fc5       data     extern E:\3.46\pic18-lt\cxx-framework\src\traditional\proc\p18f87k22.asm
                  SSPSTAT   0x000fc7       data     extern E:\3.46\pic18-lt\cxx-framework\src\traditional\proc\p18f87k22.asm
              SSPSTATbits   0x000fc7       data     extern E:\3.46\pic18-lt\cxx-framework\src\traditional\proc\p18f87k22.asm
                   STATUS   0x000fd8       data     extern E:\3.46\pic18-lt\cxx-framework\src\traditional\proc\p18f87k22.asm
               STATUSbits   0x000fd8       data     extern E:\3.46\pic18-lt\cxx-framework\src\traditional\proc\p18f87k22.asm
                   STKPTR   0x000ffc       data     extern E:\3.46\pic18-lt\cxx-framework\src\traditional\proc\p18f87k22.asm
               STKPTRbits   0x000ffc       data     extern E:\3.46\pic18-lt\cxx-framework\src\traditional\proc\p18f87k22.asm
                    T0CON   0x000fd5       data     extern E:\3.46\pic18-lt\cxx-framework\src\traditional\proc\p18f87k22.asm
                T0CONbits   0x000fd5       data     extern E:\3.46\pic18-lt\cxx-framework\src\traditional\proc\p18f87k22.asm
                   T10CON   0x000f33       data     extern E:\3.46\pic18-lt\cxx-framework\src\traditional\proc\p18f87k22.asm
               T10CONbits   0x000f33       data     extern E:\3.46\pic18-lt\cxx-framework\src\traditional\proc\p18f87k22.asm
                   T12CON   0x000f30       data     extern E:\3.46\pic18-lt\cxx-framework\src\traditional\proc\p18f87k22.asm
               T12CONbits   0x000f30       data     extern E:\3.46\pic18-lt\cxx-framework\src\traditional\proc\p18f87k22.asm
                    T1CON   0x000fcd       data     extern E:\3.46\pic18-lt\cxx-framework\src\traditional\proc\p18f87k22.asm
                T1CONbits   0x000fcd       data     extern E:\3.46\pic18-lt\cxx-framework\src\traditional\proc\p18f87k22.asm
                   T1GCON   0x000faa       data     extern E:\3.46\pic18-lt\cxx-framework\src\traditional\proc\p18f87k22.asm
               T1GCONbits   0x000faa       data     extern E:\3.46\pic18-lt\cxx-framework\src\traditional\proc\p18f87k22.asm
                    T2CON   0x000fca       data     extern E:\3.46\pic18-lt\cxx-framework\src\traditional\proc\p18f87k22.asm
                T2CONbits   0x000fca       data     extern E:\3.46\pic18-lt\cxx-framework\src\traditional\proc\p18f87k22.asm
                    T3CON   0x000fb1       data     extern E:\3.46\pic18-lt\cxx-framework\src\traditional\proc\p18f87k22.asm
                T3CONbits   0x000fb1       data     extern E:\3.46\pic18-lt\cxx-framework\src\traditional\proc\p18f87k22.asm
                   T3GCON   0x000fb0       data     extern E:\3.46\pic18-lt\cxx-framework\src\traditional\proc\p18f87k22.asm
               T3GCONbits   0x000fb0       data     extern E:\3.46\pic18-lt\cxx-framework\src\traditional\proc\p18f87k22.asm
                    T4CON   0x000f6b       data     extern E:\3.46\pic18-lt\cxx-framework\src\traditional\proc\p18f87k22.asm
                T4CONbits   0x000f6b       data     extern E:\3.46\pic18-lt\cxx-framework\src\traditional\proc\p18f87k22.asm
                    T5CON   0x000f7b       data     extern E:\3.46\pic18-lt\cxx-framework\src\traditional\proc\p18f87k22.asm
                T5CONbits   0x000f7b       data     extern E:\3.46\pic18-lt\cxx-framework\src\traditional\proc\p18f87k22.asm
                   T5GCON   0x000f7a       data     extern E:\3.46\pic18-lt\cxx-framework\src\traditional\proc\p18f87k22.asm
               T5GCONbits   0x000f7a       data     extern E:\3.46\pic18-lt\cxx-framework\src\traditional\proc\p18f87k22.asm
                    T6CON   0x000f39       data     extern E:\3.46\pic18-lt\cxx-framework\src\traditional\proc\p18f87k22.asm
                T6CONbits   0x000f39       data     extern E:\3.46\pic18-lt\cxx-framework\src\traditional\proc\p18f87k22.asm
                    T7CON   0x000f3d       data     extern E:\3.46\pic18-lt\cxx-framework\src\traditional\proc\p18f87k22.asm
                T7CONbits   0x000f3d       data     extern E:\3.46\pic18-lt\cxx-framework\src\traditional\proc\p18f87k22.asm
                   T7GCON   0x000f3c       data     extern E:\3.46\pic18-lt\cxx-framework\src\traditional\proc\p18f87k22.asm
               T7GCONbits   0x000f3c       data     extern E:\3.46\pic18-lt\cxx-framework\src\traditional\proc\p18f87k22.asm
                    T8CON   0x000f36       data     extern E:\3.46\pic18-lt\cxx-framework\src\traditional\proc\p18f87k22.asm
                T8CONbits   0x000f36       data     extern E:\3.46\pic18-lt\cxx-framework\src\traditional\proc\p18f87k22.asm
                   TABLAT   0x000ff5       data     extern E:\3.46\pic18-lt\cxx-framework\src\traditional\proc\p18f87k22.asm
                   TBLPTR   0x000ff6       data     extern E:\3.46\pic18-lt\cxx-framework\src\traditional\proc\p18f87k22.asm
                  TBLPTRH   0x000ff7       data     extern E:\3.46\pic18-lt\cxx-framework\src\traditional\proc\p18f87k22.asm
                  TBLPTRL   0x000ff6       data     extern E:\3.46\pic18-lt\cxx-framework\src\traditional\proc\p18f87k22.asm
                  TBLPTRU   0x000ff8       data     extern E:\3.46\pic18-lt\cxx-framework\src\traditional\proc\p18f87k22.asm
                    TMR0H   0x000fd7       data     extern E:\3.46\pic18-lt\cxx-framework\src\traditional\proc\p18f87k22.asm
                    TMR0L   0x000fd6       data     extern E:\3.46\pic18-lt\cxx-framework\src\traditional\proc\p18f87k22.asm
                    TMR10   0x000f35       data     extern E:\3.46\pic18-lt\cxx-framework\src\traditional\proc\p18f87k22.asm
                    TMR12   0x000f32       data     extern E:\3.46\pic18-lt\cxx-framework\src\traditional\proc\p18f87k22.asm
                    TMR1H   0x000fcf       data     extern E:\3.46\pic18-lt\cxx-framework\src\traditional\proc\p18f87k22.asm
                    TMR1L   0x000fce       data     extern E:\3.46\pic18-lt\cxx-framework\src\traditional\proc\p18f87k22.asm
                     TMR2   0x000fcc       data     extern E:\3.46\pic18-lt\cxx-framework\src\traditional\proc\p18f87k22.asm
                    TMR3H   0x000fb3       data     extern E:\3.46\pic18-lt\cxx-framework\src\traditional\proc\p18f87k22.asm
                    TMR3L   0x000fb2       data     extern E:\3.46\pic18-lt\cxx-framework\src\traditional\proc\p18f87k22.asm
                     TMR4   0x000f6d       data     extern E:\3.46\pic18-lt\cxx-framework\src\traditional\proc\p18f87k22.asm
                    TMR5H   0x000f7d       data     extern E:\3.46\pic18-lt\cxx-framework\src\traditional\proc\p18f87k22.asm
                    TMR5L   0x000f7c       data     extern E:\3.46\pic18-lt\cxx-framework\src\traditional\proc\p18f87k22.asm
                     TMR6   0x000f3b       data     extern E:\3.46\pic18-lt\cxx-framework\src\traditional\proc\p18f87k22.asm
                    TMR7H   0x000f3f       data     extern E:\3.46\pic18-lt\cxx-framework\src\traditional\proc\p18f87k22.asm
                    TMR7L   0x000f3e       data     extern E:\3.46\pic18-lt\cxx-framework\src\traditional\proc\p18f87k22.asm
                     TMR8   0x000f38       data     extern E:\3.46\pic18-lt\cxx-framework\src\traditional\proc\p18f87k22.asm
                      TOS   0x000ffd       data     extern E:\3.46\pic18-lt\cxx-framework\src\traditional\proc\p18f87k22.asm
                     TOSH   0x000ffe       data     extern E:\3.46\pic18-lt\cxx-framework\src\traditional\proc\p18f87k22.asm
                     TOSL   0x000ffd       data     extern E:\3.46\pic18-lt\cxx-framework\src\traditional\proc\p18f87k22.asm
                     TOSU   0x000fff       data     extern E:\3.46\pic18-lt\cxx-framework\src\traditional\proc\p18f87k22.asm
                    TRISA   0x000f92       data     extern E:\3.46\pic18-lt\cxx-framework\src\traditional\proc\p18f87k22.asm
                TRISAbits   0x000f92       data     extern E:\3.46\pic18-lt\cxx-framework\src\traditional\proc\p18f87k22.asm
                    TRISB   0x000f93       data     extern E:\3.46\pic18-lt\cxx-framework\src\traditional\proc\p18f87k22.asm
                TRISBbits   0x000f93       data     extern E:\3.46\pic18-lt\cxx-framework\src\traditional\proc\p18f87k22.asm
                    TRISC   0x000f94       data     extern E:\3.46\pic18-lt\cxx-framework\src\traditional\proc\p18f87k22.asm
                TRISCbits   0x000f94       data     extern E:\3.46\pic18-lt\cxx-framework\src\traditional\proc\p18f87k22.asm
                    TRISD   0x000f95       data     extern E:\3.46\pic18-lt\cxx-framework\src\traditional\proc\p18f87k22.asm
                TRISDbits   0x000f95       data     extern E:\3.46\pic18-lt\cxx-framework\src\traditional\proc\p18f87k22.asm
                    TRISE   0x000f96       data     extern E:\3.46\pic18-lt\cxx-framework\src\traditional\proc\p18f87k22.asm
                TRISEbits   0x000f96       data     extern E:\3.46\pic18-lt\cxx-framework\src\traditional\proc\p18f87k22.asm
                    TRISF   0x000f97       data     extern E:\3.46\pic18-lt\cxx-framework\src\traditional\proc\p18f87k22.asm
                TRISFbits   0x000f97       data     extern E:\3.46\pic18-lt\cxx-framework\src\traditional\proc\p18f87k22.asm
                    TRISG   0x000f98       data     extern E:\3.46\pic18-lt\cxx-framework\src\traditional\proc\p18f87k22.asm
                TRISGbits   0x000f98       data     extern E:\3.46\pic18-lt\cxx-framework\src\traditional\proc\p18f87k22.asm
                    TRISH   0x000f99       data     extern E:\3.46\pic18-lt\cxx-framework\src\traditional\proc\p18f87k22.asm
                TRISHbits   0x000f99       data     extern E:\3.46\pic18-lt\cxx-framework\src\traditional\proc\p18f87k22.asm
                    TRISJ   0x000f9a       data     extern E:\3.46\pic18-lt\cxx-framework\src\traditional\proc\p18f87k22.asm
                TRISJbits   0x000f9a       data     extern E:\3.46\pic18-lt\cxx-framework\src\traditional\proc\p18f87k22.asm
                    TXREG   0x000fad       data     extern E:\3.46\pic18-lt\cxx-framework\src\traditional\proc\p18f87k22.asm
                   TXREG1   0x000fad       data     extern E:\3.46\pic18-lt\cxx-framework\src\traditional\proc\p18f87k22.asm
                   TXREG2   0x000f1c       data     extern E:\3.46\pic18-lt\cxx-framework\src\traditional\proc\p18f87k22.asm
                    TXSTA   0x000fac       data     extern E:\3.46\pic18-lt\cxx-framework\src\traditional\proc\p18f87k22.asm
                   TXSTA1   0x000fac       data     extern E:\3.46\pic18-lt\cxx-framework\src\traditional\proc\p18f87k22.asm
               TXSTA1bits   0x000fac       data     extern E:\3.46\pic18-lt\cxx-framework\src\traditional\proc\p18f87k22.asm
                   TXSTA2   0x000f21       data     extern E:\3.46\pic18-lt\cxx-framework\src\traditional\proc\p18f87k22.asm
               TXSTA2bits   0x000f21       data     extern E:\3.46\pic18-lt\cxx-framework\src\traditional\proc\p18f87k22.asm
                TXSTAbits   0x000fac       data     extern E:\3.46\pic18-lt\cxx-framework\src\traditional\proc\p18f87k22.asm
                   WDTCON   0x000fd1       data     extern E:\3.46\pic18-lt\cxx-framework\src\traditional\proc\p18f87k22.asm
               WDTCONbits   0x000fd1       data     extern E:\3.46\pic18-lt\cxx-framework\src\traditional\proc\p18f87k22.asm
                     WREG   0x000fe8       data     extern E:\3.46\pic18-lt\cxx-framework\src\traditional\proc\p18f87k22.asm
                __FPFLAGS   0x000001       data     extern E:\3.46\pic18-lt\cxx-framework\src\traditional\math\cmath18.asm
            __FPFLAGSbits   0x000001       data     extern E:\3.46\pic18-lt\cxx-framework\src\traditional\math\cmath18.asm
                  __tmp_0   0x000002       data     static C:\Users\nickm\Documents\CU-Boulder Senior Year\ASEN 4419\Final Project\PONG_project.X\GLCD_Test.c
                  __tmp_0   0x000002       data     static C:\Users\nickm\Documents\CU-Boulder Senior Year\ASEN 4419\Final Project\PONG_project.X\GLCDroutinesEasyPic.c
                curr_byte   0x000f03       data     static E:\3.46\pic18-lt\cxx-framework\src\traditional\startup\c018i.c
               curr_entry   0x000f05       data     static E:\3.46\pic18-lt\cxx-framework\src\traditional\startup\c018i.c
                 data_ptr   0x000f07       data     static E:\3.46\pic18-lt\cxx-framework\src\traditional\startup\c018i.c
                     prom   0x000f00       data     static E:\3.46\pic18-lt\cxx-framework\src\traditional\startup\c018i.c



                              Symbols - Sorted by Address
                     Name    Address   Location    Storage File                     
                ---------  ---------  ---------  --------- ---------                
                   _entry   0x000000    program     extern E:\3.46\pic18-lt\cxx-framework\src\traditional\startup\c018i.c
       ___return_lbl00000   0x000004    program     static                          
                   __init   0x000006    program     extern E:\3.46\pic18-lt\cxx-framework\src\traditional\stdclib\__init.c
             atHighVector   0x000008    program     extern C:\Users\nickm\Documents\CU-Boulder Senior Year\ASEN 4419\Final Project\PONG_project.X\GLCD_Test.c
       ___return_lbl00000   0x00000c    program     static                          
              atLowVector   0x000018    program     extern C:\Users\nickm\Documents\CU-Boulder Senior Year\ASEN 4419\Final Project\PONG_project.X\GLCD_Test.c
       ___return_lbl00001   0x00001c    program     static                          
                WriteData   0x000038    program     extern C:\Users\nickm\Documents\CU-Boulder Senior Year\ASEN 4419\Final Project\PONG_project.X\GLCDroutinesEasyPic.c
       ___return_lbl00000   0x000054    program     static                          
                   Enable   0x00005c    program     extern C:\Users\nickm\Documents\CU-Boulder Senior Year\ASEN 4419\Final Project\PONG_project.X\GLCDroutinesEasyPic.c
                 InitGLCD   0x000076    program     extern C:\Users\nickm\Documents\CU-Boulder Senior Year\ASEN 4419\Final Project\PONG_project.X\GLCDroutinesEasyPic.c
                SetColumn   0x00008c    program     extern C:\Users\nickm\Documents\CU-Boulder Senior Year\ASEN 4419\Final Project\PONG_project.X\GLCDroutinesEasyPic.c
                  SetPage   0x0000de    program     extern C:\Users\nickm\Documents\CU-Boulder Senior Year\ASEN 4419\Final Project\PONG_project.X\GLCDroutinesEasyPic.c
                SetCursor   0x000110    program     extern C:\Users\nickm\Documents\CU-Boulder Senior Year\ASEN 4419\Final Project\PONG_project.X\GLCDroutinesEasyPic.c
                ClearLine   0x000134    program     extern C:\Users\nickm\Documents\CU-Boulder Senior Year\ASEN 4419\Final Project\PONG_project.X\GLCDroutinesEasyPic.c
                ClearGLCD   0x0001b2    program     extern C:\Users\nickm\Documents\CU-Boulder Senior Year\ASEN 4419\Final Project\PONG_project.X\GLCDroutinesEasyPic.c
                     main   0x0001ec    program     extern C:\Users\nickm\Documents\CU-Boulder Senior Year\ASEN 4419\Final Project\PONG_project.X\GLCD_Test.c
                  Initial   0x0001fe    program     extern C:\Users\nickm\Documents\CU-Boulder Senior Year\ASEN 4419\Final Project\PONG_project.X\GLCD_Test.c
                 HiPriISR   0x0002a4    program     extern C:\Users\nickm\Documents\CU-Boulder Senior Year\ASEN 4419\Final Project\PONG_project.X\GLCD_Test.c
                 LoPriISR   0x0002b2    program     extern C:\Users\nickm\Documents\CU-Boulder Senior Year\ASEN 4419\Final Project\PONG_project.X\GLCD_Test.c
              TMR0handler   0x000360    program     extern C:\Users\nickm\Documents\CU-Boulder Senior Year\ASEN 4419\Final Project\PONG_project.X\GLCD_Test.c
                _do_cinit   0x00036e    program     extern E:\3.46\pic18-lt\cxx-framework\src\traditional\startup\c018i.c
                     test   0x000388    program     static                          
                copy_loop   0x0003e0    program     static                          
            copy_one_byte   0x0003e6    program     static                          
             done_copying   0x0003f4    program     static                          
                     done   0x00040a    program     static                          
       ___return_lbl00002   0x00040a    program     static                          
            __zero_memory   0x00040c    program     extern E:\3.46\pic18-lt\cxx-framework\src\traditional\proc\p18f87k22.asm
               zero_block   0x00041a    program     static E:\3.46\pic18-lt\cxx-framework\src\traditional\proc\p18f87k22.asm
                   loop_h   0x00041a    program     static E:\3.46\pic18-lt\cxx-framework\src\traditional\proc\p18f87k22.asm
                compare_l   0x000422    program     static E:\3.46\pic18-lt\cxx-framework\src\traditional\proc\p18f87k22.asm
                   loop_l   0x000424    program     static E:\3.46\pic18-lt\cxx-framework\src\traditional\proc\p18f87k22.asm
                 _startup   0x00042c    program     extern E:\3.46\pic18-lt\cxx-framework\src\traditional\startup\c018i.c
                     loop   0x00043c    program     static                          
       ___return_lbl00001   0x000446    program     static                          
              Delay10TCYx   0x000448    program     extern E:\3.46\pic18-lt\cxx-framework\src\traditional\delays\d10tcyx.asm
                     D10x   0x000450    program     static E:\3.46\pic18-lt\cxx-framework\src\traditional\delays\d10tcyx.asm
        _D10TCYXCODE_000A   0x000452    program     static E:\3.46\pic18-lt\cxx-framework\src\traditional\delays\d10tcyx.asm
        _D10TCYXCODE_000C   0x000454    program     static E:\3.46\pic18-lt\cxx-framework\src\traditional\delays\d10tcyx.asm
        _D10TCYXCODE_000E   0x000456    program     static E:\3.46\pic18-lt\cxx-framework\src\traditional\delays\d10tcyx.asm
                    D10_1   0x000458    program     static E:\3.46\pic18-lt\cxx-framework\src\traditional\delays\d10tcyx.asm
               __config_0   0x300000    program     static C:\Users\nickm\Documents\CU-Boulder Senior Year\ASEN 4419\Final Project\PONG_project.X\GLCD_Test.c
               __config_1   0x300001    program     static C:\Users\nickm\Documents\CU-Boulder Senior Year\ASEN 4419\Final Project\PONG_project.X\GLCD_Test.c
               __config_2   0x300002    program     static C:\Users\nickm\Documents\CU-Boulder Senior Year\ASEN 4419\Final Project\PONG_project.X\GLCD_Test.c
               __config_3   0x300003    program     static C:\Users\nickm\Documents\CU-Boulder Senior Year\ASEN 4419\Final Project\PONG_project.X\GLCD_Test.c
               __config_4   0x300005    program     static C:\Users\nickm\Documents\CU-Boulder Senior Year\ASEN 4419\Final Project\PONG_project.X\GLCD_Test.c
                     SIGN   0x000000       data     extern E:\3.46\pic18-lt\cxx-framework\src\traditional\math\cmath18.asm
            __FPFLAGSbits   0x000001       data     extern E:\3.46\pic18-lt\cxx-framework\src\traditional\math\cmath18.asm
                __FPFLAGS   0x000001       data     extern E:\3.46\pic18-lt\cxx-framework\src\traditional\math\cmath18.asm
                  __tmp_0   0x000002       data     static C:\Users\nickm\Documents\CU-Boulder Senior Year\ASEN 4419\Final Project\PONG_project.X\GLCDroutinesEasyPic.c
                  __tmp_0   0x000002       data     static C:\Users\nickm\Documents\CU-Boulder Senior Year\ASEN 4419\Final Project\PONG_project.X\GLCD_Test.c
                     prom   0x000f00       data     static E:\3.46\pic18-lt\cxx-framework\src\traditional\startup\c018i.c
                curr_byte   0x000f03       data     static E:\3.46\pic18-lt\cxx-framework\src\traditional\startup\c018i.c
               curr_entry   0x000f05       data     static E:\3.46\pic18-lt\cxx-framework\src\traditional\startup\c018i.c
                 data_ptr   0x000f07       data     static E:\3.46\pic18-lt\cxx-framework\src\traditional\startup\c018i.c
              Alive_count   0x000f0a       data     extern C:\Users\nickm\Documents\CU-Boulder Senior Year\ASEN 4419\Final Project\PONG_project.X\GLCD_Test.c
                        H   0x000f0c       data     extern C:\Users\nickm\Documents\CU-Boulder Senior Year\ASEN 4419\Final Project\PONG_project.X\GLCD_Test.c
        EnableDelayCount_   0x000f12       data     static C:\Users\nickm\Documents\CU-Boulder Senior Year\ASEN 4419\Final Project\PONG_project.X\GLCDroutinesEasyPic.c
          DataDelayCount_   0x000f13       data     static C:\Users\nickm\Documents\CU-Boulder Senior Year\ASEN 4419\Final Project\PONG_project.X\GLCDroutinesEasyPic.c
                 PMD3bits   0x000f16       data     extern E:\3.46\pic18-lt\cxx-framework\src\traditional\proc\p18f87k22.asm
                     PMD3   0x000f16       data     extern E:\3.46\pic18-lt\cxx-framework\src\traditional\proc\p18f87k22.asm
                     PMD2   0x000f17       data     extern E:\3.46\pic18-lt\cxx-framework\src\traditional\proc\p18f87k22.asm
                 PMD2bits   0x000f17       data     extern E:\3.46\pic18-lt\cxx-framework\src\traditional\proc\p18f87k22.asm
                 PMD1bits   0x000f18       data     extern E:\3.46\pic18-lt\cxx-framework\src\traditional\proc\p18f87k22.asm
                     PMD1   0x000f18       data     extern E:\3.46\pic18-lt\cxx-framework\src\traditional\proc\p18f87k22.asm
                 PMD0bits   0x000f19       data     extern E:\3.46\pic18-lt\cxx-framework\src\traditional\proc\p18f87k22.asm
                     PMD0   0x000f19       data     extern E:\3.46\pic18-lt\cxx-framework\src\traditional\proc\p18f87k22.asm
             PSTR3CONbits   0x000f1a       data     extern E:\3.46\pic18-lt\cxx-framework\src\traditional\proc\p18f87k22.asm
                 PSTR3CON   0x000f1a       data     extern E:\3.46\pic18-lt\cxx-framework\src\traditional\proc\p18f87k22.asm
             PSTR2CONbits   0x000f1b       data     extern E:\3.46\pic18-lt\cxx-framework\src\traditional\proc\p18f87k22.asm
                 PSTR2CON   0x000f1b       data     extern E:\3.46\pic18-lt\cxx-framework\src\traditional\proc\p18f87k22.asm
                   TXREG2   0x000f1c       data     extern E:\3.46\pic18-lt\cxx-framework\src\traditional\proc\p18f87k22.asm
                   RCREG2   0x000f1d       data     extern E:\3.46\pic18-lt\cxx-framework\src\traditional\proc\p18f87k22.asm
                   SPBRG2   0x000f1e       data     extern E:\3.46\pic18-lt\cxx-framework\src\traditional\proc\p18f87k22.asm
                  SPBRGH2   0x000f1f       data     extern E:\3.46\pic18-lt\cxx-framework\src\traditional\proc\p18f87k22.asm
                 BAUDCON2   0x000f20       data     extern E:\3.46\pic18-lt\cxx-framework\src\traditional\proc\p18f87k22.asm
             BAUDCON2bits   0x000f20       data     extern E:\3.46\pic18-lt\cxx-framework\src\traditional\proc\p18f87k22.asm
                   TXSTA2   0x000f21       data     extern E:\3.46\pic18-lt\cxx-framework\src\traditional\proc\p18f87k22.asm
               TXSTA2bits   0x000f21       data     extern E:\3.46\pic18-lt\cxx-framework\src\traditional\proc\p18f87k22.asm
                   RCSTA2   0x000f22       data     extern E:\3.46\pic18-lt\cxx-framework\src\traditional\proc\p18f87k22.asm
               RCSTA2bits   0x000f22       data     extern E:\3.46\pic18-lt\cxx-framework\src\traditional\proc\p18f87k22.asm
               ANCON2bits   0x000f23       data     extern E:\3.46\pic18-lt\cxx-framework\src\traditional\proc\p18f87k22.asm
                   ANCON2   0x000f23       data     extern E:\3.46\pic18-lt\cxx-framework\src\traditional\proc\p18f87k22.asm
               ANCON1bits   0x000f24       data     extern E:\3.46\pic18-lt\cxx-framework\src\traditional\proc\p18f87k22.asm
                   ANCON1   0x000f24       data     extern E:\3.46\pic18-lt\cxx-framework\src\traditional\proc\p18f87k22.asm
                   ANCON0   0x000f25       data     extern E:\3.46\pic18-lt\cxx-framework\src\traditional\proc\p18f87k22.asm
               ANCON0bits   0x000f25       data     extern E:\3.46\pic18-lt\cxx-framework\src\traditional\proc\p18f87k22.asm
                   MEMCON   0x000f26       data     extern E:\3.46\pic18-lt\cxx-framework\src\traditional\proc\p18f87k22.asm
               MEMCONbits   0x000f26       data     extern E:\3.46\pic18-lt\cxx-framework\src\traditional\proc\p18f87k22.asm
               ODCON3bits   0x000f27       data     extern E:\3.46\pic18-lt\cxx-framework\src\traditional\proc\p18f87k22.asm
                   ODCON3   0x000f27       data     extern E:\3.46\pic18-lt\cxx-framework\src\traditional\proc\p18f87k22.asm
               ODCON2bits   0x000f28       data     extern E:\3.46\pic18-lt\cxx-framework\src\traditional\proc\p18f87k22.asm
                   ODCON2   0x000f28       data     extern E:\3.46\pic18-lt\cxx-framework\src\traditional\proc\p18f87k22.asm
                   ODCON1   0x000f29       data     extern E:\3.46\pic18-lt\cxx-framework\src\traditional\proc\p18f87k22.asm
               ODCON1bits   0x000f29       data     extern E:\3.46\pic18-lt\cxx-framework\src\traditional\proc\p18f87k22.asm
              REFOCONbits   0x000f2a       data     extern E:\3.46\pic18-lt\cxx-framework\src\traditional\proc\p18f87k22.asm
                  REFOCON   0x000f2a       data     extern E:\3.46\pic18-lt\cxx-framework\src\traditional\proc\p18f87k22.asm
                 CCPTMRS2   0x000f2b       data     extern E:\3.46\pic18-lt\cxx-framework\src\traditional\proc\p18f87k22.asm
             CCPTMRS2bits   0x000f2b       data     extern E:\3.46\pic18-lt\cxx-framework\src\traditional\proc\p18f87k22.asm
                 CCPTMRS1   0x000f2c       data     extern E:\3.46\pic18-lt\cxx-framework\src\traditional\proc\p18f87k22.asm
             CCPTMRS1bits   0x000f2c       data     extern E:\3.46\pic18-lt\cxx-framework\src\traditional\proc\p18f87k22.asm
                 CCPTMRS0   0x000f2d       data     extern E:\3.46\pic18-lt\cxx-framework\src\traditional\proc\p18f87k22.asm
             CCPTMRS0bits   0x000f2d       data     extern E:\3.46\pic18-lt\cxx-framework\src\traditional\proc\p18f87k22.asm
               CM3CONbits   0x000f2e       data     extern E:\3.46\pic18-lt\cxx-framework\src\traditional\proc\p18f87k22.asm
              CM3CON1bits   0x000f2e       data     extern E:\3.46\pic18-lt\cxx-framework\src\traditional\proc\p18f87k22.asm
                  CM3CON1   0x000f2e       data     extern E:\3.46\pic18-lt\cxx-framework\src\traditional\proc\p18f87k22.asm
                   CM3CON   0x000f2e       data     extern E:\3.46\pic18-lt\cxx-framework\src\traditional\proc\p18f87k22.asm
[...]
                     PIR6   0x000fa6       data     extern E:\3.46\pic18-lt\cxx-framework\src\traditional\proc\p18f87k22.asm
                   PSPCON   0x000fa7       data     extern E:\3.46\pic18-lt\cxx-framework\src\traditional\proc\p18f87k22.asm
               PSPCONbits   0x000fa7       data     extern E:\3.46\pic18-lt\cxx-framework\src\traditional\proc\p18f87k22.asm
                  HLVDCON   0x000fa8       data     extern E:\3.46\pic18-lt\cxx-framework\src\traditional\proc\p18f87k22.asm
              HLVDCONbits   0x000fa8       data     extern E:\3.46\pic18-lt\cxx-framework\src\traditional\proc\p18f87k22.asm
                     IPR6   0x000fa9       data     extern E:\3.46\pic18-lt\cxx-framework\src\traditional\proc\p18f87k22.asm
                 IPR6bits   0x000fa9       data     extern E:\3.46\pic18-lt\cxx-framework\src\traditional\proc\p18f87k22.asm
                   T1GCON   0x000faa       data     extern E:\3.46\pic18-lt\cxx-framework\src\traditional\proc\p18f87k22.asm
               T1GCONbits   0x000faa       data     extern E:\3.46\pic18-lt\cxx-framework\src\traditional\proc\p18f87k22.asm
                RCSTAbits   0x000fab       data     extern E:\3.46\pic18-lt\cxx-framework\src\traditional\proc\p18f87k22.asm
               RCSTA1bits   0x000fab       data     extern E:\3.46\pic18-lt\cxx-framework\src\traditional\proc\p18f87k22.asm
                   RCSTA1   0x000fab       data     extern E:\3.46\pic18-lt\cxx-framework\src\traditional\proc\p18f87k22.asm
                    RCSTA   0x000fab       data     extern E:\3.46\pic18-lt\cxx-framework\src\traditional\proc\p18f87k22.asm
                TXSTAbits   0x000fac       data     extern E:\3.46\pic18-lt\cxx-framework\src\traditional\proc\p18f87k22.asm
               TXSTA1bits   0x000fac       data     extern E:\3.46\pic18-lt\cxx-framework\src\traditional\proc\p18f87k22.asm
                   TXSTA1   0x000fac       data     extern E:\3.46\pic18-lt\cxx-framework\src\traditional\proc\p18f87k22.asm
                    TXSTA   0x000fac       data     extern E:\3.46\pic18-lt\cxx-framework\src\traditional\proc\p18f87k22.asm
                    TXREG   0x000fad       data     extern E:\3.46\pic18-lt\cxx-framework\src\traditional\proc\p18f87k22.asm
                   TXREG1   0x000fad       data     extern E:\3.46\pic18-lt\cxx-framework\src\traditional\proc\p18f87k22.asm
                    RCREG   0x000fae       data     extern E:\3.46\pic18-lt\cxx-framework\src\traditional\proc\p18f87k22.asm
                   RCREG1   0x000fae       data     extern E:\3.46\pic18-lt\cxx-framework\src\traditional\proc\p18f87k22.asm
                    SPBRG   0x000faf       data     extern E:\3.46\pic18-lt\cxx-framework\src\traditional\proc\p18f87k22.asm
                   SPBRG1   0x000faf       data     extern E:\3.46\pic18-lt\cxx-framework\src\traditional\proc\p18f87k22.asm
               T3GCONbits   0x000fb0       data     extern E:\3.46\pic18-lt\cxx-framework\src\traditional\proc\p18f87k22.asm
                   T3GCON   0x000fb0       data     extern E:\3.46\pic18-lt\cxx-framework\src\traditional\proc\p18f87k22.asm
                T3CONbits   0x000fb1       data     extern E:\3.46\pic18-lt\cxx-framework\src\traditional\proc\p18f87k22.asm
                    T3CON   0x000fb1       data     extern E:\3.46\pic18-lt\cxx-framework\src\traditional\proc\p18f87k22.asm
                    TMR3L   0x000fb2       data     extern E:\3.46\pic18-lt\cxx-framework\src\traditional\proc\p18f87k22.asm
                    TMR3H   0x000fb3       data     extern E:\3.46\pic18-lt\cxx-framework\src\traditional\proc\p18f87k22.asm
               CMSTATbits   0x000fb4       data     extern E:\3.46\pic18-lt\cxx-framework\src\traditional\proc\p18f87k22.asm
             CMSTATUSbits   0x000fb4       data     extern E:\3.46\pic18-lt\cxx-framework\src\traditional\proc\p18f87k22.asm
                 CMSTATUS   0x000fb4       data     extern E:\3.46\pic18-lt\cxx-framework\src\traditional\proc\p18f87k22.asm
                   CMSTAT   0x000fb4       data     extern E:\3.46\pic18-lt\cxx-framework\src\traditional\proc\p18f87k22.asm
                   CVRCON   0x000fb5       data     extern E:\3.46\pic18-lt\cxx-framework\src\traditional\proc\p18f87k22.asm
               CVRCONbits   0x000fb5       data     extern E:\3.46\pic18-lt\cxx-framework\src\traditional\proc\p18f87k22.asm
                     PIE4   0x000fb6       data     extern E:\3.46\pic18-lt\cxx-framework\src\traditional\proc\p18f87k22.asm
                 PIE4bits   0x000fb6       data     extern E:\3.46\pic18-lt\cxx-framework\src\traditional\proc\p18f87k22.asm
                     PIR4   0x000fb7       data     extern E:\3.46\pic18-lt\cxx-framework\src\traditional\proc\p18f87k22.asm
                 PIR4bits   0x000fb7       data     extern E:\3.46\pic18-lt\cxx-framework\src\traditional\proc\p18f87k22.asm
                     IPR4   0x000fb8       data     extern E:\3.46\pic18-lt\cxx-framework\src\traditional\proc\p18f87k22.asm
                 IPR4bits   0x000fb8       data     extern E:\3.46\pic18-lt\cxx-framework\src\traditional\proc\p18f87k22.asm
                     PIE5   0x000fb9       data     extern E:\3.46\pic18-lt\cxx-framework\src\traditional\proc\p18f87k22.asm
                 PIE5bits   0x000fb9       data     extern E:\3.46\pic18-lt\cxx-framework\src\traditional\proc\p18f87k22.asm
                     PIR5   0x000fba       data     extern E:\3.46\pic18-lt\cxx-framework\src\traditional\proc\p18f87k22.asm
                 PIR5bits   0x000fba       data     extern E:\3.46\pic18-lt\cxx-framework\src\traditional\proc\p18f87k22.asm
                  CCP1CON   0x000fbb       data     extern E:\3.46\pic18-lt\cxx-framework\src\traditional\proc\p18f87k22.asm
              CCP1CONbits   0x000fbb       data     extern E:\3.46\pic18-lt\cxx-framework\src\traditional\proc\p18f87k22.asm
             ECCP1CONbits   0x000fbb       data     extern E:\3.46\pic18-lt\cxx-framework\src\traditional\proc\p18f87k22.asm
                 ECCP1CON   0x000fbb       data     extern E:\3.46\pic18-lt\cxx-framework\src\traditional\proc\p18f87k22.asm
                    CCPR1   0x000fbc       data     extern E:\3.46\pic18-lt\cxx-framework\src\traditional\proc\p18f87k22.asm
                   CCPR1L   0x000fbc       data     extern E:\3.46\pic18-lt\cxx-framework\src\traditional\proc\p18f87k22.asm
                   CCPR1H   0x000fbd       data     extern E:\3.46\pic18-lt\cxx-framework\src\traditional\proc\p18f87k22.asm
                  PWM1CON   0x000fbe       data     extern E:\3.46\pic18-lt\cxx-framework\src\traditional\proc\p18f87k22.asm
              PWM1CONbits   0x000fbe       data     extern E:\3.46\pic18-lt\cxx-framework\src\traditional\proc\p18f87k22.asm
             ECCP1DELbits   0x000fbe       data     extern E:\3.46\pic18-lt\cxx-framework\src\traditional\proc\p18f87k22.asm
                 ECCP1DEL   0x000fbe       data     extern E:\3.46\pic18-lt\cxx-framework\src\traditional\proc\p18f87k22.asm
                  ECCP1AS   0x000fbf       data     extern E:\3.46\pic18-lt\cxx-framework\src\traditional\proc\p18f87k22.asm
              ECCP1ASbits   0x000fbf       data     extern E:\3.46\pic18-lt\cxx-framework\src\traditional\proc\p18f87k22.asm
               ADCON2bits   0x000fc0       data     extern E:\3.46\pic18-lt\cxx-framework\src\traditional\proc\p18f87k22.asm
                   ADCON2   0x000fc0       data     extern E:\3.46\pic18-lt\cxx-framework\src\traditional\proc\p18f87k22.asm
               ADCON1bits   0x000fc1       data     extern E:\3.46\pic18-lt\cxx-framework\src\traditional\proc\p18f87k22.asm
                   ADCON1   0x000fc1       data     extern E:\3.46\pic18-lt\cxx-framework\src\traditional\proc\p18f87k22.asm
               ADCON0bits   0x000fc2       data     extern E:\3.46\pic18-lt\cxx-framework\src\traditional\proc\p18f87k22.asm
                   ADCON0   0x000fc2       data     extern E:\3.46\pic18-lt\cxx-framework\src\traditional\proc\p18f87k22.asm
                   ADRESL   0x000fc3       data     extern E:\3.46\pic18-lt\cxx-framework\src\traditional\proc\p18f87k22.asm
                    ADRES   0x000fc3       data     extern E:\3.46\pic18-lt\cxx-framework\src\traditional\proc\p18f87k22.asm
                   ADRESH   0x000fc4       data     extern E:\3.46\pic18-lt\cxx-framework\src\traditional\proc\p18f87k22.asm
             SSP1CON2bits   0x000fc5       data     extern E:\3.46\pic18-lt\cxx-framework\src\traditional\proc\p18f87k22.asm
                 SSP1CON2   0x000fc5       data     extern E:\3.46\pic18-lt\cxx-framework\src\traditional\proc\p18f87k22.asm
                  SSPCON2   0x000fc5       data     extern E:\3.46\pic18-lt\cxx-framework\src\traditional\proc\p18f87k22.asm
              SSPCON2bits   0x000fc5       data     extern E:\3.46\pic18-lt\cxx-framework\src\traditional\proc\p18f87k22.asm
                 SSP1CON1   0x000fc6       data     extern E:\3.46\pic18-lt\cxx-framework\src\traditional\proc\p18f87k22.asm
             SSP1CON1bits   0x000fc6       data     extern E:\3.46\pic18-lt\cxx-framework\src\traditional\proc\p18f87k22.asm
                  SSPCON1   0x000fc6       data     extern E:\3.46\pic18-lt\cxx-framework\src\traditional\proc\p18f87k22.asm
              SSPCON1bits   0x000fc6       data     extern E:\3.46\pic18-lt\cxx-framework\src\traditional\proc\p18f87k22.asm
                  SSPSTAT   0x000fc7       data     extern E:\3.46\pic18-lt\cxx-framework\src\traditional\proc\p18f87k22.asm
              SSPSTATbits   0x000fc7       data     extern E:\3.46\pic18-lt\cxx-framework\src\traditional\proc\p18f87k22.asm
             SSP1STATbits   0x000fc7       data     extern E:\3.46\pic18-lt\cxx-framework\src\traditional\proc\p18f87k22.asm
                 SSP1STAT   0x000fc7       data     extern E:\3.46\pic18-lt\cxx-framework\src\traditional\proc\p18f87k22.asm
                  SSP1ADD   0x000fc8       data     extern E:\3.46\pic18-lt\cxx-framework\src\traditional\proc\p18f87k22.asm
                   SSPADD   0x000fc8       data     extern E:\3.46\pic18-lt\cxx-framework\src\traditional\proc\p18f87k22.asm
              SSP1MSKbits   0x000fc8       data     extern E:\3.46\pic18-lt\cxx-framework\src\traditional\proc\p18f87k22.asm
                  SSP1MSK   0x000fc8       data     extern E:\3.46\pic18-lt\cxx-framework\src\traditional\proc\p18f87k22.asm
                   SSPBUF   0x000fc9       data     extern E:\3.46\pic18-lt\cxx-framework\src\traditional\proc\p18f87k22.asm
                  SSP1BUF   0x000fc9       data     extern E:\3.46\pic18-lt\cxx-framework\src\traditional\proc\p18f87k22.asm
                    T2CON   0x000fca       data     extern E:\3.46\pic18-lt\cxx-framework\src\traditional\proc\p18f87k22.asm
                T2CONbits   0x000fca       data     extern E:\3.46\pic18-lt\cxx-framework\src\traditional\proc\p18f87k22.asm
                      PR2   0x000fcb       data     extern E:\3.46\pic18-lt\cxx-framework\src\traditional\proc\p18f87k22.asm
                     TMR2   0x000fcc       data     extern E:\3.46\pic18-lt\cxx-framework\src\traditional\proc\p18f87k22.asm
                    T1CON   0x000fcd       data     extern E:\3.46\pic18-lt\cxx-framework\src\traditional\proc\p18f87k22.asm
                T1CONbits   0x000fcd       data     extern E:\3.46\pic18-lt\cxx-framework\src\traditional\proc\p18f87k22.asm
                    TMR1L   0x000fce       data     extern E:\3.46\pic18-lt\cxx-framework\src\traditional\proc\p18f87k22.asm
                    TMR1H   0x000fcf       data     extern E:\3.46\pic18-lt\cxx-framework\src\traditional\proc\p18f87k22.asm
                 RCONbits   0x000fd0       data     extern E:\3.46\pic18-lt\cxx-framework\src\traditional\proc\p18f87k22.asm
                     RCON   0x000fd0       data     extern E:\3.46\pic18-lt\cxx-framework\src\traditional\proc\p18f87k22.asm
                   WDTCON   0x000fd1       data     extern E:\3.46\pic18-lt\cxx-framework\src\traditional\proc\p18f87k22.asm
               WDTCONbits   0x000fd1       data     extern E:\3.46\pic18-lt\cxx-framework\src\traditional\proc\p18f87k22.asm
                 IPR5bits   0x000fd2       data     extern E:\3.46\pic18-lt\cxx-framework\src\traditional\proc\p18f87k22.asm
                     IPR5   0x000fd2       data     extern E:\3.46\pic18-lt\cxx-framework\src\traditional\proc\p18f87k22.asm
               OSCCONbits   0x000fd3       data     extern E:\3.46\pic18-lt\cxx-framework\src\traditional\proc\p18f87k22.asm
                   OSCCON   0x000fd3       data     extern E:\3.46\pic18-lt\cxx-framework\src\traditional\proc\p18f87k22.asm
                  SPBRGH1   0x000fd4       data     extern E:\3.46\pic18-lt\cxx-framework\src\traditional\proc\p18f87k22.asm
                    T0CON   0x000fd5       data     extern E:\3.46\pic18-lt\cxx-framework\src\traditional\proc\p18f87k22.asm
                T0CONbits   0x000fd5       data     extern E:\3.46\pic18-lt\cxx-framework\src\traditional\proc\p18f87k22.asm
                    TMR0L   0x000fd6       data     extern E:\3.46\pic18-lt\cxx-framework\src\traditional\proc\p18f87k22.asm
                    TMR0H   0x000fd7       data     extern E:\3.46\pic18-lt\cxx-framework\src\traditional\proc\p18f87k22.asm
                   STATUS   0x000fd8       data     extern E:\3.46\pic18-lt\cxx-framework\src\traditional\proc\p18f87k22.asm
               STATUSbits   0x000fd8       data     extern E:\3.46\pic18-lt\cxx-framework\src\traditional\proc\p18f87k22.asm
                     FSR2   0x000fd9       data     extern E:\3.46\pic18-lt\cxx-framework\src\traditional\proc\p18f87k22.asm
                    FSR2L   0x000fd9       data     extern E:\3.46\pic18-lt\cxx-framework\src\traditional\proc\p18f87k22.asm
                    FSR2H   0x000fda       data     extern E:\3.46\pic18-lt\cxx-framework\src\traditional\proc\p18f87k22.asm
                   PLUSW2   0x000fdb       data     extern E:\3.46\pic18-lt\cxx-framework\src\traditional\proc\p18f87k22.asm
                  PREINC2   0x000fdc       data     extern E:\3.46\pic18-lt\cxx-framework\src\traditional\proc\p18f87k22.asm
                 POSTDEC2   0x000fdd       data     extern E:\3.46\pic18-lt\cxx-framework\src\traditional\proc\p18f87k22.asm
                 POSTINC2   0x000fde       data     extern E:\3.46\pic18-lt\cxx-framework\src\traditional\proc\p18f87k22.asm
                    INDF2   0x000fdf       data     extern E:\3.46\pic18-lt\cxx-framework\src\traditional\proc\p18f87k22.asm
                      BSR   0x000fe0       data     extern E:\3.46\pic18-lt\cxx-framework\src\traditional\proc\p18f87k22.asm
                     FSR1   0x000fe1       data     extern E:\3.46\pic18-lt\cxx-framework\src\traditional\proc\p18f87k22.asm
                    FSR1L   0x000fe1       data     extern E:\3.46\pic18-lt\cxx-framework\src\traditional\proc\p18f87k22.asm
                    FSR1H   0x000fe2       data     extern E:\3.46\pic18-lt\cxx-framework\src\traditional\proc\p18f87k22.asm
                   PLUSW1   0x000fe3       data     extern E:\3.46\pic18-lt\cxx-framework\src\traditional\proc\p18f87k22.asm
                  PREINC1   0x000fe4       data     extern E:\3.46\pic18-lt\cxx-framework\src\traditional\proc\p18f87k22.asm
                 POSTDEC1   0x000fe5       data     extern E:\3.46\pic18-lt\cxx-framework\src\traditional\proc\p18f87k22.asm
                 POSTINC1   0x000fe6       data     extern E:\3.46\pic18-lt\cxx-framework\src\traditional\proc\p18f87k22.asm
                    INDF1   0x000fe7       data     extern E:\3.46\pic18-lt\cxx-framework\src\traditional\proc\p18f87k22.asm
                     WREG   0x000fe8       data     extern E:\3.46\pic18-lt\cxx-framework\src\traditional\proc\p18f87k22.asm
                    FSR0L   0x000fe9       data     extern E:\3.46\pic18-lt\cxx-framework\src\traditional\proc\p18f87k22.asm
                     FSR0   0x000fe9       data     extern E:\3.46\pic18-lt\cxx-framework\src\traditional\proc\p18f87k22.asm
                    FSR0H   0x000fea       data     extern E:\3.46\pic18-lt\cxx-framework\src\traditional\proc\p18f87k22.asm
                   PLUSW0   0x000feb       data     extern E:\3.46\pic18-lt\cxx-framework\src\traditional\proc\p18f87k22.asm
                  PREINC0   0x000fec       data     extern E:\3.46\pic18-lt\cxx-framework\src\traditional\proc\p18f87k22.asm
                 POSTDEC0   0x000fed       data     extern E:\3.46\pic18-lt\cxx-framework\src\traditional\proc\p18f87k22.asm
                 POSTINC0   0x000fee       data     extern E:\3.46\pic18-lt\cxx-framework\src\traditional\proc\p18f87k22.asm
                    INDF0   0x000fef       data     extern E:\3.46\pic18-lt\cxx-framework\src\traditional\proc\p18f87k22.asm
                  INTCON3   0x000ff0       data     extern E:\3.46\pic18-lt\cxx-framework\src\traditional\proc\p18f87k22.asm
              INTCON3bits   0x000ff0       data     extern E:\3.46\pic18-lt\cxx-framework\src\traditional\proc\p18f87k22.asm
              INTCON2bits   0x000ff1       data     extern E:\3.46\pic18-lt\cxx-framework\src\traditional\proc\p18f87k22.asm
                  INTCON2   0x000ff1       data     extern E:\3.46\pic18-lt\cxx-framework\src\traditional\proc\p18f87k22.asm
                   INTCON   0x000ff2       data     extern E:\3.46\pic18-lt\cxx-framework\src\traditional\proc\p18f87k22.asm
               INTCONbits   0x000ff2       data     extern E:\3.46\pic18-lt\cxx-framework\src\traditional\proc\p18f87k22.asm
                     PROD   0x000ff3       data     extern E:\3.46\pic18-lt\cxx-framework\src\traditional\proc\p18f87k22.asm
                    PRODL   0x000ff3       data     extern E:\3.46\pic18-lt\cxx-framework\src\traditional\proc\p18f87k22.asm
                    PRODH   0x000ff4       data     extern E:\3.46\pic18-lt\cxx-framework\src\traditional\proc\p18f87k22.asm
                   TABLAT   0x000ff5       data     extern E:\3.46\pic18-lt\cxx-framework\src\traditional\proc\p18f87k22.asm
                  TBLPTRL   0x000ff6       data     extern E:\3.46\pic18-lt\cxx-framework\src\traditional\proc\p18f87k22.asm
                   TBLPTR   0x000ff6       data     extern E:\3.46\pic18-lt\cxx-framework\src\traditional\proc\p18f87k22.asm
                  TBLPTRH   0x000ff7       data     extern E:\3.46\pic18-lt\cxx-framework\src\traditional\proc\p18f87k22.asm
                  TBLPTRU   0x000ff8       data     extern E:\3.46\pic18-lt\cxx-framework\src\traditional\proc\p18f87k22.asm
                       PC   0x000ff9       data     extern E:\3.46\pic18-lt\cxx-framework\src\traditional\proc\p18f87k22.asm
                      PCL   0x000ff9       data     extern E:\3.46\pic18-lt\cxx-framework\src\traditional\proc\p18f87k22.asm
                   PCLATH   0x000ffa       data     extern E:\3.46\pic18-lt\cxx-framework\src\traditional\proc\p18f87k22.asm
                   PCLATU   0x000ffb       data     extern E:\3.46\pic18-lt\cxx-framework\src\traditional\proc\p18f87k22.asm
                   STKPTR   0x000ffc       data     extern E:\3.46\pic18-lt\cxx-framework\src\traditional\proc\p18f87k22.asm
               STKPTRbits   0x000ffc       data     extern E:\3.46\pic18-lt\cxx-framework\src\traditional\proc\p18f87k22.asm
                     TOSL   0x000ffd       data     extern E:\3.46\pic18-lt\cxx-framework\src\traditional\proc\p18f87k22.asm
                      TOS   0x000ffd       data     extern E:\3.46\pic18-lt\cxx-framework\src\traditional\proc\p18f87k22.asm
                     TOSH   0x000ffe       data     extern E:\3.46\pic18-lt\cxx-framework\src\traditional\proc\p18f87k22.asm
                     TOSU   0x000fff       data     extern E:\3.46\pic18-lt\cxx-framework\src\traditional\proc\p18f87k22.asm


